Archive member included to satisfy reference by file (symbol)

c:/progra~2/armgnu~1/1213fb~1.2mp/bin/../lib/gcc/arm-none-eabi/12.2.0/thumb/v7e-m+fp/hard\libc_nano.a(libc_a-exit.o)
                              c:/progra~2/armgnu~1/1213fb~1.2mp/bin/../lib/gcc/arm-none-eabi/12.2.0/thumb/v7e-m+fp/hard/crt0.o (exit)
c:/progra~2/armgnu~1/1213fb~1.2mp/bin/../lib/gcc/arm-none-eabi/12.2.0/thumb/v7e-m+fp/hard\libc_nano.a(libc_a-findfp.o)
                              c:/progra~2/armgnu~1/1213fb~1.2mp/bin/../lib/gcc/arm-none-eabi/12.2.0/thumb/v7e-m+fp/hard\libc_nano.a(libc_a-exit.o) (__stdio_exit_handler)
c:/progra~2/armgnu~1/1213fb~1.2mp/bin/../lib/gcc/arm-none-eabi/12.2.0/thumb/v7e-m+fp/hard\libc_nano.a(libc_a-fwalk.o)
                              c:/progra~2/armgnu~1/1213fb~1.2mp/bin/../lib/gcc/arm-none-eabi/12.2.0/thumb/v7e-m+fp/hard\libc_nano.a(libc_a-findfp.o) (_fwalk_sglue)
c:/progra~2/armgnu~1/1213fb~1.2mp/bin/../lib/gcc/arm-none-eabi/12.2.0/thumb/v7e-m+fp/hard\libc_nano.a(libc_a-stdio.o)
                              c:/progra~2/armgnu~1/1213fb~1.2mp/bin/../lib/gcc/arm-none-eabi/12.2.0/thumb/v7e-m+fp/hard\libc_nano.a(libc_a-findfp.o) (__sread)
c:/progra~2/armgnu~1/1213fb~1.2mp/bin/../lib/gcc/arm-none-eabi/12.2.0/thumb/v7e-m+fp/hard\libc_nano.a(libc_a-memset.o)
                              c:/progra~2/armgnu~1/1213fb~1.2mp/bin/../lib/gcc/arm-none-eabi/12.2.0/thumb/v7e-m+fp/hard/crt0.o (memset)
c:/progra~2/armgnu~1/1213fb~1.2mp/bin/../lib/gcc/arm-none-eabi/12.2.0/thumb/v7e-m+fp/hard\libc_nano.a(libc_a-closer.o)
                              c:/progra~2/armgnu~1/1213fb~1.2mp/bin/../lib/gcc/arm-none-eabi/12.2.0/thumb/v7e-m+fp/hard\libc_nano.a(libc_a-stdio.o) (_close_r)
c:/progra~2/armgnu~1/1213fb~1.2mp/bin/../lib/gcc/arm-none-eabi/12.2.0/thumb/v7e-m+fp/hard\libc_nano.a(libc_a-reent.o)
                              c:/progra~2/armgnu~1/1213fb~1.2mp/bin/../lib/gcc/arm-none-eabi/12.2.0/thumb/v7e-m+fp/hard\libc_nano.a(libc_a-closer.o) (errno)
c:/progra~2/armgnu~1/1213fb~1.2mp/bin/../lib/gcc/arm-none-eabi/12.2.0/thumb/v7e-m+fp/hard\libc_nano.a(libc_a-impure.o)
                              c:/progra~2/armgnu~1/1213fb~1.2mp/bin/../lib/gcc/arm-none-eabi/12.2.0/thumb/v7e-m+fp/hard\libc_nano.a(libc_a-reent.o) (_impure_ptr)
c:/progra~2/armgnu~1/1213fb~1.2mp/bin/../lib/gcc/arm-none-eabi/12.2.0/thumb/v7e-m+fp/hard\libc_nano.a(libc_a-lseekr.o)
                              c:/progra~2/armgnu~1/1213fb~1.2mp/bin/../lib/gcc/arm-none-eabi/12.2.0/thumb/v7e-m+fp/hard\libc_nano.a(libc_a-stdio.o) (_lseek_r)
c:/progra~2/armgnu~1/1213fb~1.2mp/bin/../lib/gcc/arm-none-eabi/12.2.0/thumb/v7e-m+fp/hard\libc_nano.a(libc_a-readr.o)
                              c:/progra~2/armgnu~1/1213fb~1.2mp/bin/../lib/gcc/arm-none-eabi/12.2.0/thumb/v7e-m+fp/hard\libc_nano.a(libc_a-stdio.o) (_read_r)
c:/progra~2/armgnu~1/1213fb~1.2mp/bin/../lib/gcc/arm-none-eabi/12.2.0/thumb/v7e-m+fp/hard\libc_nano.a(libc_a-writer.o)
                              c:/progra~2/armgnu~1/1213fb~1.2mp/bin/../lib/gcc/arm-none-eabi/12.2.0/thumb/v7e-m+fp/hard\libc_nano.a(libc_a-stdio.o) (_write_r)
c:/progra~2/armgnu~1/1213fb~1.2mp/bin/../lib/gcc/arm-none-eabi/12.2.0/thumb/v7e-m+fp/hard\libc_nano.a(libc_a-init.o)
                              c:/progra~2/armgnu~1/1213fb~1.2mp/bin/../lib/gcc/arm-none-eabi/12.2.0/thumb/v7e-m+fp/hard/crt0.o (__libc_init_array)
c:/progra~2/armgnu~1/1213fb~1.2mp/bin/../lib/gcc/arm-none-eabi/12.2.0/thumb/v7e-m+fp/hard\libc_nano.a(libc_a-lock.o)
                              c:/progra~2/armgnu~1/1213fb~1.2mp/bin/../lib/gcc/arm-none-eabi/12.2.0/thumb/v7e-m+fp/hard\libc_nano.a(libc_a-findfp.o) (__retarget_lock_init_recursive)
c:/progra~2/armgnu~1/1213fb~1.2mp/bin/../lib/gcc/arm-none-eabi/12.2.0/thumb/v7e-m+fp/hard\libc_nano.a(libc_a-freer.o)
                              c:/progra~2/armgnu~1/1213fb~1.2mp/bin/../lib/gcc/arm-none-eabi/12.2.0/thumb/v7e-m+fp/hard\libc_nano.a(libc_a-reent.o) (_free_r)
c:/progra~2/armgnu~1/1213fb~1.2mp/bin/../lib/gcc/arm-none-eabi/12.2.0/thumb/v7e-m+fp/hard\libc_nano.a(libc_a-mallocr.o)
                              c:/progra~2/armgnu~1/1213fb~1.2mp/bin/../lib/gcc/arm-none-eabi/12.2.0/thumb/v7e-m+fp/hard\libc_nano.a(libc_a-findfp.o) (_malloc_r)
c:/progra~2/armgnu~1/1213fb~1.2mp/bin/../lib/gcc/arm-none-eabi/12.2.0/thumb/v7e-m+fp/hard\libc_nano.a(libc_a-mlock.o)
                              c:/progra~2/armgnu~1/1213fb~1.2mp/bin/../lib/gcc/arm-none-eabi/12.2.0/thumb/v7e-m+fp/hard\libc_nano.a(libc_a-freer.o) (__malloc_lock)
c:/progra~2/armgnu~1/1213fb~1.2mp/bin/../lib/gcc/arm-none-eabi/12.2.0/thumb/v7e-m+fp/hard\libc_nano.a(libc_a-fflush.o)
                              c:/progra~2/armgnu~1/1213fb~1.2mp/bin/../lib/gcc/arm-none-eabi/12.2.0/thumb/v7e-m+fp/hard\libc_nano.a(libc_a-findfp.o) (_fflush_r)
c:/progra~2/armgnu~1/1213fb~1.2mp/bin/../lib/gcc/arm-none-eabi/12.2.0/thumb/v7e-m+fp/hard\libc_nano.a(libc_a-sbrkr.o)
[...]
Memory Configuration

Name             Origin             Length             Attributes
RAM              0x20000000         0x00008000         xrw
FLASH            0x08000000         0x00020000         xr
*default*        0x00000000         0xffffffff

Linker script and memory map

LOAD c:/progra~2/armgnu~1/1213fb~1.2mp/bin/../lib/gcc/arm-none-eabi/12.2.0/thumb/v7e-m+fp/hard/crti.o
LOAD c:/progra~2/armgnu~1/1213fb~1.2mp/bin/../lib/gcc/arm-none-eabi/12.2.0/thumb/v7e-m+fp/hard/crtbegin.o
LOAD c:/progra~2/armgnu~1/1213fb~1.2mp/bin/../lib/gcc/arm-none-eabi/12.2.0/thumb/v7e-m+fp/hard/crt0.o
START GROUP
LOAD c:/progra~2/armgnu~1/1213fb~1.2mp/bin/../lib/gcc/arm-none-eabi/12.2.0/thumb/v7e-m+fp/hard\libc_nano.a
LOAD c:/progra~2/armgnu~1/1213fb~1.2mp/bin/../lib/gcc/arm-none-eabi/12.2.0/thumb/v7e-m+fp/hard\libm.a
END GROUP
LOAD CMakeFiles/amperemeter.dir/Application/GUI/MYGUI/mygui.c.obj
LOAD CMakeFiles/amperemeter.dir/Application/GUI/uGUI/ugui.c.obj
LOAD CMakeFiles/amperemeter.dir/Application/INA226/ina226.c.obj
LOAD CMakeFiles/amperemeter.dir/Application/LCD/st7735.c.obj
LOAD CMakeFiles/amperemeter.dir/Core/Src/main.c.obj
LOAD CMakeFiles/amperemeter.dir/Core/Src/gpio.c.obj
LOAD CMakeFiles/amperemeter.dir/Core/Src/dma.c.obj
LOAD CMakeFiles/amperemeter.dir/Core/Src/i2c.c.obj
LOAD CMakeFiles/amperemeter.dir/Core/Src/spi.c.obj
LOAD CMakeFiles/amperemeter.dir/Core/Src/tim.c.obj
LOAD CMakeFiles/amperemeter.dir/Core/Src/stm32g4xx_it.c.obj
LOAD CMakeFiles/amperemeter.dir/Core/Src/stm32g4xx_hal_msp.c.obj
LOAD CMakeFiles/amperemeter.dir/Drivers/STM32G4xx_HAL_Driver/Src/stm32g4xx_hal_i2c.c.obj
LOAD CMakeFiles/amperemeter.dir/Drivers/STM32G4xx_HAL_Driver/Src/stm32g4xx_hal_i2c_ex.c.obj
LOAD CMakeFiles/amperemeter.dir/Drivers/STM32G4xx_HAL_Driver/Src/stm32g4xx_hal.c.obj
LOAD CMakeFiles/amperemeter.dir/Drivers/STM32G4xx_HAL_Driver/Src/stm32g4xx_hal_rcc.c.obj
LOAD CMakeFiles/amperemeter.dir/Drivers/STM32G4xx_HAL_Driver/Src/stm32g4xx_hal_rcc_ex.c.obj
LOAD CMakeFiles/amperemeter.dir/Drivers/STM32G4xx_HAL_Driver/Src/stm32g4xx_hal_flash.c.obj
LOAD CMakeFiles/amperemeter.dir/Drivers/STM32G4xx_HAL_Driver/Src/stm32g4xx_hal_flash_ex.c.obj
LOAD CMakeFiles/amperemeter.dir/Drivers/STM32G4xx_HAL_Driver/Src/stm32g4xx_hal_flash_ramfunc.c.obj
LOAD CMakeFiles/amperemeter.dir/Drivers/STM32G4xx_HAL_Driver/Src/stm32g4xx_hal_gpio.c.obj
LOAD CMakeFiles/amperemeter.dir/Drivers/STM32G4xx_HAL_Driver/Src/stm32g4xx_hal_exti.c.obj
LOAD CMakeFiles/amperemeter.dir/Drivers/STM32G4xx_HAL_Driver/Src/stm32g4xx_hal_dma.c.obj
LOAD CMakeFiles/amperemeter.dir/Drivers/STM32G4xx_HAL_Driver/Src/stm32g4xx_hal_dma_ex.c.obj
LOAD CMakeFiles/amperemeter.dir/Drivers/STM32G4xx_HAL_Driver/Src/stm32g4xx_hal_pwr.c.obj
LOAD CMakeFiles/amperemeter.dir/Drivers/STM32G4xx_HAL_Driver/Src/stm32g4xx_hal_pwr_ex.c.obj
LOAD CMakeFiles/amperemeter.dir/Drivers/STM32G4xx_HAL_Driver/Src/stm32g4xx_hal_cortex.c.obj
LOAD CMakeFiles/amperemeter.dir/Drivers/STM32G4xx_HAL_Driver/Src/stm32g4xx_hal_spi.c.obj
LOAD CMakeFiles/amperemeter.dir/Drivers/STM32G4xx_HAL_Driver/Src/stm32g4xx_hal_spi_ex.c.obj
LOAD CMakeFiles/amperemeter.dir/Drivers/STM32G4xx_HAL_Driver/Src/stm32g4xx_hal_tim.c.obj
LOAD CMakeFiles/amperemeter.dir/Drivers/STM32G4xx_HAL_Driver/Src/stm32g4xx_hal_tim_ex.c.obj
LOAD CMakeFiles/amperemeter.dir/Core/Src/system_stm32g4xx.c.obj
LOAD CMakeFiles/amperemeter.dir/Core/Src/sysmem.c.obj
LOAD CMakeFiles/amperemeter.dir/Core/Src/syscalls.c.obj
LOAD CMakeFiles/amperemeter.dir/startup_stm32g431xx.s.obj
START GROUP
LOAD c:/progra~2/armgnu~1/1213fb~1.2mp/bin/../lib/gcc/arm-none-eabi/12.2.0/thumb/v7e-m+fp/hard\libgcc.a
LOAD c:/progra~2/armgnu~1/1213fb~1.2mp/bin/../lib/gcc/arm-none-eabi/12.2.0/thumb/v7e-m+fp/hard\libg_nano.a
LOAD c:/progra~2/armgnu~1/1213fb~1.2mp/bin/../lib/gcc/arm-none-eabi/12.2.0/thumb/v7e-m+fp/hard\libc_nano.a
END GROUP
START GROUP
LOAD c:/progra~2/armgnu~1/1213fb~1.2mp/bin/../lib/gcc/arm-none-eabi/12.2.0/thumb/v7e-m+fp/hard\libgcc.a
LOAD c:/progra~2/armgnu~1/1213fb~1.2mp/bin/../lib/gcc/arm-none-eabi/12.2.0/thumb/v7e-m+fp/hard\libc_nano.a
END GROUP
LOAD c:/progra~2/armgnu~1/1213fb~1.2mp/bin/../lib/gcc/arm-none-eabi/12.2.0/thumb/v7e-m+fp/hard/crtend.o
LOAD c:/progra~2/armgnu~1/1213fb~1.2mp/bin/../lib/gcc/arm-none-eabi/12.2.0/thumb/v7e-m+fp/hard/crtn.o
                0x20008000                        _estack = (ORIGIN (RAM) + LENGTH (RAM))
                0x00000200                        _Min_Heap_Size = 0x200
                0x00000400                        _Min_Stack_Size = 0x400

.isr_vector     0x08000000      0x1d8
                0x08000000                        . = ALIGN (0x4)
 *(.isr_vector)
 .isr_vector    0x08000000      0x1d8 CMakeFiles/amperemeter.dir/startup_stm32g431xx.s.obj
                0x08000000                g_pfnVectors
                0x080001d8                        . = ALIGN (0x4)

.text           0x080001e0     0xd0e0
                0x080001e0                        . = ALIGN (0x4)
 *(.text)
 .text          0x080001e0      0x378 c:/progra~2/armgnu~1/1213fb~1.2mp/bin/../lib/gcc/arm-none-eabi/12.2.0/thumb/v7e-m+fp/hard\libgcc.a(_arm_addsubdf3.o)
                0x080001e0                __aeabi_drsub
                0x080001e8                __aeabi_dsub
                0x080001e8                __subdf3
                0x080001ec                __aeabi_dadd
                0x080001ec                __adddf3
                0x08000464                __floatunsidf
                0x08000464                __aeabi_ui2d
                0x08000484                __floatsidf
                0x08000484                __aeabi_i2d
                0x080004a8                __aeabi_f2d
                0x080004a8                __extendsfdf2
                0x080004ec                __floatundidf
                0x080004ec                __aeabi_ul2d
                0x080004fc                __floatdidf
                0x080004fc                __aeabi_l2d
 *fill*         0x08000558        0x8 
 .text          0x08000560       0xa0 c:/progra~2/armgnu~1/1213fb~1.2mp/bin/../lib/gcc/arm-none-eabi/12.2.0/thumb/v7e-m+fp/hard\libg_nano.a(libc_a-memchr.o)
                0x08000560                memchr
 .text          0x08000600      0x424 c:/progra~2/armgnu~1/1213fb~1.2mp/bin/../lib/gcc/arm-none-eabi/12.2.0/thumb/v7e-m+fp/hard\libgcc.a(_arm_muldivdf3.o)
                0x08000600                __aeabi_dmul
                0x08000600                __muldf3
                0x08000854                __divdf3
                0x08000854                __aeabi_ddiv
 .text          0x08000a24      0x110 c:/progra~2/armgnu~1/1213fb~1.2mp/bin/../lib/gcc/arm-none-eabi/12.2.0/thumb/v7e-m+fp/hard\libgcc.a(_arm_cmpdf2.o)
                0x08000a24                __gtdf2
                0x08000a24                __gedf2
                0x08000a2c                __ltdf2
                0x08000a2c                __ledf2
                0x08000a34                __nedf2
                0x08000a34                __eqdf2
                0x08000a34                __cmpdf2
                0x08000ab0                __aeabi_cdrcmple
                0x08000ac0                __aeabi_cdcmpeq
                0x08000ac0                __aeabi_cdcmple
                0x08000ad0                __aeabi_dcmpeq
                0x08000ae4                __aeabi_dcmplt
                0x08000af8                __aeabi_dcmple
                0x08000b0c                __aeabi_dcmpge
                0x08000b20                __aeabi_dcmpgt
 .text          0x08000b34       0x50 c:/progra~2/armgnu~1/1213fb~1.2mp/bin/../lib/gcc/arm-none-eabi/12.2.0/thumb/v7e-m+fp/hard\libgcc.a(_arm_fixdfsi.o)
                0x08000b34                __aeabi_d2iz
                0x08000b34                __fixdfsi
 *(.text*)
 .text.deregister_tm_clones
                0x08000b84       0x1c c:/progra~2/armgnu~1/1213fb~1.2mp/bin/../lib/gcc/arm-none-eabi/12.2.0/thumb/v7e-m+fp/hard/crtbegin.o
 .text.register_tm_clones
                0x08000ba0       0x24 c:/progra~2/armgnu~1/1213fb~1.2mp/bin/../lib/gcc/arm-none-eabi/12.2.0/thumb/v7e-m+fp/hard/crtbegin.o
 .text.__do_global_dtors_aux
                0x08000bc4       0x28 c:/progra~2/armgnu~1/1213fb~1.2mp/bin/../lib/gcc/arm-none-eabi/12.2.0/thumb/v7e-m+fp/hard/crtbegin.o
 .text.frame_dummy
                0x08000bec       0x24 c:/progra~2/armgnu~1/1213fb~1.2mp/bin/../lib/gcc/arm-none-eabi/12.2.0/thumb/v7e-m+fp/hard/crtbegin.o
 .text.std      0x08000c10       0x48 c:/progra~2/armgnu~1/1213fb~1.2mp/bin/../lib/gcc/arm-none-eabi/12.2.0/thumb/v7e-m+fp/hard\libc_nano.a(libc_a-findfp.o)
 .text.stdio_exit_handler
                0x08000c58       0x18 c:/progra~2/armgnu~1/1213fb~1.2mp/bin/../lib/gcc/arm-none-eabi/12.2.0/thumb/v7e-m+fp/hard\libc_nano.a(libc_a-findfp.o)
 .text.cleanup_stdio
                0x08000c70       0x40 c:/progra~2/armgnu~1/1213fb~1.2mp/bin/../lib/gcc/arm-none-eabi/12.2.0/thumb/v7e-m+fp/hard\libc_nano.a(libc_a-findfp.o)
 .text.global_stdio_init.part.0
                0x08000cb0       0x3c c:/progra~2/armgnu~1/1213fb~1.2mp/bin/../lib/gcc/arm-none-eabi/12.2.0/thumb/v7e-m+fp/hard\libc_nano.a(libc_a-findfp.o)
 .text.__sfp_lock_acquire
                0x08000cec        0xc c:/progra~2/armgnu~1/1213fb~1.2mp/bin/../lib/gcc/arm-none-eabi/12.2.0/thumb/v7e-m+fp/hard\libc_nano.a(libc_a-findfp.o)
                0x08000cec                __sfp_lock_acquire
 .text.__sfp_lock_release
                0x08000cf8        0xc c:/progra~2/armgnu~1/1213fb~1.2mp/bin/../lib/gcc/arm-none-eabi/12.2.0/thumb/v7e-m+fp/hard\libc_nano.a(libc_a-findfp.o)
                0x08000cf8                __sfp_lock_release
 .text.__sinit  0x08000d04       0x30 c:/progra~2/armgnu~1/1213fb~1.2mp/bin/../lib/gcc/arm-none-eabi/12.2.0/thumb/v7e-m+fp/hard\libc_nano.a(libc_a-findfp.o)
                0x08000d04                __sinit
 .text._fwalk_sglue
                0x08000d34       0x3c c:/progra~2/armgnu~1/1213fb~1.2mp/bin/../lib/gcc/arm-none-eabi/12.2.0/thumb/v7e-m+fp/hard\libc_nano.a(libc_a-fwalk.o)
                0x08000d34                _fwalk_sglue
 .text.__sread  0x08000d70       0x22 c:/progra~2/armgnu~1/1213fb~1.2mp/bin/../lib/gcc/arm-none-eabi/12.2.0/thumb/v7e-m+fp/hard\libc_nano.a(libc_a-stdio.o)
                0x08000d70                __sread
 .text.__swrite
                0x08000d92       0x38 c:/progra~2/armgnu~1/1213fb~1.2mp/bin/../lib/gcc/arm-none-eabi/12.2.0/thumb/v7e-m+fp/hard\libc_nano.a(libc_a-stdio.o)
                0x08000d92                __swrite
 .text.__sseek  0x08000dca       0x24 c:/progra~2/armgnu~1/1213fb~1.2mp/bin/../lib/gcc/arm-none-eabi/12.2.0/thumb/v7e-m+fp/hard\libc_nano.a(libc_a-stdio.o)
                0x08000dca                __sseek
 .text.__sclose
                0x08000dee        0x8 c:/progra~2/armgnu~1/1213fb~1.2mp/bin/../lib/gcc/arm-none-eabi/12.2.0/thumb/v7e-m+fp/hard\libc_nano.a(libc_a-stdio.o)
                0x08000dee                __sclose
 .text.memset   0x08000df6       0x10 c:/progra~2/armgnu~1/1213fb~1.2mp/bin/../lib/gcc/arm-none-eabi/12.2.0/thumb/v7e-m+fp/hard\libc_nano.a(libc_a-memset.o)
                0x08000df6                memset
 *fill*         0x08000e06        0x2 
 .text._close_r
                0x08000e08       0x20 c:/progra~2/armgnu~1/1213fb~1.2mp/bin/../lib/gcc/arm-none-eabi/12.2.0/thumb/v7e-m+fp/hard\libc_nano.a(libc_a-closer.o)
                0x08000e08                _close_r
 .text._lseek_r
                0x08000e28       0x24 c:/progra~2/armgnu~1/1213fb~1.2mp/bin/../lib/gcc/arm-none-eabi/12.2.0/thumb/v7e-m+fp/hard\libc_nano.a(libc_a-lseekr.o)
                0x08000e28                _lseek_r
 .text._read_r  0x08000e4c       0x24 c:/progra~2/armgnu~1/1213fb~1.2mp/bin/../lib/gcc/arm-none-eabi/12.2.0/thumb/v7e-m+fp/hard\libc_nano.a(libc_a-readr.o)
                0x08000e4c                _read_r
 .text._write_r
                0x08000e70       0x24 c:/progra~2/armgnu~1/1213fb~1.2mp/bin/../lib/gcc/arm-none-eabi/12.2.0/thumb/v7e-m+fp/hard\libc_nano.a(libc_a-writer.o)
                0x08000e70                _write_r
 .text.__libc_init_array
                0x08000e94       0x48 c:/progra~2/armgnu~1/1213fb~1.2mp/bin/../lib/gcc/arm-none-eabi/12.2.0/thumb/v7e-m+fp/hard\libc_nano.a(libc_a-init.o)
                0x08000e94                __libc_init_array
 .text.__retarget_lock_acquire_recursive
                0x08000edc        0x2 c:/progra~2/armgnu~1/1213fb~1.2mp/bin/../lib/gcc/arm-none-eabi/12.2.0/thumb/v7e-m+fp/hard\libc_nano.a(libc_a-lock.o)
                0x08000edc                __retarget_lock_acquire_recursive
 .text.__retarget_lock_release_recursive
                0x08000ede        0x2 c:/progra~2/armgnu~1/1213fb~1.2mp/bin/../lib/gcc/arm-none-eabi/12.2.0/thumb/v7e-m+fp/hard\libc_nano.a(libc_a-lock.o)
                0x08000ede                __retarget_lock_release_recursive
 .text._free_r  0x08000ee0       0x94 c:/progra~2/armgnu~1/1213fb~1.2mp/bin/../lib/gcc/arm-none-eabi/12.2.0/thumb/v7e-m+fp/hard\libc_nano.a(libc_a-freer.o)
                0x08000ee0                _free_r
 .text.sbrk_aligned
                0x08000f74       0x44 c:/progra~2/armgnu~1/1213fb~1.2mp/bin/../lib/gcc/arm-none-eabi/12.2.0/thumb/v7e-m+fp/hard\libc_nano.a(libc_a-mallocr.o)
 .text._malloc_r
                0x08000fb8       0xe0 c:/progra~2/armgnu~1/1213fb~1.2mp/bin/../lib/gcc/arm-none-eabi/12.2.0/thumb/v7e-m+fp/hard\libc_nano.a(libc_a-mallocr.o)
                0x08000fb8                _malloc_r
 .text.__malloc_lock
                0x08001098        0xc c:/progra~2/armgnu~1/1213fb~1.2mp/bin/../lib/gcc/arm-none-eabi/12.2.0/thumb/v7e-m+fp/hard\libc_nano.a(libc_a-mlock.o)
                0x08001098                __malloc_lock
 .text.__malloc_unlock
                0x080010a4        0xc c:/progra~2/armgnu~1/1213fb~1.2mp/bin/../lib/gcc/arm-none-eabi/12.2.0/thumb/v7e-m+fp/hard\libc_nano.a(libc_a-mlock.o)
                0x080010a4                __malloc_unlock
 .text.__sflush_r
                0x080010b0      0x108 c:/progra~2/armgnu~1/1213fb~1.2mp/bin/../lib/gcc/arm-none-eabi/12.2.0/thumb/v7e-m+fp/hard\libc_nano.a(libc_a-fflush.o)
                0x080010b0                __sflush_r
 .text._fflush_r
                0x080011b8       0x50 c:/progra~2/armgnu~1/1213fb~1.2mp/bin/../lib/gcc/arm-none-eabi/12.2.0/thumb/v7e-m+fp/hard\libc_nano.a(libc_a-fflush.o)
                0x080011b8                _fflush_r
 .text._sbrk_r  0x08001208       0x20 c:/progra~2/armgnu~1/1213fb~1.2mp/bin/../lib/gcc/arm-none-eabi/12.2.0/thumb/v7e-m+fp/hard\libc_nano.a(libc_a-sbrkr.o)
                0x08001208                _sbrk_r
 .text.__NVIC_SystemReset
                0x08001228       0x2c CMakeFiles/amperemeter.dir/Application/GUI/MYGUI/mygui.c.obj
 .text.Erase_Flash
                0x08001254       0xa4 CMakeFiles/amperemeter.dir/Application/GUI/MYGUI/mygui.c.obj
                0x08001254                Erase_Flash
 .text.Write_Flash
                0x080012f8       0x7c CMakeFiles/amperemeter.dir/Application/GUI/MYGUI/mygui.c.obj
                0x080012f8                Write_Flash
 .text.Creat_Menu
                0x08001374       0x3c CMakeFiles/amperemeter.dir/Application/GUI/MYGUI/mygui.c.obj
                0x08001374                Creat_Menu
 .text.Button_Callback
                0x080013b0       0x5c CMakeFiles/amperemeter.dir/Application/GUI/MYGUI/mygui.c.obj
                0x080013b0                Button_Callback
 .text.Button_uni
                0x0800140c       0x9c CMakeFiles/amperemeter.dir/Application/GUI/MYGUI/mygui.c.obj
                0x0800140c                Button_uni
 .text.Window1_init
                0x080014a8       0xc0 CMakeFiles/amperemeter.dir/Application/GUI/MYGUI/mygui.c.obj
                0x080014a8                Window1_init
 .text.Window1_update
                0x08001568      0x2fc CMakeFiles/amperemeter.dir/Application/GUI/MYGUI/mygui.c.obj
                0x08001568                Window1_update
 .text.Window2_init
                0x08001864       0xc0 CMakeFiles/amperemeter.dir/Application/GUI/MYGUI/mygui.c.obj
                0x08001864                Window2_init
 .text.Window2_update
                0x08001924      0x214 CMakeFiles/amperemeter.dir/Application/GUI/MYGUI/mygui.c.obj
                0x08001924                Window2_update
 .text.Clear_Screen
                0x08001b38        0xe CMakeFiles/amperemeter.dir/Application/GUI/MYGUI/mygui.c.obj
                0x08001b38                Clear_Screen
 *fill*         0x08001b46        0x2 
 .text.Menu_update
                0x08001b48      0x8a8 CMakeFiles/amperemeter.dir/Application/GUI/MYGUI/mygui.c.obj
                0x08001b48                Menu_update
 .text.Button_Menu
                0x080023f0       0xec CMakeFiles/amperemeter.dir/Application/GUI/MYGUI/mygui.c.obj
                0x080023f0                Button_Menu
 .text.SubMenu_update
                0x080024dc      0x9dc CMakeFiles/amperemeter.dir/Application/GUI/MYGUI/mygui.c.obj
                0x080024dc                SubMenu_update
 .text.Button_SubMenu
                0x08002eb8      0xb28 CMakeFiles/amperemeter.dir/Application/GUI/MYGUI/mygui.c.obj
                0x08002eb8                Button_SubMenu
 .text.Mygui_init
                0x080039e0      0x1b8 CMakeFiles/amperemeter.dir/Application/GUI/MYGUI/mygui.c.obj
                0x080039e0                Mygui_init
 .text.Mygui_task
                0x08003b98       0x24 CMakeFiles/amperemeter.dir/Application/GUI/MYGUI/mygui.c.obj
                0x08003b98                Mygui_task
 .text.UG_Init  0x08003bbc      0x12c CMakeFiles/amperemeter.dir/Application/GUI/uGUI/ugui.c.obj
                0x08003bbc                UG_Init
 .text.UG_FontSelect
                0x08003ce8       0x2c CMakeFiles/amperemeter.dir/Application/GUI/uGUI/ugui.c.obj
                0x08003ce8                UG_FontSelect
 .text.UG_FillScreen
                0x08003d14       0x44 CMakeFiles/amperemeter.dir/Application/GUI/uGUI/ugui.c.obj
                0x08003d14                UG_FillScreen
 .text.UG_FillFrame
                0x08003d58       0xe0 CMakeFiles/amperemeter.dir/Application/GUI/uGUI/ugui.c.obj
                0x08003d58                UG_FillFrame
 .text.UG_DrawRoundFrame
                0x08003e38      0x198 CMakeFiles/amperemeter.dir/Application/GUI/uGUI/ugui.c.obj
                0x08003e38                UG_DrawRoundFrame
 .text.UG_DrawArc
                0x08003fd0      0x20c CMakeFiles/amperemeter.dir/Application/GUI/uGUI/ugui.c.obj
                0x08003fd0                UG_DrawArc
 .text.UG_DrawLine
                0x080041dc      0x1b8 CMakeFiles/amperemeter.dir/Application/GUI/uGUI/ugui.c.obj
                0x080041dc                UG_DrawLine
 .text.UG_PutString
                0x08004394      0x10c CMakeFiles/amperemeter.dir/Application/GUI/uGUI/ugui.c.obj
                0x08004394                UG_PutString
 .text.UG_PutChar
                0x080044a0       0x48 CMakeFiles/amperemeter.dir/Application/GUI/uGUI/ugui.c.obj
                0x080044a0                UG_PutChar
 .text.UG_SetForecolor
                0x080044e8       0x24 CMakeFiles/amperemeter.dir/Application/GUI/uGUI/ugui.c.obj
                0x080044e8                UG_SetForecolor
 .text.UG_SetBackcolor
                0x0800450c       0x24 CMakeFiles/amperemeter.dir/Application/GUI/uGUI/ugui.c.obj
                0x0800450c                UG_SetBackcolor
 .text._UG_PutChar
                0x08004530      0x514 CMakeFiles/amperemeter.dir/Application/GUI/uGUI/ugui.c.obj
                0x08004530                _UG_PutChar
 .text.INA226_GetBusV
                0x08004a44       0x38 CMakeFiles/amperemeter.dir/Application/INA226/ina226.c.obj
                0x08004a44                INA226_GetBusV
 .text.INA226_GetCurrent
                0x08004a7c       0x44 CMakeFiles/amperemeter.dir/Application/INA226/ina226.c.obj
                0x08004a7c                INA226_GetCurrent
 .text.INA226_GetPower
                0x08004ac0       0x38 CMakeFiles/amperemeter.dir/Application/INA226/ina226.c.obj
                0x08004ac0                INA226_GetPower
 .text.INA226_SetConfig
                0x08004af8       0x40 CMakeFiles/amperemeter.dir/Application/INA226/ina226.c.obj
                0x08004af8                INA226_SetConfig
 .text.INA226_GetBusVReg
                0x08004b38       0x54 CMakeFiles/amperemeter.dir/Application/INA226/ina226.c.obj
                0x08004b38                INA226_GetBusVReg
 .text.INA226_SetCalibrationReg
                0x08004b8c       0x40 CMakeFiles/amperemeter.dir/Application/INA226/ina226.c.obj
                0x08004b8c                INA226_SetCalibrationReg
 .text.INA226_GetPowerReg
                0x08004bcc       0x54 CMakeFiles/amperemeter.dir/Application/INA226/ina226.c.obj
                0x08004bcc                INA226_GetPowerReg
 .text.INA226_GetCurrentReg
                0x08004c20       0x54 CMakeFiles/amperemeter.dir/Application/INA226/ina226.c.obj
                0x08004c20                INA226_GetCurrentReg
 .text.ST7735_Reset
                0x08004c74       0x2c CMakeFiles/amperemeter.dir/Application/LCD/st7735.c.obj
                0x08004c74                ST7735_Reset
 .text.ST7735_WriteCommand
                0x08004ca0       0x4c CMakeFiles/amperemeter.dir/Application/LCD/st7735.c.obj
                0x08004ca0                ST7735_WriteCommand
 .text.ST7735_WriteByte
                0x08004cec       0x4c CMakeFiles/amperemeter.dir/Application/LCD/st7735.c.obj
                0x08004cec                ST7735_WriteByte
 .text.ST7735_WriteData
                0x08004d38       0x4c CMakeFiles/amperemeter.dir/Application/LCD/st7735.c.obj
                0x08004d38                ST7735_WriteData
 .text.ST7735_WriteData_DMA
                0x08004d84       0x40 CMakeFiles/amperemeter.dir/Application/LCD/st7735.c.obj
                0x08004d84                ST7735_WriteData_DMA
 .text.ST7735_SetRotation
                0x08004dc4       0x5c CMakeFiles/amperemeter.dir/Application/LCD/st7735.c.obj
                0x08004dc4                ST7735_SetRotation
 .text.ST7735_Init
                0x08004e20      0x23c CMakeFiles/amperemeter.dir/Application/LCD/st7735.c.obj
                0x08004e20                ST7735_Init
 .text.ST7735_SetAddressWindow
                0x0800505c       0x6e CMakeFiles/amperemeter.dir/Application/LCD/st7735.c.obj
                0x0800505c                ST7735_SetAddressWindow
 *fill*         0x080050ca        0x2 
 .text.ST7735_DrawRectangle
                0x080050cc       0xb4 CMakeFiles/amperemeter.dir/Application/LCD/st7735.c.obj
                0x080050cc                ST7735_DrawRectangle
 .text.ST7735_FillScreen
                0x08005180       0x22 CMakeFiles/amperemeter.dir/Application/LCD/st7735.c.obj
                0x08005180                ST7735_FillScreen
 *fill*         0x080051a2        0x2 
 .text.ST7735_DrawPoint
                0x080051a4       0x68 CMakeFiles/amperemeter.dir/Application/LCD/st7735.c.obj
                0x080051a4                ST7735_DrawPoint
 .text.ST7735_Draw
                0x0800520c       0x28 CMakeFiles/amperemeter.dir/Application/LCD/st7735.c.obj
                0x0800520c                ST7735_Draw
 .text.main     0x08005234       0xa4 CMakeFiles/amperemeter.dir/Core/Src/main.c.obj
                0x08005234                main
 .text.SystemClock_Config
                0x080052d8       0x92 CMakeFiles/amperemeter.dir/Core/Src/main.c.obj
                0x080052d8                SystemClock_Config
 .text.Error_Handler
                0x0800536a        0xc CMakeFiles/amperemeter.dir/Core/Src/main.c.obj
                0x0800536a                Error_Handler
 *fill*         0x08005376        0x2 
 .text.MX_GPIO_Init
                0x08005378      0x1a4 CMakeFiles/amperemeter.dir/Core/Src/gpio.c.obj
                0x08005378                MX_GPIO_Init
 .text.MX_DMA_Init
                0x0800551c       0x54 CMakeFiles/amperemeter.dir/Core/Src/dma.c.obj
                0x0800551c                MX_DMA_Init
 .text.MX_I2C2_Init
                0x08005570       0x80 CMakeFiles/amperemeter.dir/Core/Src/i2c.c.obj
                0x08005570                MX_I2C2_Init
 .text.HAL_I2C_MspInit
                0x080055f0       0xb0 CMakeFiles/amperemeter.dir/Core/Src/i2c.c.obj
                0x080055f0                HAL_I2C_MspInit
 .text.MX_SPI1_Init
                0x080056a0       0x7c CMakeFiles/amperemeter.dir/Core/Src/spi.c.obj
                0x080056a0                MX_SPI1_Init
 .text.HAL_SPI_MspInit
                0x0800571c       0xe0 CMakeFiles/amperemeter.dir/Core/Src/spi.c.obj
                0x0800571c                HAL_SPI_MspInit
 .text.MX_TIM4_Init
                0x080057fc       0xf0 CMakeFiles/amperemeter.dir/Core/Src/tim.c.obj
                0x080057fc                MX_TIM4_Init
 .text.MX_TIM6_Init
                0x080058ec       0x6c CMakeFiles/amperemeter.dir/Core/Src/tim.c.obj
                0x080058ec                MX_TIM6_Init
 .text.MX_TIM8_Init
                0x08005958      0x160 CMakeFiles/amperemeter.dir/Core/Src/tim.c.obj
                0x08005958                MX_TIM8_Init
 .text.HAL_TIM_Base_MspInit
                0x08005ab8       0xac CMakeFiles/amperemeter.dir/Core/Src/tim.c.obj
                0x08005ab8                HAL_TIM_Base_MspInit
 .text.HAL_TIM_MspPostInit
                0x08005b64       0xb8 CMakeFiles/amperemeter.dir/Core/Src/tim.c.obj
                0x08005b64                HAL_TIM_MspPostInit
 .text.NMI_Handler
                0x08005c1c        0x8 CMakeFiles/amperemeter.dir/Core/Src/stm32g4xx_it.c.obj
                0x08005c1c                NMI_Handler
 .text.HardFault_Handler
                0x08005c24        0x8 CMakeFiles/amperemeter.dir/Core/Src/stm32g4xx_it.c.obj
                0x08005c24                HardFault_Handler
 .text.MemManage_Handler
                0x08005c2c        0x8 CMakeFiles/amperemeter.dir/Core/Src/stm32g4xx_it.c.obj
                0x08005c2c                MemManage_Handler
 .text.BusFault_Handler
                0x08005c34        0x8 CMakeFiles/amperemeter.dir/Core/Src/stm32g4xx_it.c.obj
                0x08005c34                BusFault_Handler
 .text.UsageFault_Handler
                0x08005c3c        0x8 CMakeFiles/amperemeter.dir/Core/Src/stm32g4xx_it.c.obj
                0x08005c3c                UsageFault_Handler
 .text.SVC_Handler
                0x08005c44        0xe CMakeFiles/amperemeter.dir/Core/Src/stm32g4xx_it.c.obj
                0x08005c44                SVC_Handler
 .text.DebugMon_Handler
                0x08005c52        0xe CMakeFiles/amperemeter.dir/Core/Src/stm32g4xx_it.c.obj
                0x08005c52                DebugMon_Handler
 .text.PendSV_Handler
                0x08005c60        0xe CMakeFiles/amperemeter.dir/Core/Src/stm32g4xx_it.c.obj
                0x08005c60                PendSV_Handler
 .text.SysTick_Handler
                0x08005c6e        0xc CMakeFiles/amperemeter.dir/Core/Src/stm32g4xx_it.c.obj
                0x08005c6e                SysTick_Handler
 *fill*         0x08005c7a        0x2 
 .text.EXTI3_IRQHandler
                0x08005c7c       0x58 CMakeFiles/amperemeter.dir/Core/Src/stm32g4xx_it.c.obj
                0x08005c7c                EXTI3_IRQHandler
 .text.EXTI4_IRQHandler
                0x08005cd4       0x14 CMakeFiles/amperemeter.dir/Core/Src/stm32g4xx_it.c.obj
                0x08005cd4                EXTI4_IRQHandler
 .text.DMA1_Channel1_IRQHandler
                0x08005ce8       0x64 CMakeFiles/amperemeter.dir/Core/Src/stm32g4xx_it.c.obj
                0x08005ce8                DMA1_Channel1_IRQHandler
 .text.EXTI9_5_IRQHandler
                0x08005d4c       0x58 CMakeFiles/amperemeter.dir/Core/Src/stm32g4xx_it.c.obj
                0x08005d4c                EXTI9_5_IRQHandler
 .text.TIM8_UP_IRQHandler
                0x08005da4       0x50 CMakeFiles/amperemeter.dir/Core/Src/stm32g4xx_it.c.obj
                0x08005da4                TIM8_UP_IRQHandler
 .text.TIM6_DAC_IRQHandler
                0x08005df4      0x5c0 CMakeFiles/amperemeter.dir/Core/Src/stm32g4xx_it.c.obj
                0x08005df4                TIM6_DAC_IRQHandler
 .text.HAL_MspInit
                0x080063b4       0x48 CMakeFiles/amperemeter.dir/Core/Src/stm32g4xx_hal_msp.c.obj
                0x080063b4                HAL_MspInit
 .text.HAL_I2C_Init
                0x080063fc      0x136 CMakeFiles/amperemeter.dir/Drivers/STM32G4xx_HAL_Driver/Src/stm32g4xx_hal_i2c.c.obj
                0x080063fc                HAL_I2C_Init
 *fill*         0x08006532        0x2 
 .text.HAL_I2C_Master_Transmit
                0x08006534      0x230 CMakeFiles/amperemeter.dir/Drivers/STM32G4xx_HAL_Driver/Src/stm32g4xx_hal_i2c.c.obj
                0x08006534                HAL_I2C_Master_Transmit
 .text.HAL_I2C_Master_Receive
                0x08006764      0x1ec CMakeFiles/amperemeter.dir/Drivers/STM32G4xx_HAL_Driver/Src/stm32g4xx_hal_i2c.c.obj
                0x08006764                HAL_I2C_Master_Receive
 .text.I2C_Flush_TXDR
                0x08006950       0x48 CMakeFiles/amperemeter.dir/Drivers/STM32G4xx_HAL_Driver/Src/stm32g4xx_hal_i2c.c.obj
 .text.I2C_WaitOnFlagUntilTimeout
                0x08006998       0xb2 CMakeFiles/amperemeter.dir/Drivers/STM32G4xx_HAL_Driver/Src/stm32g4xx_hal_i2c.c.obj
 .text.I2C_WaitOnTXISFlagUntilTimeout
                0x08006a4a       0x8e CMakeFiles/amperemeter.dir/Drivers/STM32G4xx_HAL_Driver/Src/stm32g4xx_hal_i2c.c.obj
 .text.I2C_WaitOnSTOPFlagUntilTimeout
                0x08006ad8       0x86 CMakeFiles/amperemeter.dir/Drivers/STM32G4xx_HAL_Driver/Src/stm32g4xx_hal_i2c.c.obj
 *fill*         0x08006b5e        0x2 
 .text.I2C_WaitOnRXNEFlagUntilTimeout
                0x08006b60      0x118 CMakeFiles/amperemeter.dir/Drivers/STM32G4xx_HAL_Driver/Src/stm32g4xx_hal_i2c.c.obj
 .text.I2C_IsErrorOccurred
                0x08006c78      0x1c0 CMakeFiles/amperemeter.dir/Drivers/STM32G4xx_HAL_Driver/Src/stm32g4xx_hal_i2c.c.obj
 .text.I2C_TransferConfig
                0x08006e38       0x64 CMakeFiles/amperemeter.dir/Drivers/STM32G4xx_HAL_Driver/Src/stm32g4xx_hal_i2c.c.obj
 .text.HAL_I2CEx_ConfigAnalogFilter
                0x08006e9c       0x96 CMakeFiles/amperemeter.dir/Drivers/STM32G4xx_HAL_Driver/Src/stm32g4xx_hal_i2c_ex.c.obj
                0x08006e9c                HAL_I2CEx_ConfigAnalogFilter
 .text.HAL_I2CEx_ConfigDigitalFilter
                0x08006f32       0x98 CMakeFiles/amperemeter.dir/Drivers/STM32G4xx_HAL_Driver/Src/stm32g4xx_hal_i2c_ex.c.obj
                0x08006f32                HAL_I2CEx_ConfigDigitalFilter
 .text.HAL_Init
                0x08006fca       0x30 CMakeFiles/amperemeter.dir/Drivers/STM32G4xx_HAL_Driver/Src/stm32g4xx_hal.c.obj
                0x08006fca                HAL_Init
 *fill*         0x08006ffa        0x2 
 .text.HAL_InitTick
                0x08006ffc       0x74 CMakeFiles/amperemeter.dir/Drivers/STM32G4xx_HAL_Driver/Src/stm32g4xx_hal.c.obj
                0x08006ffc                HAL_InitTick
 .text.HAL_IncTick
                0x08007070       0x24 CMakeFiles/amperemeter.dir/Drivers/STM32G4xx_HAL_Driver/Src/stm32g4xx_hal.c.obj
                0x08007070                HAL_IncTick
 .text.HAL_GetTick
                0x08007094       0x18 CMakeFiles/amperemeter.dir/Drivers/STM32G4xx_HAL_Driver/Src/stm32g4xx_hal.c.obj
                0x08007094                HAL_GetTick
 .text.HAL_Delay
                0x080070ac       0x44 CMakeFiles/amperemeter.dir/Drivers/STM32G4xx_HAL_Driver/Src/stm32g4xx_hal.c.obj
                0x080070ac                HAL_Delay
 .text.HAL_RCC_OscConfig
                0x080070f0      0x624 CMakeFiles/amperemeter.dir/Drivers/STM32G4xx_HAL_Driver/Src/stm32g4xx_hal_rcc.c.obj
                0x080070f0                HAL_RCC_OscConfig
 .text.HAL_RCC_ClockConfig
                0x08007714      0x278 CMakeFiles/amperemeter.dir/Drivers/STM32G4xx_HAL_Driver/Src/stm32g4xx_hal_rcc.c.obj
                0x08007714                HAL_RCC_ClockConfig
 .text.HAL_RCC_GetSysClockFreq
                0x0800798c       0xc4 CMakeFiles/amperemeter.dir/Drivers/STM32G4xx_HAL_Driver/Src/stm32g4xx_hal_rcc.c.obj
                0x0800798c                HAL_RCC_GetSysClockFreq
 .text.RCC_GetSysClockFreqFromPLLSource
                0x08007a50       0x8c CMakeFiles/amperemeter.dir/Drivers/STM32G4xx_HAL_Driver/Src/stm32g4xx_hal_rcc.c.obj
 .text.HAL_RCCEx_PeriphCLKConfig
                0x08007adc      0x3e0 CMakeFiles/amperemeter.dir/Drivers/STM32G4xx_HAL_Driver/Src/stm32g4xx_hal_rcc_ex.c.obj
                0x08007adc                HAL_RCCEx_PeriphCLKConfig
 .text.HAL_FLASH_Program
                0x08007ebc       0xd8 CMakeFiles/amperemeter.dir/Drivers/STM32G4xx_HAL_Driver/Src/stm32g4xx_hal_flash.c.obj
                0x08007ebc                HAL_FLASH_Program
 .text.HAL_FLASH_Unlock
                0x08007f94       0x44 CMakeFiles/amperemeter.dir/Drivers/STM32G4xx_HAL_Driver/Src/stm32g4xx_hal_flash.c.obj
                0x08007f94                HAL_FLASH_Unlock
 .text.HAL_FLASH_Lock
                0x08007fd8       0x34 CMakeFiles/amperemeter.dir/Drivers/STM32G4xx_HAL_Driver/Src/stm32g4xx_hal_flash.c.obj
                0x08007fd8                HAL_FLASH_Lock
 .text.FLASH_WaitForLastOperation
                0x0800800c       0xa4 CMakeFiles/amperemeter.dir/Drivers/STM32G4xx_HAL_Driver/Src/stm32g4xx_hal_flash.c.obj
                0x0800800c                FLASH_WaitForLastOperation
 .text.FLASH_Program_DoubleWord
                0x080080b0       0x4c CMakeFiles/amperemeter.dir/Drivers/STM32G4xx_HAL_Driver/Src/stm32g4xx_hal_flash.c.obj
 .text.FLASH_Program_Fast
                0x080080fc       0x6c CMakeFiles/amperemeter.dir/Drivers/STM32G4xx_HAL_Driver/Src/stm32g4xx_hal_flash.c.obj
 .text.FLASH_FlushCaches
                0x08008168       0x94 CMakeFiles/amperemeter.dir/Drivers/STM32G4xx_HAL_Driver/Src/stm32g4xx_hal_flash_ex.c.obj
                0x08008168                FLASH_FlushCaches
 .text.HAL_GPIO_Init
                0x080081fc      0x304 CMakeFiles/amperemeter.dir/Drivers/STM32G4xx_HAL_Driver/Src/stm32g4xx_hal_gpio.c.obj
                0x080081fc                HAL_GPIO_Init
 .text.HAL_GPIO_ReadPin
                0x08008500       0x30 CMakeFiles/amperemeter.dir/Drivers/STM32G4xx_HAL_Driver/Src/stm32g4xx_hal_gpio.c.obj
                0x08008500                HAL_GPIO_ReadPin
 .text.HAL_GPIO_WritePin
                0x08008530       0x30 CMakeFiles/amperemeter.dir/Drivers/STM32G4xx_HAL_Driver/Src/stm32g4xx_hal_gpio.c.obj
                0x08008530                HAL_GPIO_WritePin
 .text.HAL_GPIO_TogglePin
                0x08008560       0x34 CMakeFiles/amperemeter.dir/Drivers/STM32G4xx_HAL_Driver/Src/stm32g4xx_hal_gpio.c.obj
                0x08008560                HAL_GPIO_TogglePin
 .text.HAL_GPIO_EXTI_IRQHandler
                0x08008594       0x30 CMakeFiles/amperemeter.dir/Drivers/STM32G4xx_HAL_Driver/Src/stm32g4xx_hal_gpio.c.obj
                0x08008594                HAL_GPIO_EXTI_IRQHandler
 .text.HAL_GPIO_EXTI_Callback
                0x080085c4       0x16 CMakeFiles/amperemeter.dir/Drivers/STM32G4xx_HAL_Driver/Src/stm32g4xx_hal_gpio.c.obj
                0x080085c4                HAL_GPIO_EXTI_Callback
 *fill*         0x080085da        0x2 
 .text.HAL_DMA_Init
                0x080085dc      0x150 CMakeFiles/amperemeter.dir/Drivers/STM32G4xx_HAL_Driver/Src/stm32g4xx_hal_dma.c.obj
                0x080085dc                HAL_DMA_Init
 .text.HAL_DMA_Start_IT
                0x0800872c       0xf6 CMakeFiles/amperemeter.dir/Drivers/STM32G4xx_HAL_Driver/Src/stm32g4xx_hal_dma.c.obj
                0x0800872c                HAL_DMA_Start_IT
 .text.HAL_DMA_IRQHandler
                0x08008822      0x15e CMakeFiles/amperemeter.dir/Drivers/STM32G4xx_HAL_Driver/Src/stm32g4xx_hal_dma.c.obj
                0x08008822                HAL_DMA_IRQHandler
 .text.DMA_SetConfig
                0x08008980       0x7c CMakeFiles/amperemeter.dir/Drivers/STM32G4xx_HAL_Driver/Src/stm32g4xx_hal_dma.c.obj
 .text.DMA_CalcDMAMUXChannelBaseAndMask
                0x080089fc       0x7c CMakeFiles/amperemeter.dir/Drivers/STM32G4xx_HAL_Driver/Src/stm32g4xx_hal_dma.c.obj
 .text.DMA_CalcDMAMUXRequestGenBaseAndMask
                0x08008a78       0x48 CMakeFiles/amperemeter.dir/Drivers/STM32G4xx_HAL_Driver/Src/stm32g4xx_hal_dma.c.obj
 .text.HAL_PWREx_ControlVoltageScaling
                0x08008ac0      0x148 CMakeFiles/amperemeter.dir/Drivers/STM32G4xx_HAL_Driver/Src/stm32g4xx_hal_pwr_ex.c.obj
                0x08008ac0                HAL_PWREx_ControlVoltageScaling
 .text.HAL_PWREx_DisableUCPDDeadBattery
                0x08008c08       0x20 CMakeFiles/amperemeter.dir/Drivers/STM32G4xx_HAL_Driver/Src/stm32g4xx_hal_pwr_ex.c.obj
                0x08008c08                HAL_PWREx_DisableUCPDDeadBattery
 .text.__NVIC_SetPriorityGrouping
                0x08008c28       0x48 CMakeFiles/amperemeter.dir/Drivers/STM32G4xx_HAL_Driver/Src/stm32g4xx_hal_cortex.c.obj
 .text.__NVIC_GetPriorityGrouping
                0x08008c70       0x1c CMakeFiles/amperemeter.dir/Drivers/STM32G4xx_HAL_Driver/Src/stm32g4xx_hal_cortex.c.obj
 .text.__NVIC_EnableIRQ
                0x08008c8c       0x3c CMakeFiles/amperemeter.dir/Drivers/STM32G4xx_HAL_Driver/Src/stm32g4xx_hal_cortex.c.obj
 .text.__NVIC_SetPriority
                0x08008cc8       0x54 CMakeFiles/amperemeter.dir/Drivers/STM32G4xx_HAL_Driver/Src/stm32g4xx_hal_cortex.c.obj
 .text.NVIC_EncodePriority
                0x08008d1c       0x66 CMakeFiles/amperemeter.dir/Drivers/STM32G4xx_HAL_Driver/Src/stm32g4xx_hal_cortex.c.obj
 *fill*         0x08008d82        0x2 
 .text.SysTick_Config
                0x08008d84       0x44 CMakeFiles/amperemeter.dir/Drivers/STM32G4xx_HAL_Driver/Src/stm32g4xx_hal_cortex.c.obj
 .text.HAL_NVIC_SetPriorityGrouping
                0x08008dc8       0x16 CMakeFiles/amperemeter.dir/Drivers/STM32G4xx_HAL_Driver/Src/stm32g4xx_hal_cortex.c.obj
                0x08008dc8                HAL_NVIC_SetPriorityGrouping
 .text.HAL_NVIC_SetPriority
                0x08008dde       0x34 CMakeFiles/amperemeter.dir/Drivers/STM32G4xx_HAL_Driver/Src/stm32g4xx_hal_cortex.c.obj
                0x08008dde                HAL_NVIC_SetPriority
 .text.HAL_NVIC_EnableIRQ
                0x08008e12       0x1c CMakeFiles/amperemeter.dir/Drivers/STM32G4xx_HAL_Driver/Src/stm32g4xx_hal_cortex.c.obj
                0x08008e12                HAL_NVIC_EnableIRQ
 .text.HAL_SYSTICK_Config
                0x08008e2e       0x18 CMakeFiles/amperemeter.dir/Drivers/STM32G4xx_HAL_Driver/Src/stm32g4xx_hal_cortex.c.obj
                0x08008e2e                HAL_SYSTICK_Config
 .text.HAL_SPI_Init
                0x08008e46      0x156 CMakeFiles/amperemeter.dir/Drivers/STM32G4xx_HAL_Driver/Src/stm32g4xx_hal_spi.c.obj
                0x08008e46                HAL_SPI_Init
 .text.HAL_SPI_Transmit
                0x08008f9c      0x2ea CMakeFiles/amperemeter.dir/Drivers/STM32G4xx_HAL_Driver/Src/stm32g4xx_hal_spi.c.obj
                0x08008f9c                HAL_SPI_Transmit
 *fill*         0x08009286        0x2 
 .text.HAL_SPI_Transmit_DMA
                0x08009288      0x1e0 CMakeFiles/amperemeter.dir/Drivers/STM32G4xx_HAL_Driver/Src/stm32g4xx_hal_spi.c.obj
                0x08009288                HAL_SPI_Transmit_DMA
 .text.HAL_SPI_TxCpltCallback
                0x08009468       0x14 CMakeFiles/amperemeter.dir/Drivers/STM32G4xx_HAL_Driver/Src/stm32g4xx_hal_spi.c.obj
                0x08009468                HAL_SPI_TxCpltCallback
 .text.HAL_SPI_TxHalfCpltCallback
                0x0800947c       0x14 CMakeFiles/amperemeter.dir/Drivers/STM32G4xx_HAL_Driver/Src/stm32g4xx_hal_spi.c.obj
                0x0800947c                HAL_SPI_TxHalfCpltCallback
 .text.HAL_SPI_ErrorCallback
                0x08009490       0x14 CMakeFiles/amperemeter.dir/Drivers/STM32G4xx_HAL_Driver/Src/stm32g4xx_hal_spi.c.obj
                0x08009490                HAL_SPI_ErrorCallback
 .text.SPI_DMATransmitCplt
                0x080094a4       0xa6 CMakeFiles/amperemeter.dir/Drivers/STM32G4xx_HAL_Driver/Src/stm32g4xx_hal_spi.c.obj
 .text.SPI_DMAHalfTransmitCplt
                0x0800954a       0x1c CMakeFiles/amperemeter.dir/Drivers/STM32G4xx_HAL_Driver/Src/stm32g4xx_hal_spi.c.obj
 .text.SPI_DMAError
                0x08009566       0x40 CMakeFiles/amperemeter.dir/Drivers/STM32G4xx_HAL_Driver/Src/stm32g4xx_hal_spi.c.obj
 *fill*         0x080095a6        0x2 
 .text.SPI_WaitFlagStateUntilTimeout
                0x080095a8      0x110 CMakeFiles/amperemeter.dir/Drivers/STM32G4xx_HAL_Driver/Src/stm32g4xx_hal_spi.c.obj
 .text.SPI_WaitFifoStateUntilTimeout
                0x080096b8      0x12c CMakeFiles/amperemeter.dir/Drivers/STM32G4xx_HAL_Driver/Src/stm32g4xx_hal_spi.c.obj
 .text.SPI_EndRxTxTransaction
                0x080097e4       0x8c CMakeFiles/amperemeter.dir/Drivers/STM32G4xx_HAL_Driver/Src/stm32g4xx_hal_spi.c.obj
 .text.HAL_TIM_Base_Init
                0x08009870       0xae CMakeFiles/amperemeter.dir/Drivers/STM32G4xx_HAL_Driver/Src/stm32g4xx_hal_tim.c.obj
                0x08009870                HAL_TIM_Base_Init
 *fill*         0x0800991e        0x2 
 .text.HAL_TIM_Base_Start_IT
                0x08009920       0xd4 CMakeFiles/amperemeter.dir/Drivers/STM32G4xx_HAL_Driver/Src/stm32g4xx_hal_tim.c.obj
                0x08009920                HAL_TIM_Base_Start_IT
 .text.HAL_TIM_PWM_Init
                0x080099f4       0xae CMakeFiles/amperemeter.dir/Drivers/STM32G4xx_HAL_Driver/Src/stm32g4xx_hal_tim.c.obj
                0x080099f4                HAL_TIM_PWM_Init
 .text.HAL_TIM_PWM_MspInit
                0x08009aa2       0x14 CMakeFiles/amperemeter.dir/Drivers/STM32G4xx_HAL_Driver/Src/stm32g4xx_hal_tim.c.obj
                0x08009aa2                HAL_TIM_PWM_MspInit
 *fill*         0x08009ab6        0x2 
 .text.HAL_TIM_PWM_Start
                0x08009ab8      0x200 CMakeFiles/amperemeter.dir/Drivers/STM32G4xx_HAL_Driver/Src/stm32g4xx_hal_tim.c.obj
                0x08009ab8                HAL_TIM_PWM_Start
 .text.HAL_TIM_IRQHandler
                0x08009cb8      0x29e CMakeFiles/amperemeter.dir/Drivers/STM32G4xx_HAL_Driver/Src/stm32g4xx_hal_tim.c.obj
                0x08009cb8                HAL_TIM_IRQHandler
 *fill*         0x08009f56        0x2 
 .text.HAL_TIM_PWM_ConfigChannel
                0x08009f58      0x228 CMakeFiles/amperemeter.dir/Drivers/STM32G4xx_HAL_Driver/Src/stm32g4xx_hal_tim.c.obj
                0x08009f58                HAL_TIM_PWM_ConfigChannel
 .text.HAL_TIM_ConfigClockSource
                0x0800a180      0x1f4 CMakeFiles/amperemeter.dir/Drivers/STM32G4xx_HAL_Driver/Src/stm32g4xx_hal_tim.c.obj
                0x0800a180                HAL_TIM_ConfigClockSource
 .text.HAL_TIM_PeriodElapsedCallback
                0x0800a374       0x14 CMakeFiles/amperemeter.dir/Drivers/STM32G4xx_HAL_Driver/Src/stm32g4xx_hal_tim.c.obj
                0x0800a374                HAL_TIM_PeriodElapsedCallback
 .text.HAL_TIM_OC_DelayElapsedCallback
                0x0800a388       0x14 CMakeFiles/amperemeter.dir/Drivers/STM32G4xx_HAL_Driver/Src/stm32g4xx_hal_tim.c.obj
                0x0800a388                HAL_TIM_OC_DelayElapsedCallback
 .text.HAL_TIM_IC_CaptureCallback
                0x0800a39c       0x14 CMakeFiles/amperemeter.dir/Drivers/STM32G4xx_HAL_Driver/Src/stm32g4xx_hal_tim.c.obj
                0x0800a39c                HAL_TIM_IC_CaptureCallback
 .text.HAL_TIM_PWM_PulseFinishedCallback
                0x0800a3b0       0x14 CMakeFiles/amperemeter.dir/Drivers/STM32G4xx_HAL_Driver/Src/stm32g4xx_hal_tim.c.obj
                0x0800a3b0                HAL_TIM_PWM_PulseFinishedCallback
 .text.HAL_TIM_TriggerCallback
                0x0800a3c4       0x14 CMakeFiles/amperemeter.dir/Drivers/STM32G4xx_HAL_Driver/Src/stm32g4xx_hal_tim.c.obj
                0x0800a3c4                HAL_TIM_TriggerCallback
 .text.TIM_Base_SetConfig
                0x0800a3d8      0x138 CMakeFiles/amperemeter.dir/Drivers/STM32G4xx_HAL_Driver/Src/stm32g4xx_hal_tim.c.obj
                0x0800a3d8                TIM_Base_SetConfig
 .text.TIM_OC1_SetConfig
                0x0800a510      0x120 CMakeFiles/amperemeter.dir/Drivers/STM32G4xx_HAL_Driver/Src/stm32g4xx_hal_tim.c.obj
 .text.TIM_OC2_SetConfig
                0x0800a630      0x114 CMakeFiles/amperemeter.dir/Drivers/STM32G4xx_HAL_Driver/Src/stm32g4xx_hal_tim.c.obj
                0x0800a630                TIM_OC2_SetConfig
 .text.TIM_OC3_SetConfig
                0x0800a744      0x110 CMakeFiles/amperemeter.dir/Drivers/STM32G4xx_HAL_Driver/Src/stm32g4xx_hal_tim.c.obj
 .text.TIM_OC4_SetConfig
                0x0800a854      0x114 CMakeFiles/amperemeter.dir/Drivers/STM32G4xx_HAL_Driver/Src/stm32g4xx_hal_tim.c.obj
 .text.TIM_OC5_SetConfig
                0x0800a968       0xc8 CMakeFiles/amperemeter.dir/Drivers/STM32G4xx_HAL_Driver/Src/stm32g4xx_hal_tim.c.obj
 .text.TIM_OC6_SetConfig
                0x0800aa30       0xcc CMakeFiles/amperemeter.dir/Drivers/STM32G4xx_HAL_Driver/Src/stm32g4xx_hal_tim.c.obj
 .text.TIM_TI1_ConfigInputStage
                0x0800aafc       0x5e CMakeFiles/amperemeter.dir/Drivers/STM32G4xx_HAL_Driver/Src/stm32g4xx_hal_tim.c.obj
 .text.TIM_TI2_ConfigInputStage
                0x0800ab5a       0x60 CMakeFiles/amperemeter.dir/Drivers/STM32G4xx_HAL_Driver/Src/stm32g4xx_hal_tim.c.obj
 .text.TIM_ITRx_SetConfig
                0x0800abba       0x3a CMakeFiles/amperemeter.dir/Drivers/STM32G4xx_HAL_Driver/Src/stm32g4xx_hal_tim.c.obj
 .text.TIM_ETR_SetConfig
                0x0800abf4       0x40 CMakeFiles/amperemeter.dir/Drivers/STM32G4xx_HAL_Driver/Src/stm32g4xx_hal_tim.c.obj
                0x0800abf4                TIM_ETR_SetConfig
 .text.TIM_CCxChannelCmd
                0x0800ac34       0x4a CMakeFiles/amperemeter.dir/Drivers/STM32G4xx_HAL_Driver/Src/stm32g4xx_hal_tim.c.obj
                0x0800ac34                TIM_CCxChannelCmd
 *fill*         0x0800ac7e        0x2 
 .text.HAL_TIMEx_MasterConfigSynchronization
                0x0800ac80      0x104 CMakeFiles/amperemeter.dir/Drivers/STM32G4xx_HAL_Driver/Src/stm32g4xx_hal_tim_ex.c.obj
                0x0800ac80                HAL_TIMEx_MasterConfigSynchronization
 .text.HAL_TIMEx_ConfigBreakDeadTime
                0x0800ad84      0x118 CMakeFiles/amperemeter.dir/Drivers/STM32G4xx_HAL_Driver/Src/stm32g4xx_hal_tim_ex.c.obj
                0x0800ad84                HAL_TIMEx_ConfigBreakDeadTime
 .text.HAL_TIMEx_CommutCallback
                0x0800ae9c       0x14 CMakeFiles/amperemeter.dir/Drivers/STM32G4xx_HAL_Driver/Src/stm32g4xx_hal_tim_ex.c.obj
                0x0800ae9c                HAL_TIMEx_CommutCallback
 .text.HAL_TIMEx_BreakCallback
                0x0800aeb0       0x14 CMakeFiles/amperemeter.dir/Drivers/STM32G4xx_HAL_Driver/Src/stm32g4xx_hal_tim_ex.c.obj
                0x0800aeb0                HAL_TIMEx_BreakCallback
 .text.HAL_TIMEx_Break2Callback
                0x0800aec4       0x14 CMakeFiles/amperemeter.dir/Drivers/STM32G4xx_HAL_Driver/Src/stm32g4xx_hal_tim_ex.c.obj
                0x0800aec4                HAL_TIMEx_Break2Callback
 .text.HAL_TIMEx_EncoderIndexCallback
                0x0800aed8       0x14 CMakeFiles/amperemeter.dir/Drivers/STM32G4xx_HAL_Driver/Src/stm32g4xx_hal_tim_ex.c.obj
                0x0800aed8                HAL_TIMEx_EncoderIndexCallback
 .text.HAL_TIMEx_DirectionChangeCallback
                0x0800aeec       0x14 CMakeFiles/amperemeter.dir/Drivers/STM32G4xx_HAL_Driver/Src/stm32g4xx_hal_tim_ex.c.obj
                0x0800aeec                HAL_TIMEx_DirectionChangeCallback
 .text.HAL_TIMEx_IndexErrorCallback
                0x0800af00       0x14 CMakeFiles/amperemeter.dir/Drivers/STM32G4xx_HAL_Driver/Src/stm32g4xx_hal_tim_ex.c.obj
                0x0800af00                HAL_TIMEx_IndexErrorCallback
 .text.HAL_TIMEx_TransitionErrorCallback
                0x0800af14       0x14 CMakeFiles/amperemeter.dir/Drivers/STM32G4xx_HAL_Driver/Src/stm32g4xx_hal_tim_ex.c.obj
                0x0800af14                HAL_TIMEx_TransitionErrorCallback
 .text.SystemInit
                0x0800af28       0x24 CMakeFiles/amperemeter.dir/Core/Src/system_stm32g4xx.c.obj
                0x0800af28                SystemInit
 .text._sbrk    0x0800af4c       0x6c CMakeFiles/amperemeter.dir/Core/Src/sysmem.c.obj
                0x0800af4c                _sbrk
 .text._getpid  0x0800afb8       0x10 CMakeFiles/amperemeter.dir/Core/Src/syscalls.c.obj
                0x0800afb8                _getpid
 .text._kill    0x0800afc8       0x20 CMakeFiles/amperemeter.dir/Core/Src/syscalls.c.obj
                0x0800afc8                _kill
 .text._exit    0x0800afe8       0x16 CMakeFiles/amperemeter.dir/Core/Src/syscalls.c.obj
                0x0800afe8                _exit
 .text._read    0x0800affe       0x3a CMakeFiles/amperemeter.dir/Core/Src/syscalls.c.obj
                0x0800affe                _read
 .text._write   0x0800b038       0x38 CMakeFiles/amperemeter.dir/Core/Src/syscalls.c.obj
                0x0800b038                _write
 .text._close   0x0800b070       0x18 CMakeFiles/amperemeter.dir/Core/Src/syscalls.c.obj
                0x0800b070                _close
 .text._fstat   0x0800b088       0x20 CMakeFiles/amperemeter.dir/Core/Src/syscalls.c.obj
                0x0800b088                _fstat
 .text._isatty  0x0800b0a8       0x16 CMakeFiles/amperemeter.dir/Core/Src/syscalls.c.obj
                0x0800b0a8                _isatty
 .text._lseek   0x0800b0be       0x1a CMakeFiles/amperemeter.dir/Core/Src/syscalls.c.obj
                0x0800b0be                _lseek
 .text.Reset_Handler
                0x0800b0d8       0x50 CMakeFiles/amperemeter.dir/startup_stm32g431xx.s.obj
                0x0800b0d8                Reset_Handler
 .text.Default_Handler
                0x0800b128        0x2 CMakeFiles/amperemeter.dir/startup_stm32g431xx.s.obj
                0x0800b128                RTC_Alarm_IRQHandler
                0x0800b128                EXTI2_IRQHandler
                0x0800b128                TIM8_TRG_COM_IRQHandler
                0x0800b128                TIM8_CC_IRQHandler
                0x0800b128                TIM1_CC_IRQHandler
                0x0800b128                USB_HP_IRQHandler
                0x0800b128                CORDIC_IRQHandler
                0x0800b128                I2C3_ER_IRQHandler
                0x0800b128                EXTI0_IRQHandler
                0x0800b128                I2C2_EV_IRQHandler
                0x0800b128                FPU_IRQHandler
                0x0800b128                FDCAN1_IT1_IRQHandler
                0x0800b128                TIM1_UP_TIM16_IRQHandler
                0x0800b128                ADC1_2_IRQHandler
                0x0800b128                SPI1_IRQHandler
                0x0800b128                DMA2_Channel2_IRQHandler
                0x0800b128                DMA1_Channel4_IRQHandler
                0x0800b128                USART3_IRQHandler
                0x0800b128                TIM4_IRQHandler
                0x0800b128                DMA2_Channel1_IRQHandler
                0x0800b128                I2C1_EV_IRQHandler
                0x0800b128                DMA1_Channel6_IRQHandler
                0x0800b128                UART4_IRQHandler
                0x0800b128                DMA2_Channel4_IRQHandler
                0x0800b128                TIM3_IRQHandler
                0x0800b128                RCC_IRQHandler
                0x0800b128                Default_Handler
                0x0800b128                RTC_TAMP_LSECSS_IRQHandler
                0x0800b128                FMAC_IRQHandler
                0x0800b128                EXTI15_10_IRQHandler
                0x0800b128                TIM7_IRQHandler
                0x0800b128                UCPD1_IRQHandler
                0x0800b128                I2C3_EV_IRQHandler
                0x0800b128                RTC_WKUP_IRQHandler
                0x0800b128                PVD_PVM_IRQHandler
                0x0800b128                SPI2_IRQHandler
                0x0800b128                DMA2_Channel5_IRQHandler
                0x0800b128                CRS_IRQHandler
                0x0800b128                DMA1_Channel5_IRQHandler
                0x0800b128                USB_LP_IRQHandler
                0x0800b128                RNG_IRQHandler
                0x0800b128                TIM1_TRG_COM_TIM17_IRQHandler
                0x0800b128                DMA1_Channel3_IRQHandler
                0x0800b128                WWDG_IRQHandler
                0x0800b128                LPUART1_IRQHandler
                0x0800b128                DMA2_Channel6_IRQHandler
                0x0800b128                FDCAN1_IT0_IRQHandler
                0x0800b128                TIM2_IRQHandler
                0x0800b128                COMP1_2_3_IRQHandler
                0x0800b128                EXTI1_IRQHandler
                0x0800b128                USART2_IRQHandler
                0x0800b128                I2C2_ER_IRQHandler
                0x0800b128                DMA1_Channel2_IRQHandler
                0x0800b128                TIM8_BRK_IRQHandler
                0x0800b128                FLASH_IRQHandler
                0x0800b128                USART1_IRQHandler
                0x0800b128                SPI3_IRQHandler
                0x0800b128                I2C1_ER_IRQHandler
                0x0800b128                LPTIM1_IRQHandler
                0x0800b128                DMAMUX_OVR_IRQHandler
                0x0800b128                USBWakeUp_IRQHandler
                0x0800b128                SAI1_IRQHandler
                0x0800b128                DMA2_Channel3_IRQHandler
                0x0800b128                COMP4_IRQHandler
                0x0800b128                TIM1_BRK_TIM15_IRQHandler
 .text.__itoa   0x0800b12a       0x30 c:/progra~2/armgnu~1/1213fb~1.2mp/bin/../lib/gcc/arm-none-eabi/12.2.0/thumb/v7e-m+fp/hard\libg_nano.a(libc_a-itoa.o)
                0x0800b12a                __itoa
 .text.itoa     0x0800b15a        0x4 c:/progra~2/armgnu~1/1213fb~1.2mp/bin/../lib/gcc/arm-none-eabi/12.2.0/thumb/v7e-m+fp/hard\libg_nano.a(libc_a-itoa.o)
                0x0800b15a                itoa
 *fill*         0x0800b15e        0x2 
 .text.__utoa   0x0800b160       0x84 c:/progra~2/armgnu~1/1213fb~1.2mp/bin/../lib/gcc/arm-none-eabi/12.2.0/thumb/v7e-m+fp/hard\libg_nano.a(libc_a-utoa.o)
                0x0800b160                __utoa
 .text.gcvt     0x0800b1e4       0x58 c:/progra~2/armgnu~1/1213fb~1.2mp/bin/../lib/gcc/arm-none-eabi/12.2.0/thumb/v7e-m+fp/hard\libg_nano.a(libc_a-efgcvt.o)
                0x0800b1e4                gcvt
 .text.__errno  0x0800b23c        0xc c:/progra~2/armgnu~1/1213fb~1.2mp/bin/../lib/gcc/arm-none-eabi/12.2.0/thumb/v7e-m+fp/hard\libg_nano.a(libc_a-errno.o)
                0x0800b23c                __errno
 .text.memcpy   0x0800b248       0x1c c:/progra~2/armgnu~1/1213fb~1.2mp/bin/../lib/gcc/arm-none-eabi/12.2.0/thumb/v7e-m+fp/hard\libg_nano.a(libc_a-memcpy-stub.o)
                0x0800b248                memcpy
 .text.print_e  0x0800b264       0xe4 c:/progra~2/armgnu~1/1213fb~1.2mp/bin/../lib/gcc/arm-none-eabi/12.2.0/thumb/v7e-m+fp/hard\libg_nano.a(libc_a-ecvtbuf.o)
 .text._gcvt    0x0800b348      0x188 c:/progra~2/armgnu~1/1213fb~1.2mp/bin/../lib/gcc/arm-none-eabi/12.2.0/thumb/v7e-m+fp/hard\libg_nano.a(libc_a-ecvtbuf.o)
                0x0800b348                _gcvt
 .text.strcpy   0x0800b4d0       0x10 c:/progra~2/armgnu~1/1213fb~1.2mp/bin/../lib/gcc/arm-none-eabi/12.2.0/thumb/v7e-m+fp/hard\libg_nano.a(libc_a-strcpy.o)
                0x0800b4d0                strcpy
 .text.quorem   0x0800b4e0      0x110 c:/progra~2/armgnu~1/1213fb~1.2mp/bin/../lib/gcc/arm-none-eabi/12.2.0/thumb/v7e-m+fp/hard\libg_nano.a(libc_a-dtoa.o)
 .text._dtoa_r  0x0800b5f0      0xc58 c:/progra~2/armgnu~1/1213fb~1.2mp/bin/../lib/gcc/arm-none-eabi/12.2.0/thumb/v7e-m+fp/hard\libg_nano.a(libc_a-dtoa.o)
                0x0800b5f0                _dtoa_r
 .text.malloc   0x0800c248       0x10 c:/progra~2/armgnu~1/1213fb~1.2mp/bin/../lib/gcc/arm-none-eabi/12.2.0/thumb/v7e-m+fp/hard\libg_nano.a(libc_a-malloc.o)
                0x0800c248                malloc
 .text._Balloc  0x0800c258       0x80 c:/progra~2/armgnu~1/1213fb~1.2mp/bin/../lib/gcc/arm-none-eabi/12.2.0/thumb/v7e-m+fp/hard\libg_nano.a(libc_a-mprec.o)
                0x0800c258                _Balloc
 .text._Bfree   0x0800c2d8       0x44 c:/progra~2/armgnu~1/1213fb~1.2mp/bin/../lib/gcc/arm-none-eabi/12.2.0/thumb/v7e-m+fp/hard\libg_nano.a(libc_a-mprec.o)
                0x0800c2d8                _Bfree
 .text.__multadd
                0x0800c31c       0x8c c:/progra~2/armgnu~1/1213fb~1.2mp/bin/../lib/gcc/arm-none-eabi/12.2.0/thumb/v7e-m+fp/hard\libg_nano.a(libc_a-mprec.o)
                0x0800c31c                __multadd
 .text.__hi0bits
                0x0800c3a8       0x44 c:/progra~2/armgnu~1/1213fb~1.2mp/bin/../lib/gcc/arm-none-eabi/12.2.0/thumb/v7e-m+fp/hard\libg_nano.a(libc_a-mprec.o)
                0x0800c3a8                __hi0bits
 .text.__lo0bits
                0x0800c3ec       0x5a c:/progra~2/armgnu~1/1213fb~1.2mp/bin/../lib/gcc/arm-none-eabi/12.2.0/thumb/v7e-m+fp/hard\libg_nano.a(libc_a-mprec.o)
                0x0800c3ec                __lo0bits
 *fill*         0x0800c446        0x2 
 .text.__i2b    0x0800c448       0x2c c:/progra~2/armgnu~1/1213fb~1.2mp/bin/../lib/gcc/arm-none-eabi/12.2.0/thumb/v7e-m+fp/hard\libg_nano.a(libc_a-mprec.o)
                0x0800c448                __i2b
 .text.__multiply
                0x0800c474      0x154 c:/progra~2/armgnu~1/1213fb~1.2mp/bin/../lib/gcc/arm-none-eabi/12.2.0/thumb/v7e-m+fp/hard\libg_nano.a(libc_a-mprec.o)
                0x0800c474                __multiply
 .text.__pow5mult
                0x0800c5c8       0xb4 c:/progra~2/armgnu~1/1213fb~1.2mp/bin/../lib/gcc/arm-none-eabi/12.2.0/thumb/v7e-m+fp/hard\libg_nano.a(libc_a-mprec.o)
                0x0800c5c8                __pow5mult
 .text.__lshift
                0x0800c67c       0xd8 c:/progra~2/armgnu~1/1213fb~1.2mp/bin/../lib/gcc/arm-none-eabi/12.2.0/thumb/v7e-m+fp/hard\libg_nano.a(libc_a-mprec.o)
                0x0800c67c                __lshift
 .text.__mcmp   0x0800c754       0x36 c:/progra~2/armgnu~1/1213fb~1.2mp/bin/../lib/gcc/arm-none-eabi/12.2.0/thumb/v7e-m+fp/hard\libg_nano.a(libc_a-mprec.o)
                0x0800c754                __mcmp
 *fill*         0x0800c78a        0x2 
 .text.__mdiff  0x0800c78c      0x128 c:/progra~2/armgnu~1/1213fb~1.2mp/bin/../lib/gcc/arm-none-eabi/12.2.0/thumb/v7e-m+fp/hard\libg_nano.a(libc_a-mprec.o)
                0x0800c78c                __mdiff
 .text.__d2b    0x0800c8b4       0xb0 c:/progra~2/armgnu~1/1213fb~1.2mp/bin/../lib/gcc/arm-none-eabi/12.2.0/thumb/v7e-m+fp/hard\libg_nano.a(libc_a-mprec.o)
                0x0800c8b4                __d2b
 .text._mprec_log10
                0x0800c964       0x3c c:/progra~2/armgnu~1/1213fb~1.2mp/bin/../lib/gcc/arm-none-eabi/12.2.0/thumb/v7e-m+fp/hard\libg_nano.a(libc_a-mprec.o)
                0x0800c964                _mprec_log10
 .text.__assert_func
                0x0800c9a0       0x3c c:/progra~2/armgnu~1/1213fb~1.2mp/bin/../lib/gcc/arm-none-eabi/12.2.0/thumb/v7e-m+fp/hard\libg_nano.a(libc_a-assert.o)
                0x0800c9a0                __assert_func
 .text._calloc_r
                0x0800c9dc       0x28 c:/progra~2/armgnu~1/1213fb~1.2mp/bin/../lib/gcc/arm-none-eabi/12.2.0/thumb/v7e-m+fp/hard\libg_nano.a(libc_a-callocr.o)
                0x0800c9dc                _calloc_r
 .text.fprintf  0x0800ca04       0x24 c:/progra~2/armgnu~1/1213fb~1.2mp/bin/../lib/gcc/arm-none-eabi/12.2.0/thumb/v7e-m+fp/hard\libg_nano.a(libc_a-fprintf.o)
                0x0800ca04                fiprintf
                0x0800ca04                fprintf
 .text.abort    0x0800ca28        0xe c:/progra~2/armgnu~1/1213fb~1.2mp/bin/../lib/gcc/arm-none-eabi/12.2.0/thumb/v7e-m+fp/hard\libg_nano.a(libc_a-abort.o)
                0x0800ca28                abort
 .text.__sfputc_r
                0x0800ca36       0x2e c:/progra~2/armgnu~1/1213fb~1.2mp/bin/../lib/gcc/arm-none-eabi/12.2.0/thumb/v7e-m+fp/hard\libg_nano.a(libc_a-nano-vfprintf.o)
 .text.__sfputs_r
                0x0800ca64       0x24 c:/progra~2/armgnu~1/1213fb~1.2mp/bin/../lib/gcc/arm-none-eabi/12.2.0/thumb/v7e-m+fp/hard\libg_nano.a(libc_a-nano-vfprintf.o)
                0x0800ca64                __sfputs_r
 .text._vfprintf_r
                0x0800ca88      0x230 c:/progra~2/armgnu~1/1213fb~1.2mp/bin/../lib/gcc/arm-none-eabi/12.2.0/thumb/v7e-m+fp/hard\libg_nano.a(libc_a-nano-vfprintf.o)
                0x0800ca88                _vfprintf_r
                0x0800ca88                _vfiprintf_r
 .text._printf_common
                0x0800ccb8       0xda c:/progra~2/armgnu~1/1213fb~1.2mp/bin/../lib/gcc/arm-none-eabi/12.2.0/thumb/v7e-m+fp/hard\libg_nano.a(libc_a-nano-vfprintf_i.o)
                0x0800ccb8                _printf_common
 *fill*         0x0800cd92        0x2 
 .text._printf_i
                0x0800cd94      0x25c c:/progra~2/armgnu~1/1213fb~1.2mp/bin/../lib/gcc/arm-none-eabi/12.2.0/thumb/v7e-m+fp/hard\libg_nano.a(libc_a-nano-vfprintf_i.o)
                0x0800cd94                _printf_i
 .text.__swbuf_r
                0x0800cff0       0x7c c:/progra~2/armgnu~1/1213fb~1.2mp/bin/../lib/gcc/arm-none-eabi/12.2.0/thumb/v7e-m+fp/hard\libg_nano.a(libc_a-wbuf.o)
                0x0800cff0                __swbuf_r
 .text.__swsetup_r
                0x0800d06c       0xac c:/progra~2/armgnu~1/1213fb~1.2mp/bin/../lib/gcc/arm-none-eabi/12.2.0/thumb/v7e-m+fp/hard\libg_nano.a(libc_a-wsetup.o)
                0x0800d06c                __swsetup_r
 .text._raise_r
                0x0800d118       0x50 c:/progra~2/armgnu~1/1213fb~1.2mp/bin/../lib/gcc/arm-none-eabi/12.2.0/thumb/v7e-m+fp/hard\libg_nano.a(libc_a-signal.o)
                0x0800d118                _raise_r
 .text.raise    0x0800d168       0x10 c:/progra~2/armgnu~1/1213fb~1.2mp/bin/../lib/gcc/arm-none-eabi/12.2.0/thumb/v7e-m+fp/hard\libg_nano.a(libc_a-signal.o)
                0x0800d168                raise
 .text._kill_r  0x0800d178       0x24 c:/progra~2/armgnu~1/1213fb~1.2mp/bin/../lib/gcc/arm-none-eabi/12.2.0/thumb/v7e-m+fp/hard\libg_nano.a(libc_a-signalr.o)
                0x0800d178                _kill_r
 .text._getpid_r
                0x0800d19c        0x4 c:/progra~2/armgnu~1/1213fb~1.2mp/bin/../lib/gcc/arm-none-eabi/12.2.0/thumb/v7e-m+fp/hard\libg_nano.a(libc_a-signalr.o)
                0x0800d19c                _getpid_r
 .text.__swhatbuf_r
                0x0800d1a0       0x4c c:/progra~2/armgnu~1/1213fb~1.2mp/bin/../lib/gcc/arm-none-eabi/12.2.0/thumb/v7e-m+fp/hard\libg_nano.a(libc_a-makebuf.o)
                0x0800d1a0                __swhatbuf_r
 .text.__smakebuf_r
                0x0800d1ec       0x78 c:/progra~2/armgnu~1/1213fb~1.2mp/bin/../lib/gcc/arm-none-eabi/12.2.0/thumb/v7e-m+fp/hard\libg_nano.a(libc_a-makebuf.o)
                0x0800d1ec                __smakebuf_r
 .text._fstat_r
                0x0800d264       0x24 c:/progra~2/armgnu~1/1213fb~1.2mp/bin/../lib/gcc/arm-none-eabi/12.2.0/thumb/v7e-m+fp/hard\libg_nano.a(libc_a-fstatr.o)
                0x0800d264                _fstat_r
 .text._isatty_r
                0x0800d288       0x20 c:/progra~2/armgnu~1/1213fb~1.2mp/bin/../lib/gcc/arm-none-eabi/12.2.0/thumb/v7e-m+fp/hard\libg_nano.a(libc_a-isattyr.o)
                0x0800d288                _isatty_r
 *(.glue_7)
 .glue_7        0x0800d2a8        0x0 linker stubs
 *(.glue_7t)
 .glue_7t       0x0800d2a8        0x0 linker stubs
 *(.eh_frame)
 .eh_frame      0x0800d2a8        0x0 c:/progra~2/armgnu~1/1213fb~1.2mp/bin/../lib/gcc/arm-none-eabi/12.2.0/thumb/v7e-m+fp/hard/crtbegin.o
 *(.init)
 .init          0x0800d2a8        0x4 c:/progra~2/armgnu~1/1213fb~1.2mp/bin/../lib/gcc/arm-none-eabi/12.2.0/thumb/v7e-m+fp/hard/crti.o
                0x0800d2a8                _init
 .init          0x0800d2ac        0x8 c:/progra~2/armgnu~1/1213fb~1.2mp/bin/../lib/gcc/arm-none-eabi/12.2.0/thumb/v7e-m+fp/hard/crtn.o
 *(.fini)
 .fini          0x0800d2b4        0x4 c:/progra~2/armgnu~1/1213fb~1.2mp/bin/../lib/gcc/arm-none-eabi/12.2.0/thumb/v7e-m+fp/hard/crti.o
                0x0800d2b4                _fini
 .fini          0x0800d2b8        0x8 c:/progra~2/armgnu~1/1213fb~1.2mp/bin/../lib/gcc/arm-none-eabi/12.2.0/thumb/v7e-m+fp/hard/crtn.o
                0x0800d2c0                        . = ALIGN (0x4)
                0x0800d2c0                        _etext = .

.vfp11_veneer   0x0800d2c0        0x0
 .vfp11_veneer  0x0800d2c0        0x0 linker stubs

.v4_bx          0x0800d2c0        0x0
 .v4_bx         0x0800d2c0        0x0 linker stubs

.iplt           0x0800d2c0        0x0
 .iplt          0x0800d2c0        0x0 c:/progra~2/armgnu~1/1213fb~1.2mp/bin/../lib/gcc/arm-none-eabi/12.2.0/thumb/v7e-m+fp/hard/crtbegin.o

.rodata         0x0800d2c0     0x8770
                0x0800d2c0                        . = ALIGN (0x4)
 *(.rodata)
 .rodata        0x0800d2c0       0x70 CMakeFiles/amperemeter.dir/Application/GUI/MYGUI/mygui.c.obj
 *(.rodata*)
 .rodata.My_font
                0x0800d330     0x2000 CMakeFiles/amperemeter.dir/Application/GUI/MYGUI/mygui.c.obj
                0x0800d330                My_font
 .rodata.MY_FONT
                0x0800f330       0x14 CMakeFiles/amperemeter.dir/Application/GUI/MYGUI/mygui.c.obj
                0x0800f330                MY_FONT
 .rodata.font_5x8
                0x0800f344      0x800 CMakeFiles/amperemeter.dir/Application/GUI/uGUI/ugui.c.obj
                0x0800f344                font_5x8
 .rodata.font_8x8
                0x0800fb44      0x800 CMakeFiles/amperemeter.dir/Application/GUI/uGUI/ugui.c.obj
                0x0800fb44                font_8x8
 .rodata.font_10x16
                0x08010344     0x2000 CMakeFiles/amperemeter.dir/Application/GUI/uGUI/ugui.c.obj
                0x08010344                font_10x16
 .rodata.font_16x26
                0x08012344     0x3400 CMakeFiles/amperemeter.dir/Application/GUI/uGUI/ugui.c.obj
                0x08012344                font_16x26
 .rodata.FONT_5X8
                0x08015744       0x14 CMakeFiles/amperemeter.dir/Application/GUI/uGUI/ugui.c.obj
                0x08015744                FONT_5X8
 .rodata.FONT_8X8
                0x08015758       0x14 CMakeFiles/amperemeter.dir/Application/GUI/uGUI/ugui.c.obj
                0x08015758                FONT_8X8
 .rodata.FONT_10X16
                0x0801576c       0x14 CMakeFiles/amperemeter.dir/Application/GUI/uGUI/ugui.c.obj
                0x0801576c                FONT_10X16
 .rodata.FONT_16X26
                0x08015780       0x14 CMakeFiles/amperemeter.dir/Application/GUI/uGUI/ugui.c.obj
                0x08015780                FONT_16X26
 .rodata.AHBPrescTable
                0x08015794       0x10 CMakeFiles/amperemeter.dir/Core/Src/system_stm32g4xx.c.obj
                0x08015794                AHBPrescTable
 .rodata.__utoa.str1.1
                0x080157a4       0x25 c:/progra~2/armgnu~1/1213fb~1.2mp/bin/../lib/gcc/arm-none-eabi/12.2.0/thumb/v7e-m+fp/hard\libg_nano.a(libc_a-utoa.o)
 .rodata._dtoa_r.str1.1
                0x080157c9       0x98 c:/progra~2/armgnu~1/1213fb~1.2mp/bin/../lib/gcc/arm-none-eabi/12.2.0/thumb/v7e-m+fp/hard\libg_nano.a(libc_a-dtoa.o)
 .rodata._Balloc.str1.1
                0x08015861       0x62 c:/progra~2/armgnu~1/1213fb~1.2mp/bin/../lib/gcc/arm-none-eabi/12.2.0/thumb/v7e-m+fp/hard\libg_nano.a(libc_a-mprec.o)
                                 0x79 (size before relaxing)
 .rodata.__multadd.str1.1
                0x080158c3       0x11 c:/progra~2/armgnu~1/1213fb~1.2mp/bin/../lib/gcc/arm-none-eabi/12.2.0/thumb/v7e-m+fp/hard\libg_nano.a(libc_a-mprec.o)
 *fill*         0x080158c3        0x1 
 .rodata.p05.0  0x080158c4        0xc c:/progra~2/armgnu~1/1213fb~1.2mp/bin/../lib/gcc/arm-none-eabi/12.2.0/thumb/v7e-m+fp/hard\libg_nano.a(libc_a-mprec.o)
 .rodata.__mprec_bigtens
                0x080158d0       0x28 c:/progra~2/armgnu~1/1213fb~1.2mp/bin/../lib/gcc/arm-none-eabi/12.2.0/thumb/v7e-m+fp/hard\libg_nano.a(libc_a-mprec.o)
                0x080158d0                __mprec_bigtens
 .rodata.__mprec_tens
                0x080158f8       0xc8 c:/progra~2/armgnu~1/1213fb~1.2mp/bin/../lib/gcc/arm-none-eabi/12.2.0/thumb/v7e-m+fp/hard\libg_nano.a(libc_a-mprec.o)
                0x080158f8                __mprec_tens
 .rodata.__assert_func.str1.1
                0x080159c0       0x3c c:/progra~2/armgnu~1/1213fb~1.2mp/bin/../lib/gcc/arm-none-eabi/12.2.0/thumb/v7e-m+fp/hard\libg_nano.a(libc_a-assert.o)
                                 0x3d (size before relaxing)
 .rodata._vfprintf_r.str1.1
                0x080159fc       0x11 c:/progra~2/armgnu~1/1213fb~1.2mp/bin/../lib/gcc/arm-none-eabi/12.2.0/thumb/v7e-m+fp/hard\libg_nano.a(libc_a-nano-vfprintf.o)
 .rodata._printf_i.str1.1
                0x08015a0d       0x22 c:/progra~2/armgnu~1/1213fb~1.2mp/bin/../lib/gcc/arm-none-eabi/12.2.0/thumb/v7e-m+fp/hard\libg_nano.a(libc_a-nano-vfprintf_i.o)
                0x08015a30                        . = ALIGN (0x4)
 *fill*         0x08015a2f        0x1 

.ARM.extab
 *(.ARM.extab* .gnu.linkonce.armextab.*)

.ARM            0x08015a30        0x8
                0x08015a30                        __exidx_start = .
 *(.ARM.exidx*)
 .ARM.exidx     0x08015a30        0x8 c:/progra~2/armgnu~1/1213fb~1.2mp/bin/../lib/gcc/arm-none-eabi/12.2.0/thumb/v7e-m+fp/hard\libg_nano.a(libc_a-memchr.o)
                0x08015a38                        __exidx_end = .

.rel.dyn        0x08015a38        0x0
 .rel.iplt      0x08015a38        0x0 c:/progra~2/armgnu~1/1213fb~1.2mp/bin/../lib/gcc/arm-none-eabi/12.2.0/thumb/v7e-m+fp/hard/crtbegin.o

.preinit_array  0x08015a38        0x0
                0x08015a38                        PROVIDE (__preinit_array_start = .)
 *(.preinit_array*)
                0x08015a38                        PROVIDE (__preinit_array_end = .)

.init_array     0x08015a38        0x4
                0x08015a38                        PROVIDE (__init_array_start = .)
 *(SORT_BY_NAME(.init_array.*))
 *(.init_array*)
 .init_array    0x08015a38        0x4 c:/progra~2/armgnu~1/1213fb~1.2mp/bin/../lib/gcc/arm-none-eabi/12.2.0/thumb/v7e-m+fp/hard/crtbegin.o
                0x08015a3c                        PROVIDE (__init_array_end = .)

.fini_array     0x08015a3c        0x4
                [!provide]                        PROVIDE (__fini_array_start = .)
 *(SORT_BY_NAME(.fini_array.*))
 *(.fini_array*)
 .fini_array    0x08015a3c        0x4 c:/progra~2/armgnu~1/1213fb~1.2mp/bin/../lib/gcc/arm-none-eabi/12.2.0/thumb/v7e-m+fp/hard/crtbegin.o
                [!provide]                        PROVIDE (__fini_array_end = .)
                0x08015a40                        _sidata = LOADADDR (.data)

.data           0x20000000       0x94 load address 0x08015a40
                0x20000000                        . = ALIGN (0x4)
                0x20000000                        _sdata = .
 *(.data)
 *(.data*)
 .data.__sglue  0x20000000        0xc c:/progra~2/armgnu~1/1213fb~1.2mp/bin/../lib/gcc/arm-none-eabi/12.2.0/thumb/v7e-m+fp/hard\libc_nano.a(libc_a-findfp.o)
                0x20000000                __sglue
 .data._impure_ptr
                0x2000000c        0x4 c:/progra~2/armgnu~1/1213fb~1.2mp/bin/../lib/gcc/arm-none-eabi/12.2.0/thumb/v7e-m+fp/hard\libc_nano.a(libc_a-impure.o)
                0x2000000c                _impure_ptr
 .data._impure_data
                0x20000010       0x4c c:/progra~2/armgnu~1/1213fb~1.2mp/bin/../lib/gcc/arm-none-eabi/12.2.0/thumb/v7e-m+fp/hard\libc_nano.a(libc_a-impure.o)
                0x20000010                _impure_data
 .data.p        0x2000005c        0x4 CMakeFiles/amperemeter.dir/Application/GUI/MYGUI/mygui.c.obj
                0x2000005c                p
 .data.i        0x20000060        0x4 CMakeFiles/amperemeter.dir/Application/GUI/MYGUI/mygui.c.obj
                0x20000060                i
 .data.menu_sta.6
                0x20000064        0x1 CMakeFiles/amperemeter.dir/Application/GUI/MYGUI/mygui.c.obj
 *fill*         0x20000065        0x3 
 .data.uwTickPrio
                0x20000068        0x4 CMakeFiles/amperemeter.dir/Drivers/STM32G4xx_HAL_Driver/Src/stm32g4xx_hal.c.obj
                0x20000068                uwTickPrio
 .data.uwTickFreq
                0x2000006c        0x4 CMakeFiles/amperemeter.dir/Drivers/STM32G4xx_HAL_Driver/Src/stm32g4xx_hal.c.obj
                0x2000006c                uwTickFreq
 .data.pFlash   0x20000070       0x20 CMakeFiles/amperemeter.dir/Drivers/STM32G4xx_HAL_Driver/Src/stm32g4xx_hal_flash.c.obj
                0x20000070                pFlash
 .data.SystemCoreClock
                0x20000090        0x4 CMakeFiles/amperemeter.dir/Core/Src/system_stm32g4xx.c.obj
                0x20000090                SystemCoreClock
                0x20000094                        . = ALIGN (0x4)
                0x20000094                        _edata = .

.tm_clone_table
                0x20000094        0x0 load address 0x08015ad4
 .tm_clone_table
                0x20000094        0x0 c:/progra~2/armgnu~1/1213fb~1.2mp/bin/../lib/gcc/arm-none-eabi/12.2.0/thumb/v7e-m+fp/hard/crtbegin.o
 .tm_clone_table
                0x20000094        0x0 c:/progra~2/armgnu~1/1213fb~1.2mp/bin/../lib/gcc/arm-none-eabi/12.2.0/thumb/v7e-m+fp/hard/crtend.o

.igot.plt       0x20000094        0x0 load address 0x08015ad4
 .igot.plt      0x20000094        0x0 c:/progra~2/armgnu~1/1213fb~1.2mp/bin/../lib/gcc/arm-none-eabi/12.2.0/thumb/v7e-m+fp/hard/crtbegin.o
                0x20000094                        . = ALIGN (0x4)

.bss            0x20000094     0x6a3c load address 0x08015ad4
                0x20000094                        _sbss = .
                0x20000094                        __bss_start__ = _sbss
 *(.bss)
 *(.bss*)
 .bss.completed.1
                0x20000094        0x1 c:/progra~2/armgnu~1/1213fb~1.2mp/bin/../lib/gcc/arm-none-eabi/12.2.0/thumb/v7e-m+fp/hard/crtbegin.o
 *fill*         0x20000095        0x3 
 .bss.object.0  0x20000098       0x18 c:/progra~2/armgnu~1/1213fb~1.2mp/bin/../lib/gcc/arm-none-eabi/12.2.0/thumb/v7e-m+fp/hard/crtbegin.o
 .bss.__sf      0x200000b0      0x138 c:/progra~2/armgnu~1/1213fb~1.2mp/bin/../lib/gcc/arm-none-eabi/12.2.0/thumb/v7e-m+fp/hard\libc_nano.a(libc_a-findfp.o)
                0x200000b0                __sf
 .bss.__stdio_exit_handler
                0x200001e8        0x4 c:/progra~2/armgnu~1/1213fb~1.2mp/bin/../lib/gcc/arm-none-eabi/12.2.0/thumb/v7e-m+fp/hard\libc_nano.a(libc_a-findfp.o)
                0x200001e8                __stdio_exit_handler
 .bss.errno     0x200001ec        0x4 c:/progra~2/armgnu~1/1213fb~1.2mp/bin/../lib/gcc/arm-none-eabi/12.2.0/thumb/v7e-m+fp/hard\libc_nano.a(libc_a-reent.o)
                0x200001ec                errno
 .bss.__lock___malloc_recursive_mutex
                0x200001f0        0x1 c:/progra~2/armgnu~1/1213fb~1.2mp/bin/../lib/gcc/arm-none-eabi/12.2.0/thumb/v7e-m+fp/hard\libc_nano.a(libc_a-lock.o)
                0x200001f0                __lock___malloc_recursive_mutex
 .bss.__lock___sfp_recursive_mutex
                0x200001f1        0x1 c:/progra~2/armgnu~1/1213fb~1.2mp/bin/../lib/gcc/arm-none-eabi/12.2.0/thumb/v7e-m+fp/hard\libc_nano.a(libc_a-lock.o)
                0x200001f1                __lock___sfp_recursive_mutex
 *fill*         0x200001f2        0x2 
 .bss.__malloc_sbrk_start
                0x200001f4        0x4 c:/progra~2/armgnu~1/1213fb~1.2mp/bin/../lib/gcc/arm-none-eabi/12.2.0/thumb/v7e-m+fp/hard\libc_nano.a(libc_a-mallocr.o)
                0x200001f4                __malloc_sbrk_start
 .bss.__malloc_free_list
                0x200001f8        0x4 c:/progra~2/armgnu~1/1213fb~1.2mp/bin/../lib/gcc/arm-none-eabi/12.2.0/thumb/v7e-m+fp/hard\libc_nano.a(libc_a-mallocr.o)
                0x200001f8                __malloc_free_list
 .bss.mygui     0x200001fc       0x64 CMakeFiles/amperemeter.dir/Application/GUI/MYGUI/mygui.c.obj
                0x200001fc                mygui
 .bss.measure   0x20000260       0x50 CMakeFiles/amperemeter.dir/Application/GUI/MYGUI/mygui.c.obj
                0x20000260                measure
 .bss.usr_config
                0x200002b0       0x50 CMakeFiles/amperemeter.dir/Application/GUI/MYGUI/mygui.c.obj
                0x200002b0                usr_config
 .bss.menu_point_now
                0x20000300        0x1 CMakeFiles/amperemeter.dir/Application/GUI/MYGUI/mygui.c.obj
 .bss.menu_screen_now
                0x20000301        0x1 CMakeFiles/amperemeter.dir/Application/GUI/MYGUI/mygui.c.obj
 *fill*         0x20000302        0x2 
 .bss.head      0x20000304        0x4 CMakeFiles/amperemeter.dir/Application/GUI/MYGUI/mygui.c.obj
                0x20000304                head
 .bss.Window1   0x20000308       0x18 CMakeFiles/amperemeter.dir/Application/GUI/MYGUI/mygui.c.obj
                0x20000308                Window1
 .bss.Window2   0x20000320       0x18 CMakeFiles/amperemeter.dir/Application/GUI/MYGUI/mygui.c.obj
                0x20000320                Window2
 .bss.Menu      0x20000338       0x18 CMakeFiles/amperemeter.dir/Application/GUI/MYGUI/mygui.c.obj
                0x20000338                Menu
 .bss.Sub_Menu  0x20000350       0x18 CMakeFiles/amperemeter.dir/Application/GUI/MYGUI/mygui.c.obj
                0x20000350                Sub_Menu
 .bss.i_sub_x   0x20000368        0x4 CMakeFiles/amperemeter.dir/Application/GUI/MYGUI/mygui.c.obj
                0x20000368                i_sub_x
 .bss.i_sub_y   0x2000036c        0x4 CMakeFiles/amperemeter.dir/Application/GUI/MYGUI/mygui.c.obj
                0x2000036c                i_sub_y
 .bss.v_p       0x20000370        0x1 CMakeFiles/amperemeter.dir/Application/GUI/MYGUI/mygui.c.obj
 .bss.c_p       0x20000371        0x1 CMakeFiles/amperemeter.dir/Application/GUI/MYGUI/mygui.c.obj
 .bss.s_p       0x20000372        0x1 CMakeFiles/amperemeter.dir/Application/GUI/MYGUI/mygui.c.obj
 .bss.s_f       0x20000373        0x1 CMakeFiles/amperemeter.dir/Application/GUI/MYGUI/mygui.c.obj
 .bss.temp.7    0x20000374        0x1 CMakeFiles/amperemeter.dir/Application/GUI/MYGUI/mygui.c.obj
 .bss.frame_x_last.5
                0x20000375        0x1 CMakeFiles/amperemeter.dir/Application/GUI/MYGUI/mygui.c.obj
 .bss.frame_y_last.4
                0x20000376        0x1 CMakeFiles/amperemeter.dir/Application/GUI/MYGUI/mygui.c.obj
 .bss.frame_x.3
                0x20000377        0x1 CMakeFiles/amperemeter.dir/Application/GUI/MYGUI/mygui.c.obj
 .bss.frame_y.2
                0x20000378        0x1 CMakeFiles/amperemeter.dir/Application/GUI/MYGUI/mygui.c.obj
 .bss.i.1       0x20000379        0x1 CMakeFiles/amperemeter.dir/Application/GUI/MYGUI/mygui.c.obj
 .bss.i.0       0x2000037a        0x1 CMakeFiles/amperemeter.dir/Application/GUI/MYGUI/mygui.c.obj
 *fill*         0x2000037b        0x1 
 .bss.gui       0x2000037c        0x4 CMakeFiles/amperemeter.dir/Application/GUI/uGUI/ugui.c.obj
 .bss.gram      0x20000380     0x6400 CMakeFiles/amperemeter.dir/Application/LCD/st7735.c.obj
                0x20000380                gram
 .bss.buff.0    0x20006780      0x140 CMakeFiles/amperemeter.dir/Application/LCD/st7735.c.obj
 .bss.hi2c2     0x200068c0       0x54 CMakeFiles/amperemeter.dir/Core/Src/i2c.c.obj
                0x200068c0                hi2c2
 .bss.hspi1     0x20006914       0x64 CMakeFiles/amperemeter.dir/Core/Src/spi.c.obj
                0x20006914                hspi1
 .bss.hdma_spi1_tx
                0x20006978       0x60 CMakeFiles/amperemeter.dir/Core/Src/spi.c.obj
                0x20006978                hdma_spi1_tx
 .bss.htim4     0x200069d8       0x4c CMakeFiles/amperemeter.dir/Core/Src/tim.c.obj
                0x200069d8                htim4
 .bss.htim6     0x20006a24       0x4c CMakeFiles/amperemeter.dir/Core/Src/tim.c.obj
                0x20006a24                htim6
 .bss.htim8     0x20006a70       0x4c CMakeFiles/amperemeter.dir/Core/Src/tim.c.obj
                0x20006a70                htim8
 .bss.last_time
                0x20006abc        0x4 CMakeFiles/amperemeter.dir/Core/Src/stm32g4xx_it.c.obj
                0x20006abc                last_time
 .bss.count.1   0x20006ac0        0x4 CMakeFiles/amperemeter.dir/Core/Src/stm32g4xx_it.c.obj
 .bss.t.0       0x20006ac4        0x1 CMakeFiles/amperemeter.dir/Core/Src/stm32g4xx_it.c.obj
 *fill*         0x20006ac5        0x3 
 .bss.uwTick    0x20006ac8        0x4 CMakeFiles/amperemeter.dir/Drivers/STM32G4xx_HAL_Driver/Src/stm32g4xx_hal.c.obj
                0x20006ac8                uwTick
 .bss.__sbrk_heap_end
                0x20006acc        0x4 CMakeFiles/amperemeter.dir/Core/Src/sysmem.c.obj
 *(COMMON)
                0x20006ad0                        . = ALIGN (0x4)
                0x20006ad0                        _ebss = .
                0x20006ad0                        __bss_end__ = _ebss

._user_heap_stack
                0x20006ad0      0x600 load address 0x08015ad4
                0x20006ad0                        . = ALIGN (0x8)
                [!provide]                        PROVIDE (end = .)
                0x20006ad0                        PROVIDE (_end = .)
                0x20006cd0                        . = (. + _Min_Heap_Size)
 *fill*         0x20006ad0      0x200 
                0x200070d0                        . = (. + _Min_Stack_Size)
 *fill*         0x20006cd0      0x400 
                0x200070d0                        . = ALIGN (0x8)

/DISCARD/
 libc.a(*)
 libm.a(*)
 libgcc.a(*)

.ARM.attributes
                0x00000000       0x30
 *(.ARM.attributes)
 .ARM.attributes
                0x00000000       0x22 c:/progra~2/armgnu~1/1213fb~1.2mp/bin/../lib/gcc/arm-none-eabi/12.2.0/thumb/v7e-m+fp/hard/crti.o
 .ARM.attributes
                0x00000022       0x34 c:/progra~2/armgnu~1/1213fb~1.2mp/bin/../lib/gcc/arm-none-eabi/12.2.0/thumb/v7e-m+fp/hard/crtbegin.o
 .ARM.attributes
                0x00000056       0x34 c:/progra~2/armgnu~1/1213fb~1.2mp/bin/../lib/gcc/arm-none-eabi/12.2.0/thumb/v7e-m+fp/hard\libc_nano.a(libc_a-findfp.o)
 .ARM.attributes
                0x0000008a       0x34 c:/progra~2/armgnu~1/1213fb~1.2mp/bin/../lib/gcc/arm-none-eabi/12.2.0/thumb/v7e-m+fp/hard\libc_nano.a(libc_a-fwalk.o)
 .ARM.attributes
                0x000000be       0x34 c:/progra~2/armgnu~1/1213fb~1.2mp/bin/../lib/gcc/arm-none-eabi/12.2.0/thumb/v7e-m+fp/hard\libc_nano.a(libc_a-stdio.o)
 .ARM.attributes
                0x000000f2       0x34 c:/progra~2/armgnu~1/1213fb~1.2mp/bin/../lib/gcc/arm-none-eabi/12.2.0/thumb/v7e-m+fp/hard\libc_nano.a(libc_a-memset.o)
 .ARM.attributes
                0x00000126       0x34 c:/progra~2/armgnu~1/1213fb~1.2mp/bin/../lib/gcc/arm-none-eabi/12.2.0/thumb/v7e-m+fp/hard\libc_nano.a(libc_a-closer.o)
 .ARM.attributes
                0x0000015a       0x34 c:/progra~2/armgnu~1/1213fb~1.2mp/bin/../lib/gcc/arm-none-eabi/12.2.0/thumb/v7e-m+fp/hard\libc_nano.a(libc_a-reent.o)
 .ARM.attributes
                0x0000018e       0x34 c:/progra~2/armgnu~1/1213fb~1.2mp/bin/../lib/gcc/arm-none-eabi/12.2.0/thumb/v7e-m+fp/hard\libc_nano.a(libc_a-impure.o)
 .ARM.attributes
                0x000001c2       0x34 c:/progra~2/armgnu~1/1213fb~1.2mp/bin/../lib/gcc/arm-none-eabi/12.2.0/thumb/v7e-m+fp/hard\libc_nano.a(libc_a-lseekr.o)
 .ARM.attributes
                0x000001f6       0x34 c:/progra~2/armgnu~1/1213fb~1.2mp/bin/../lib/gcc/arm-none-eabi/12.2.0/thumb/v7e-m+fp/hard\libc_nano.a(libc_a-readr.o)
 .ARM.attributes
                0x0000022a       0x34 c:/progra~2/armgnu~1/1213fb~1.2mp/bin/../lib/gcc/arm-none-eabi/12.2.0/thumb/v7e-m+fp/hard\libc_nano.a(libc_a-writer.o)
 .ARM.attributes
                0x0000025e       0x34 c:/progra~2/armgnu~1/1213fb~1.2mp/bin/../lib/gcc/arm-none-eabi/12.2.0/thumb/v7e-m+fp/hard\libc_nano.a(libc_a-init.o)
 .ARM.attributes
                0x00000292       0x34 c:/progra~2/armgnu~1/1213fb~1.2mp/bin/../lib/gcc/arm-none-eabi/12.2.0/thumb/v7e-m+fp/hard\libc_nano.a(libc_a-lock.o)
 .ARM.attributes
                0x000002c6       0x34 c:/progra~2/armgnu~1/1213fb~1.2mp/bin/../lib/gcc/arm-none-eabi/12.2.0/thumb/v7e-m+fp/hard\libc_nano.a(libc_a-freer.o)
 .ARM.attributes
                0x000002fa       0x34 c:/progra~2/armgnu~1/1213fb~1.2mp/bin/../lib/gcc/arm-none-eabi/12.2.0/thumb/v7e-m+fp/hard\libc_nano.a(libc_a-mallocr.o)
 .ARM.attributes
                0x0000032e       0x34 c:/progra~2/armgnu~1/1213fb~1.2mp/bin/../lib/gcc/arm-none-eabi/12.2.0/thumb/v7e-m+fp/hard\libc_nano.a(libc_a-mlock.o)
 .ARM.attributes
                0x00000362       0x34 c:/progra~2/armgnu~1/1213fb~1.2mp/bin/../lib/gcc/arm-none-eabi/12.2.0/thumb/v7e-m+fp/hard\libc_nano.a(libc_a-fflush.o)
 .ARM.attributes
                0x00000396       0x34 c:/progra~2/armgnu~1/1213fb~1.2mp/bin/../lib/gcc/arm-none-eabi/12.2.0/thumb/v7e-m+fp/hard\libc_nano.a(libc_a-sbrkr.o)
 .ARM.attributes
                0x000003ca       0x34 CMakeFiles/amperemeter.dir/Application/GUI/MYGUI/mygui.c.obj
 .ARM.attributes
                0x000003fe       0x34 CMakeFiles/amperemeter.dir/Application/GUI/uGUI/ugui.c.obj
 .ARM.attributes
                0x00000432       0x34 CMakeFiles/amperemeter.dir/Application/INA226/ina226.c.obj
 .ARM.attributes
                0x00000466       0x34 CMakeFiles/amperemeter.dir/Application/LCD/st7735.c.obj
 .ARM.attributes
                0x0000049a       0x34 CMakeFiles/amperemeter.dir/Core/Src/main.c.obj
 .ARM.attributes
                0x000004ce       0x34 CMakeFiles/amperemeter.dir/Core/Src/gpio.c.obj
 .ARM.attributes
                0x00000502       0x34 CMakeFiles/amperemeter.dir/Core/Src/dma.c.obj
 .ARM.attributes
                0x00000536       0x34 CMakeFiles/amperemeter.dir/Core/Src/i2c.c.obj
 .ARM.attributes
                0x0000056a       0x34 CMakeFiles/amperemeter.dir/Core/Src/spi.c.obj
 .ARM.attributes
                0x0000059e       0x34 CMakeFiles/amperemeter.dir/Core/Src/tim.c.obj
 .ARM.attributes
                0x000005d2       0x34 CMakeFiles/amperemeter.dir/Core/Src/stm32g4xx_it.c.obj
 .ARM.attributes
                0x00000606       0x34 CMakeFiles/amperemeter.dir/Core/Src/stm32g4xx_hal_msp.c.obj
 .ARM.attributes
                0x0000063a       0x34 CMakeFiles/amperemeter.dir/Drivers/STM32G4xx_HAL_Driver/Src/stm32g4xx_hal_i2c.c.obj
 .ARM.attributes
                0x0000066e       0x34 CMakeFiles/amperemeter.dir/Drivers/STM32G4xx_HAL_Driver/Src/stm32g4xx_hal_i2c_ex.c.obj
 .ARM.attributes
                0x000006a2       0x34 CMakeFiles/amperemeter.dir/Drivers/STM32G4xx_HAL_Driver/Src/stm32g4xx_hal.c.obj
 .ARM.attributes
                0x000006d6       0x34 CMakeFiles/amperemeter.dir/Drivers/STM32G4xx_HAL_Driver/Src/stm32g4xx_hal_rcc.c.obj
 .ARM.attributes
                0x0000070a       0x34 CMakeFiles/amperemeter.dir/Drivers/STM32G4xx_HAL_Driver/Src/stm32g4xx_hal_rcc_ex.c.obj
 .ARM.attributes
                0x0000073e       0x34 CMakeFiles/amperemeter.dir/Drivers/STM32G4xx_HAL_Driver/Src/stm32g4xx_hal_flash.c.obj
 .ARM.attributes
                0x00000772       0x34 CMakeFiles/amperemeter.dir/Drivers/STM32G4xx_HAL_Driver/Src/stm32g4xx_hal_flash_ex.c.obj
 .ARM.attributes
                0x000007a6       0x34 CMakeFiles/amperemeter.dir/Drivers/STM32G4xx_HAL_Driver/Src/stm32g4xx_hal_gpio.c.obj
 .ARM.attributes
                0x000007da       0x34 CMakeFiles/amperemeter.dir/Drivers/STM32G4xx_HAL_Driver/Src/stm32g4xx_hal_dma.c.obj
 .ARM.attributes
                0x0000080e       0x34 CMakeFiles/amperemeter.dir/Drivers/STM32G4xx_HAL_Driver/Src/stm32g4xx_hal_pwr_ex.c.obj
 .ARM.attributes
                0x00000842       0x34 CMakeFiles/amperemeter.dir/Drivers/STM32G4xx_HAL_Driver/Src/stm32g4xx_hal_cortex.c.obj
 .ARM.attributes
                0x00000876       0x34 CMakeFiles/amperemeter.dir/Drivers/STM32G4xx_HAL_Driver/Src/stm32g4xx_hal_spi.c.obj
 .ARM.attributes
                0x000008aa       0x34 CMakeFiles/amperemeter.dir/Drivers/STM32G4xx_HAL_Driver/Src/stm32g4xx_hal_tim.c.obj
 .ARM.attributes
                0x000008de       0x34 CMakeFiles/amperemeter.dir/Drivers/STM32G4xx_HAL_Driver/Src/stm32g4xx_hal_tim_ex.c.obj
 .ARM.attributes
                0x00000912       0x34 CMakeFiles/amperemeter.dir/Core/Src/system_stm32g4xx.c.obj
 .ARM.attributes
                0x00000946       0x34 CMakeFiles/amperemeter.dir/Core/Src/sysmem.c.obj
 .ARM.attributes
                0x0000097a       0x34 CMakeFiles/amperemeter.dir/Core/Src/syscalls.c.obj
 .ARM.attributes
                0x000009ae       0x21 CMakeFiles/amperemeter.dir/startup_stm32g431xx.s.obj
 .ARM.attributes
                0x000009cf       0x22 c:/progra~2/armgnu~1/1213fb~1.2mp/bin/../lib/gcc/arm-none-eabi/12.2.0/thumb/v7e-m+fp/hard\libgcc.a(_arm_addsubdf3.o)
 .ARM.attributes
                0x000009f1       0x34 c:/progra~2/armgnu~1/1213fb~1.2mp/bin/../lib/gcc/arm-none-eabi/12.2.0/thumb/v7e-m+fp/hard\libg_nano.a(libc_a-itoa.o)
 .ARM.attributes
                0x00000a25       0x34 c:/progra~2/armgnu~1/1213fb~1.2mp/bin/../lib/gcc/arm-none-eabi/12.2.0/thumb/v7e-m+fp/hard\libg_nano.a(libc_a-utoa.o)
 .ARM.attributes
                0x00000a59       0x34 c:/progra~2/armgnu~1/1213fb~1.2mp/bin/../lib/gcc/arm-none-eabi/12.2.0/thumb/v7e-m+fp/hard\libg_nano.a(libc_a-efgcvt.o)
 .ARM.attributes
                0x00000a8d       0x34 c:/progra~2/armgnu~1/1213fb~1.2mp/bin/../lib/gcc/arm-none-eabi/12.2.0/thumb/v7e-m+fp/hard\libg_nano.a(libc_a-errno.o)
 .ARM.attributes
                0x00000ac1       0x34 c:/progra~2/armgnu~1/1213fb~1.2mp/bin/../lib/gcc/arm-none-eabi/12.2.0/thumb/v7e-m+fp/hard\libg_nano.a(libc_a-memcpy-stub.o)
 .ARM.attributes
                0x00000af5       0x34 c:/progra~2/armgnu~1/1213fb~1.2mp/bin/../lib/gcc/arm-none-eabi/12.2.0/thumb/v7e-m+fp/hard\libg_nano.a(libc_a-ecvtbuf.o)
 .ARM.attributes
                0x00000b29       0x34 c:/progra~2/armgnu~1/1213fb~1.2mp/bin/../lib/gcc/arm-none-eabi/12.2.0/thumb/v7e-m+fp/hard\libg_nano.a(libc_a-strcpy.o)
 .ARM.attributes
                0x00000b5d       0x34 c:/progra~2/armgnu~1/1213fb~1.2mp/bin/../lib/gcc/arm-none-eabi/12.2.0/thumb/v7e-m+fp/hard\libg_nano.a(libc_a-dtoa.o)
 .ARM.attributes
                0x00000b91       0x34 c:/progra~2/armgnu~1/1213fb~1.2mp/bin/../lib/gcc/arm-none-eabi/12.2.0/thumb/v7e-m+fp/hard\libg_nano.a(libc_a-malloc.o)
 .ARM.attributes
                0x00000bc5       0x34 c:/progra~2/armgnu~1/1213fb~1.2mp/bin/../lib/gcc/arm-none-eabi/12.2.0/thumb/v7e-m+fp/hard\libg_nano.a(libc_a-mprec.o)
 .ARM.attributes
                0x00000bf9       0x34 c:/progra~2/armgnu~1/1213fb~1.2mp/bin/../lib/gcc/arm-none-eabi/12.2.0/thumb/v7e-m+fp/hard\libg_nano.a(libc_a-assert.o)
 .ARM.attributes
                0x00000c2d       0x34 c:/progra~2/armgnu~1/1213fb~1.2mp/bin/../lib/gcc/arm-none-eabi/12.2.0/thumb/v7e-m+fp/hard\libg_nano.a(libc_a-callocr.o)
 .ARM.attributes
                0x00000c61       0x34 c:/progra~2/armgnu~1/1213fb~1.2mp/bin/../lib/gcc/arm-none-eabi/12.2.0/thumb/v7e-m+fp/hard\libg_nano.a(libc_a-fprintf.o)
 .ARM.attributes
                0x00000c95       0x34 c:/progra~2/armgnu~1/1213fb~1.2mp/bin/../lib/gcc/arm-none-eabi/12.2.0/thumb/v7e-m+fp/hard\libg_nano.a(libc_a-abort.o)
 .ARM.attributes
                0x00000cc9       0x34 c:/progra~2/armgnu~1/1213fb~1.2mp/bin/../lib/gcc/arm-none-eabi/12.2.0/thumb/v7e-m+fp/hard\libg_nano.a(libc_a-nano-vfprintf.o)
 .ARM.attributes
                0x00000cfd       0x34 c:/progra~2/armgnu~1/1213fb~1.2mp/bin/../lib/gcc/arm-none-eabi/12.2.0/thumb/v7e-m+fp/hard\libg_nano.a(libc_a-nano-vfprintf_i.o)
 .ARM.attributes
                0x00000d31       0x34 c:/progra~2/armgnu~1/1213fb~1.2mp/bin/../lib/gcc/arm-none-eabi/12.2.0/thumb/v7e-m+fp/hard\libg_nano.a(libc_a-wbuf.o)
 .ARM.attributes
                0x00000d65       0x34 c:/progra~2/armgnu~1/1213fb~1.2mp/bin/../lib/gcc/arm-none-eabi/12.2.0/thumb/v7e-m+fp/hard\libg_nano.a(libc_a-wsetup.o)
 .ARM.attributes
                0x00000d99       0x34 c:/progra~2/armgnu~1/1213fb~1.2mp/bin/../lib/gcc/arm-none-eabi/12.2.0/thumb/v7e-m+fp/hard\libg_nano.a(libc_a-signal.o)
 .ARM.attributes
                0x00000dcd       0x34 c:/progra~2/armgnu~1/1213fb~1.2mp/bin/../lib/gcc/arm-none-eabi/12.2.0/thumb/v7e-m+fp/hard\libg_nano.a(libc_a-signalr.o)
 .ARM.attributes
                0x00000e01       0x1c c:/progra~2/armgnu~1/1213fb~1.2mp/bin/../lib/gcc/arm-none-eabi/12.2.0/thumb/v7e-m+fp/hard\libg_nano.a(libc_a-memchr.o)
 .ARM.attributes
                0x00000e1d       0x34 c:/progra~2/armgnu~1/1213fb~1.2mp/bin/../lib/gcc/arm-none-eabi/12.2.0/thumb/v7e-m+fp/hard\libg_nano.a(libc_a-makebuf.o)
 .ARM.attributes
                0x00000e51       0x34 c:/progra~2/armgnu~1/1213fb~1.2mp/bin/../lib/gcc/arm-none-eabi/12.2.0/thumb/v7e-m+fp/hard\libg_nano.a(libc_a-fstatr.o)
 .ARM.attributes
                0x00000e85       0x34 c:/progra~2/armgnu~1/1213fb~1.2mp/bin/../lib/gcc/arm-none-eabi/12.2.0/thumb/v7e-m+fp/hard\libg_nano.a(libc_a-isattyr.o)
 .ARM.attributes
                0x00000eb9       0x22 c:/progra~2/armgnu~1/1213fb~1.2mp/bin/../lib/gcc/arm-none-eabi/12.2.0/thumb/v7e-m+fp/hard\libgcc.a(_arm_muldivdf3.o)
 .ARM.attributes
                0x00000edb       0x22 c:/progra~2/armgnu~1/1213fb~1.2mp/bin/../lib/gcc/arm-none-eabi/12.2.0/thumb/v7e-m+fp/hard\libgcc.a(_arm_cmpdf2.o)
 .ARM.attributes
                0x00000efd       0x22 c:/progra~2/armgnu~1/1213fb~1.2mp/bin/../lib/gcc/arm-none-eabi/12.2.0/thumb/v7e-m+fp/hard\libgcc.a(_arm_fixdfsi.o)
 .ARM.attributes
                0x00000f1f       0x34 c:/progra~2/armgnu~1/1213fb~1.2mp/bin/../lib/gcc/arm-none-eabi/12.2.0/thumb/v7e-m+fp/hard/crtend.o
 .ARM.attributes
                0x00000f53       0x22 c:/progra~2/armgnu~1/1213fb~1.2mp/bin/../lib/gcc/arm-none-eabi/12.2.0/thumb/v7e-m+fp/hard/crtn.o
OUTPUT(amperemeter.elf elf32-littlearm)
LOAD linker stubs
LOAD c:/progra~2/armgnu~1/1213fb~1.2mp/bin/../lib/gcc/arm-none-eabi/12.2.0/thumb/v7e-m+fp/hard\libc.a
LOAD c:/progra~2/armgnu~1/1213fb~1.2mp/bin/../lib/gcc/arm-none-eabi/12.2.0/thumb/v7e-m+fp/hard\libm.a
LOAD c:/progra~2/armgnu~1/1213fb~1.2mp/bin/../lib/gcc/arm-none-eabi/12.2.0/thumb/v7e-m+fp/hard\libgcc.a

.comment        0x00000000       0x4c
 .comment       0x00000000       0x4c c:/progra~2/armgnu~1/1213fb~1.2mp/bin/../lib/gcc/arm-none-eabi/12.2.0/thumb/v7e-m+fp/hard/crtbegin.o
                                 0x4d (size before relaxing)
 .comment       0x0000004c       0x4d c:/progra~2/armgnu~1/1213fb~1.2mp/bin/../lib/gcc/arm-none-eabi/12.2.0/thumb/v7e-m+fp/hard\libc_nano.a(libc_a-findfp.o)
 .comment       0x0000004c       0x4d c:/progra~2/armgnu~1/1213fb~1.2mp/bin/../lib/gcc/arm-none-eabi/12.2.0/thumb/v7e-m+fp/hard\libc_nano.a(libc_a-fwalk.o)
 .comment       0x0000004c       0x4d c:/progra~2/armgnu~1/1213fb~1.2mp/bin/../lib/gcc/arm-none-eabi/12.2.0/thumb/v7e-m+fp/hard\libc_nano.a(libc_a-stdio.o)