Archive member included to satisfy reference by file (symbol)

c:/progra~2/armgnu~1/1213fb~1.2mp/bin/../lib/gcc/arm-none-eabi/12.2.0/thumb/v7e-m+fp/hard\libc_nano.a(libc_a-exit.o)
                              c:/progra~2/armgnu~1/1213fb~1.2mp/bin/../lib/gcc/arm-none-eabi/12.2.0/thumb/v7e-m+fp/hard/crt0.o (exit)
c:/progra~2/armgnu~1/1213fb~1.2mp/bin/../lib/gcc/arm-none-eabi/12.2.0/thumb/v7e-m+fp/hard\libc_nano.a(libc_a-findfp.o)
                              c:/progra~2/armgnu~1/1213fb~1.2mp/bin/../lib/gcc/arm-none-eabi/12.2.0/thumb/v7e-m+fp/hard\libc_nano.a(libc_a-exit.o) (__stdio_exit_handler)
c:/progra~2/armgnu~1/1213fb~1.2mp/bin/../lib/gcc/arm-none-eabi/12.2.0/thumb/v7e-m+fp/hard\libc_nano.a(libc_a-fwalk.o)
                              c:/progra~2/armgnu~1/1213fb~1.2mp/bin/../lib/gcc/arm-none-eabi/12.2.0/thumb/v7e-m+fp/hard\libc_nano.a(libc_a-findfp.o) (_fwalk_sglue)
c:/progra~2/armgnu~1/1213fb~1.2mp/bin/../lib/gcc/arm-none-eabi/12.2.0/thumb/v7e-m+fp/hard\libc_nano.a(libc_a-stdio.o)
                              c:/progra~2/armgnu~1/1213fb~1.2mp/bin/../lib/gcc/arm-none-eabi/12.2.0/thumb/v7e-m+fp/hard\libc_nano.a(libc_a-findfp.o) (__sread)
c:/progra~2/armgnu~1/1213fb~1.2mp/bin/../lib/gcc/arm-none-eabi/12.2.0/thumb/v7e-m+fp/hard\libc_nano.a(libc_a-memset.o)
                              c:/progra~2/armgnu~1/1213fb~1.2mp/bin/../lib/gcc/arm-none-eabi/12.2.0/thumb/v7e-m+fp/hard/crt0.o (memset)
c:/progra~2/armgnu~1/1213fb~1.2mp/bin/../lib/gcc/arm-none-eabi/12.2.0/thumb/v7e-m+fp/hard\libc_nano.a(libc_a-closer.o)
                              c:/progra~2/armgnu~1/1213fb~1.2mp/bin/../lib/gcc/arm-none-eabi/12.2.0/thumb/v7e-m+fp/hard\libc_nano.a(libc_a-stdio.o) (_close_r)
c:/progra~2/armgnu~1/1213fb~1.2mp/bin/../lib/gcc/arm-none-eabi/12.2.0/thumb/v7e-m+fp/hard\libc_nano.a(libc_a-reent.o)
                              c:/progra~2/armgnu~1/1213fb~1.2mp/bin/../lib/gcc/arm-none-eabi/12.2.0/thumb/v7e-m+fp/hard\libc_nano.a(libc_a-closer.o) (errno)
c:/progra~2/armgnu~1/1213fb~1.2mp/bin/../lib/gcc/arm-none-eabi/12.2.0/thumb/v7e-m+fp/hard\libc_nano.a(libc_a-impure.o)
                              c:/progra~2/armgnu~1/1213fb~1.2mp/bin/../lib/gcc/arm-none-eabi/12.2.0/thumb/v7e-m+fp/hard\libc_nano.a(libc_a-reent.o) (_impure_ptr)
c:/progra~2/armgnu~1/1213fb~1.2mp/bin/../lib/gcc/arm-none-eabi/12.2.0/thumb/v7e-m+fp/hard\libc_nano.a(libc_a-lseekr.o)
                              c:/progra~2/armgnu~1/1213fb~1.2mp/bin/../lib/gcc/arm-none-eabi/12.2.0/thumb/v7e-m+fp/hard\libc_nano.a(libc_a-stdio.o) (_lseek_r)
c:/progra~2/armgnu~1/1213fb~1.2mp/bin/../lib/gcc/arm-none-eabi/12.2.0/thumb/v7e-m+fp/hard\libc_nano.a(libc_a-readr.o)
                              c:/progra~2/armgnu~1/1213fb~1.2mp/bin/../lib/gcc/arm-none-eabi/12.2.0/thumb/v7e-m+fp/hard\libc_nano.a(libc_a-stdio.o) (_read_r)
c:/progra~2/armgnu~1/1213fb~1.2mp/bin/../lib/gcc/arm-none-eabi/12.2.0/thumb/v7e-m+fp/hard\libc_nano.a(libc_a-writer.o)
                              c:/progra~2/armgnu~1/1213fb~1.2mp/bin/../lib/gcc/arm-none-eabi/12.2.0/thumb/v7e-m+fp/hard\libc_nano.a(libc_a-stdio.o) (_write_r)
c:/progra~2/armgnu~1/1213fb~1.2mp/bin/../lib/gcc/arm-none-eabi/12.2.0/thumb/v7e-m+fp/hard\libc_nano.a(libc_a-init.o)
                              c:/progra~2/armgnu~1/1213fb~1.2mp/bin/../lib/gcc/arm-none-eabi/12.2.0/thumb/v7e-m+fp/hard/crt0.o (__libc_init_array)
c:/progra~2/armgnu~1/1213fb~1.2mp/bin/../lib/gcc/arm-none-eabi/12.2.0/thumb/v7e-m+fp/hard\libc_nano.a(libc_a-lock.o)
                              c:/progra~2/armgnu~1/1213fb~1.2mp/bin/../lib/gcc/arm-none-eabi/12.2.0/thumb/v7e-m+fp/hard\libc_nano.a(libc_a-findfp.o) (__retarget_lock_init_recursive)
c:/progra~2/armgnu~1/1213fb~1.2mp/bin/../lib/gcc/arm-none-eabi/12.2.0/thumb/v7e-m+fp/hard\libc_nano.a(libc_a-freer.o)
                              c:/progra~2/armgnu~1/1213fb~1.2mp/bin/../lib/gcc/arm-none-eabi/12.2.0/thumb/v7e-m+fp/hard\libc_nano.a(libc_a-reent.o) (_free_r)
c:/progra~2/armgnu~1/1213fb~1.2mp/bin/../lib/gcc/arm-none-eabi/12.2.0/thumb/v7e-m+fp/hard\libc_nano.a(libc_a-mallocr.o)
                              c:/progra~2/armgnu~1/1213fb~1.2mp/bin/../lib/gcc/arm-none-eabi/12.2.0/thumb/v7e-m+fp/hard\libc_nano.a(libc_a-findfp.o) (_malloc_r)
c:/progra~2/armgnu~1/1213fb~1.2mp/bin/../lib/gcc/arm-none-eabi/12.2.0/thumb/v7e-m+fp/hard\libc_nano.a(libc_a-mlock.o)
                              c:/progra~2/armgnu~1/1213fb~1.2mp/bin/../lib/gcc/arm-none-eabi/12.2.0/thumb/v7e-m+fp/hard\libc_nano.a(libc_a-freer.o) (__malloc_lock)
c:/progra~2/armgnu~1/1213fb~1.2mp/bin/../lib/gcc/arm-none-eabi/12.2.0/thumb/v7e-m+fp/hard\libc_nano.a(libc_a-fflush.o)
                              c:/progra~2/armgnu~1/1213fb~1.2mp/bin/../lib/gcc/arm-none-eabi/12.2.0/thumb/v7e-m+fp/hard\libc_nano.a(libc_a-findfp.o) (_fflush_r)
c:/progra~2/armgnu~1/1213fb~1.2mp/bin/../lib/gcc/arm-none-eabi/12.2.0/thumb/v7e-m+fp/hard\libc_nano.a(libc_a-sbrkr.o)
[...]
Memory Configuration

Name             Origin             Length             Attributes
RAM              0x20000000         0x00008000         xrw
FLASH            0x08000000         0x00020000         xr
*default*        0x00000000         0xffffffff

Linker script and memory map

LOAD c:/progra~2/armgnu~1/1213fb~1.2mp/bin/../lib/gcc/arm-none-eabi/12.2.0/thumb/v7e-m+fp/hard/crti.o
LOAD c:/progra~2/armgnu~1/1213fb~1.2mp/bin/../lib/gcc/arm-none-eabi/12.2.0/thumb/v7e-m+fp/hard/crtbegin.o
LOAD c:/progra~2/armgnu~1/1213fb~1.2mp/bin/../lib/gcc/arm-none-eabi/12.2.0/thumb/v7e-m+fp/hard/crt0.o
START GROUP
LOAD c:/progra~2/armgnu~1/1213fb~1.2mp/bin/../lib/gcc/arm-none-eabi/12.2.0/thumb/v7e-m+fp/hard\libc_nano.a
LOAD c:/progra~2/armgnu~1/1213fb~1.2mp/bin/../lib/gcc/arm-none-eabi/12.2.0/thumb/v7e-m+fp/hard\libm.a
END GROUP
LOAD CMakeFiles/amperemeter.dir/Application/GUI/MYGUI/mygui.c.obj
LOAD CMakeFiles/amperemeter.dir/Application/GUI/uGUI/ugui.c.obj
LOAD CMakeFiles/amperemeter.dir/Application/INA226/ina226.c.obj
LOAD CMakeFiles/amperemeter.dir/Application/LCD/st7735.c.obj
LOAD CMakeFiles/amperemeter.dir/Core/Src/main.c.obj
LOAD CMakeFiles/amperemeter.dir/Core/Src/gpio.c.obj
LOAD CMakeFiles/amperemeter.dir/Core/Src/dma.c.obj
LOAD CMakeFiles/amperemeter.dir/Core/Src/i2c.c.obj
LOAD CMakeFiles/amperemeter.dir/Core/Src/spi.c.obj
LOAD CMakeFiles/amperemeter.dir/Core/Src/tim.c.obj
LOAD CMakeFiles/amperemeter.dir/Core/Src/stm32g4xx_it.c.obj
LOAD CMakeFiles/amperemeter.dir/Core/Src/stm32g4xx_hal_msp.c.obj
LOAD CMakeFiles/amperemeter.dir/Drivers/STM32G4xx_HAL_Driver/Src/stm32g4xx_hal_i2c.c.obj
LOAD CMakeFiles/amperemeter.dir/Drivers/STM32G4xx_HAL_Driver/Src/stm32g4xx_hal_i2c_ex.c.obj
LOAD CMakeFiles/amperemeter.dir/Drivers/STM32G4xx_HAL_Driver/Src/stm32g4xx_hal.c.obj
LOAD CMakeFiles/amperemeter.dir/Drivers/STM32G4xx_HAL_Driver/Src/stm32g4xx_hal_rcc.c.obj
LOAD CMakeFiles/amperemeter.dir/Drivers/STM32G4xx_HAL_Driver/Src/stm32g4xx_hal_rcc_ex.c.obj
LOAD CMakeFiles/amperemeter.dir/Drivers/STM32G4xx_HAL_Driver/Src/stm32g4xx_hal_flash.c.obj
LOAD CMakeFiles/amperemeter.dir/Drivers/STM32G4xx_HAL_Driver/Src/stm32g4xx_hal_flash_ex.c.obj
LOAD CMakeFiles/amperemeter.dir/Drivers/STM32G4xx_HAL_Driver/Src/stm32g4xx_hal_flash_ramfunc.c.obj
LOAD CMakeFiles/amperemeter.dir/Drivers/STM32G4xx_HAL_Driver/Src/stm32g4xx_hal_gpio.c.obj
LOAD CMakeFiles/amperemeter.dir/Drivers/STM32G4xx_HAL_Driver/Src/stm32g4xx_hal_exti.c.obj
LOAD CMakeFiles/amperemeter.dir/Drivers/STM32G4xx_HAL_Driver/Src/stm32g4xx_hal_dma.c.obj
LOAD CMakeFiles/amperemeter.dir/Drivers/STM32G4xx_HAL_Driver/Src/stm32g4xx_hal_dma_ex.c.obj
LOAD CMakeFiles/amperemeter.dir/Drivers/STM32G4xx_HAL_Driver/Src/stm32g4xx_hal_pwr.c.obj
LOAD CMakeFiles/amperemeter.dir/Drivers/STM32G4xx_HAL_Driver/Src/stm32g4xx_hal_pwr_ex.c.obj
LOAD CMakeFiles/amperemeter.dir/Drivers/STM32G4xx_HAL_Driver/Src/stm32g4xx_hal_cortex.c.obj
LOAD CMakeFiles/amperemeter.dir/Drivers/STM32G4xx_HAL_Driver/Src/stm32g4xx_hal_spi.c.obj
LOAD CMakeFiles/amperemeter.dir/Drivers/STM32G4xx_HAL_Driver/Src/stm32g4xx_hal_spi_ex.c.obj
LOAD CMakeFiles/amperemeter.dir/Drivers/STM32G4xx_HAL_Driver/Src/stm32g4xx_hal_tim.c.obj
LOAD CMakeFiles/amperemeter.dir/Drivers/STM32G4xx_HAL_Driver/Src/stm32g4xx_hal_tim_ex.c.obj
LOAD CMakeFiles/amperemeter.dir/Core/Src/system_stm32g4xx.c.obj
LOAD CMakeFiles/amperemeter.dir/Core/Src/sysmem.c.obj
LOAD CMakeFiles/amperemeter.dir/Core/Src/syscalls.c.obj
LOAD CMakeFiles/amperemeter.dir/startup_stm32g431xx.s.obj
START GROUP
LOAD c:/progra~2/armgnu~1/1213fb~1.2mp/bin/../lib/gcc/arm-none-eabi/12.2.0/thumb/v7e-m+fp/hard\libgcc.a
LOAD c:/progra~2/armgnu~1/1213fb~1.2mp/bin/../lib/gcc/arm-none-eabi/12.2.0/thumb/v7e-m+fp/hard\libg_nano.a
LOAD c:/progra~2/armgnu~1/1213fb~1.2mp/bin/../lib/gcc/arm-none-eabi/12.2.0/thumb/v7e-m+fp/hard\libc_nano.a
END GROUP
START GROUP
LOAD c:/progra~2/armgnu~1/1213fb~1.2mp/bin/../lib/gcc/arm-none-eabi/12.2.0/thumb/v7e-m+fp/hard\libgcc.a
LOAD c:/progra~2/armgnu~1/1213fb~1.2mp/bin/../lib/gcc/arm-none-eabi/12.2.0/thumb/v7e-m+fp/hard\libc_nano.a
END GROUP
LOAD c:/progra~2/armgnu~1/1213fb~1.2mp/bin/../lib/gcc/arm-none-eabi/12.2.0/thumb/v7e-m+fp/hard/crtend.o
LOAD c:/progra~2/armgnu~1/1213fb~1.2mp/bin/../lib/gcc/arm-none-eabi/12.2.0/thumb/v7e-m+fp/hard/crtn.o
                0x20008000                        _estack = (ORIGIN (RAM) + LENGTH (RAM))
                0x00000200                        _Min_Heap_Size = 0x200
                0x00000400                        _Min_Stack_Size = 0x400

.isr_vector     0x08000000      0x1d8
                0x08000000                        . = ALIGN (0x4)
 *(.isr_vector)
 .isr_vector    0x08000000      0x1d8 CMakeFiles/amperemeter.dir/startup_stm32g431xx.s.obj
                0x08000000                g_pfnVectors
                0x080001d8                        . = ALIGN (0x4)

.text           0x080001e0     0x9bec
                0x080001e0                        . = ALIGN (0x4)
 *(.text)
 .text          0x080001e0      0x378 c:/progra~2/armgnu~1/1213fb~1.2mp/bin/../lib/gcc/arm-none-eabi/12.2.0/thumb/v7e-m+fp/hard\libgcc.a(_arm_addsubdf3.o)
                0x080001e0                __aeabi_drsub
                0x080001e8                __aeabi_dsub
                0x080001e8                __subdf3
                0x080001ec                __aeabi_dadd
                0x080001ec                __adddf3
                0x08000464                __floatunsidf
                0x08000464                __aeabi_ui2d
                0x08000484                __floatsidf
                0x08000484                __aeabi_i2d
                0x080004a8                __aeabi_f2d
                0x080004a8                __extendsfdf2
                0x080004ec                __floatundidf
                0x080004ec                __aeabi_ul2d
                0x080004fc                __floatdidf
                0x080004fc                __aeabi_l2d
 *fill*         0x08000558        0x8 
 .text          0x08000560       0xa0 c:/progra~2/armgnu~1/1213fb~1.2mp/bin/../lib/gcc/arm-none-eabi/12.2.0/thumb/v7e-m+fp/hard\libg_nano.a(libc_a-memchr.o)
                0x08000560                memchr
 .text          0x08000600      0x424 c:/progra~2/armgnu~1/1213fb~1.2mp/bin/../lib/gcc/arm-none-eabi/12.2.0/thumb/v7e-m+fp/hard\libgcc.a(_arm_muldivdf3.o)
                0x08000600                __aeabi_dmul
                0x08000600                __muldf3
                0x08000854                __divdf3
                0x08000854                __aeabi_ddiv
 .text          0x08000a24      0x110 c:/progra~2/armgnu~1/1213fb~1.2mp/bin/../lib/gcc/arm-none-eabi/12.2.0/thumb/v7e-m+fp/hard\libgcc.a(_arm_cmpdf2.o)
                0x08000a24                __gtdf2
                0x08000a24                __gedf2
                0x08000a2c                __ltdf2
                0x08000a2c                __ledf2
                0x08000a34                __nedf2
                0x08000a34                __eqdf2
                0x08000a34                __cmpdf2
                0x08000ab0                __aeabi_cdrcmple
                0x08000ac0                __aeabi_cdcmpeq
                0x08000ac0                __aeabi_cdcmple
                0x08000ad0                __aeabi_dcmpeq
                0x08000ae4                __aeabi_dcmplt
                0x08000af8                __aeabi_dcmple
                0x08000b0c                __aeabi_dcmpge
                0x08000b20                __aeabi_dcmpgt
 .text          0x08000b34       0x50 c:/progra~2/armgnu~1/1213fb~1.2mp/bin/../lib/gcc/arm-none-eabi/12.2.0/thumb/v7e-m+fp/hard\libgcc.a(_arm_fixdfsi.o)
                0x08000b34                __aeabi_d2iz
                0x08000b34                __fixdfsi
 *(.text*)
 .text.deregister_tm_clones
                0x08000b84       0x1c c:/progra~2/armgnu~1/1213fb~1.2mp/bin/../lib/gcc/arm-none-eabi/12.2.0/thumb/v7e-m+fp/hard/crtbegin.o
 .text.register_tm_clones
                0x08000ba0       0x24 c:/progra~2/armgnu~1/1213fb~1.2mp/bin/../lib/gcc/arm-none-eabi/12.2.0/thumb/v7e-m+fp/hard/crtbegin.o
 .text.__do_global_dtors_aux
                0x08000bc4       0x28 c:/progra~2/armgnu~1/1213fb~1.2mp/bin/../lib/gcc/arm-none-eabi/12.2.0/thumb/v7e-m+fp/hard/crtbegin.o
 .text.frame_dummy
                0x08000bec       0x24 c:/progra~2/armgnu~1/1213fb~1.2mp/bin/../lib/gcc/arm-none-eabi/12.2.0/thumb/v7e-m+fp/hard/crtbegin.o
 .text.std      0x08000c10       0x48 c:/progra~2/armgnu~1/1213fb~1.2mp/bin/../lib/gcc/arm-none-eabi/12.2.0/thumb/v7e-m+fp/hard\libc_nano.a(libc_a-findfp.o)
 .text.stdio_exit_handler
                0x08000c58       0x18 c:/progra~2/armgnu~1/1213fb~1.2mp/bin/../lib/gcc/arm-none-eabi/12.2.0/thumb/v7e-m+fp/hard\libc_nano.a(libc_a-findfp.o)
 .text.cleanup_stdio
                0x08000c70       0x40 c:/progra~2/armgnu~1/1213fb~1.2mp/bin/../lib/gcc/arm-none-eabi/12.2.0/thumb/v7e-m+fp/hard\libc_nano.a(libc_a-findfp.o)
 .text.global_stdio_init.part.0
                0x08000cb0       0x3c c:/progra~2/armgnu~1/1213fb~1.2mp/bin/../lib/gcc/arm-none-eabi/12.2.0/thumb/v7e-m+fp/hard\libc_nano.a(libc_a-findfp.o)
 .text.__sfp_lock_acquire
                0x08000cec        0xc c:/progra~2/armgnu~1/1213fb~1.2mp/bin/../lib/gcc/arm-none-eabi/12.2.0/thumb/v7e-m+fp/hard\libc_nano.a(libc_a-findfp.o)
                0x08000cec                __sfp_lock_acquire
 .text.__sfp_lock_release
                0x08000cf8        0xc c:/progra~2/armgnu~1/1213fb~1.2mp/bin/../lib/gcc/arm-none-eabi/12.2.0/thumb/v7e-m+fp/hard\libc_nano.a(libc_a-findfp.o)
                0x08000cf8                __sfp_lock_release
 .text.__sinit  0x08000d04       0x30 c:/progra~2/armgnu~1/1213fb~1.2mp/bin/../lib/gcc/arm-none-eabi/12.2.0/thumb/v7e-m+fp/hard\libc_nano.a(libc_a-findfp.o)
                0x08000d04                __sinit
 .text._fwalk_sglue
                0x08000d34       0x3c c:/progra~2/armgnu~1/1213fb~1.2mp/bin/../lib/gcc/arm-none-eabi/12.2.0/thumb/v7e-m+fp/hard\libc_nano.a(libc_a-fwalk.o)
                0x08000d34                _fwalk_sglue
 .text.__sread  0x08000d70       0x22 c:/progra~2/armgnu~1/1213fb~1.2mp/bin/../lib/gcc/arm-none-eabi/12.2.0/thumb/v7e-m+fp/hard\libc_nano.a(libc_a-stdio.o)
                0x08000d70                __sread
 .text.__swrite
                0x08000d92       0x38 c:/progra~2/armgnu~1/1213fb~1.2mp/bin/../lib/gcc/arm-none-eabi/12.2.0/thumb/v7e-m+fp/hard\libc_nano.a(libc_a-stdio.o)
                0x08000d92                __swrite
 .text.__sseek  0x08000dca       0x24 c:/progra~2/armgnu~1/1213fb~1.2mp/bin/../lib/gcc/arm-none-eabi/12.2.0/thumb/v7e-m+fp/hard\libc_nano.a(libc_a-stdio.o)
                0x08000dca                __sseek
 .text.__sclose
                0x08000dee        0x8 c:/progra~2/armgnu~1/1213fb~1.2mp/bin/../lib/gcc/arm-none-eabi/12.2.0/thumb/v7e-m+fp/hard\libc_nano.a(libc_a-stdio.o)
                0x08000dee                __sclose
 .text.memset   0x08000df6       0x10 c:/progra~2/armgnu~1/1213fb~1.2mp/bin/../lib/gcc/arm-none-eabi/12.2.0/thumb/v7e-m+fp/hard\libc_nano.a(libc_a-memset.o)
                0x08000df6                memset
 *fill*         0x08000e06        0x2 
 .text._close_r
                0x08000e08       0x20 c:/progra~2/armgnu~1/1213fb~1.2mp/bin/../lib/gcc/arm-none-eabi/12.2.0/thumb/v7e-m+fp/hard\libc_nano.a(libc_a-closer.o)
                0x08000e08                _close_r
 .text._lseek_r
                0x08000e28       0x24 c:/progra~2/armgnu~1/1213fb~1.2mp/bin/../lib/gcc/arm-none-eabi/12.2.0/thumb/v7e-m+fp/hard\libc_nano.a(libc_a-lseekr.o)
                0x08000e28                _lseek_r
 .text._read_r  0x08000e4c       0x24 c:/progra~2/armgnu~1/1213fb~1.2mp/bin/../lib/gcc/arm-none-eabi/12.2.0/thumb/v7e-m+fp/hard\libc_nano.a(libc_a-readr.o)
                0x08000e4c                _read_r
 .text._write_r
                0x08000e70       0x24 c:/progra~2/armgnu~1/1213fb~1.2mp/bin/../lib/gcc/arm-none-eabi/12.2.0/thumb/v7e-m+fp/hard\libc_nano.a(libc_a-writer.o)
                0x08000e70                _write_r
 .text.__libc_init_array
                0x08000e94       0x48 c:/progra~2/armgnu~1/1213fb~1.2mp/bin/../lib/gcc/arm-none-eabi/12.2.0/thumb/v7e-m+fp/hard\libc_nano.a(libc_a-init.o)
                0x08000e94                __libc_init_array
 .text.__retarget_lock_acquire_recursive
                0x08000edc        0x2 c:/progra~2/armgnu~1/1213fb~1.2mp/bin/../lib/gcc/arm-none-eabi/12.2.0/thumb/v7e-m+fp/hard\libc_nano.a(libc_a-lock.o)
                0x08000edc                __retarget_lock_acquire_recursive
 .text.__retarget_lock_release_recursive
                0x08000ede        0x2 c:/progra~2/armgnu~1/1213fb~1.2mp/bin/../lib/gcc/arm-none-eabi/12.2.0/thumb/v7e-m+fp/hard\libc_nano.a(libc_a-lock.o)
                0x08000ede                __retarget_lock_release_recursive
 .text._free_r  0x08000ee0       0x94 c:/progra~2/armgnu~1/1213fb~1.2mp/bin/../lib/gcc/arm-none-eabi/12.2.0/thumb/v7e-m+fp/hard\libc_nano.a(libc_a-freer.o)
                0x08000ee0                _free_r
 .text.sbrk_aligned
                0x08000f74       0x44 c:/progra~2/armgnu~1/1213fb~1.2mp/bin/../lib/gcc/arm-none-eabi/12.2.0/thumb/v7e-m+fp/hard\libc_nano.a(libc_a-mallocr.o)
 .text._malloc_r
                0x08000fb8       0xe0 c:/progra~2/armgnu~1/1213fb~1.2mp/bin/../lib/gcc/arm-none-eabi/12.2.0/thumb/v7e-m+fp/hard\libc_nano.a(libc_a-mallocr.o)
                0x08000fb8                _malloc_r
 .text.__malloc_lock
                0x08001098        0xc c:/progra~2/armgnu~1/1213fb~1.2mp/bin/../lib/gcc/arm-none-eabi/12.2.0/thumb/v7e-m+fp/hard\libc_nano.a(libc_a-mlock.o)
                0x08001098                __malloc_lock
 .text.__malloc_unlock
                0x080010a4        0xc c:/progra~2/armgnu~1/1213fb~1.2mp/bin/../lib/gcc/arm-none-eabi/12.2.0/thumb/v7e-m+fp/hard\libc_nano.a(libc_a-mlock.o)
                0x080010a4                __malloc_unlock
 .text.__sflush_r
                0x080010b0      0x108 c:/progra~2/armgnu~1/1213fb~1.2mp/bin/../lib/gcc/arm-none-eabi/12.2.0/thumb/v7e-m+fp/hard\libc_nano.a(libc_a-fflush.o)
                0x080010b0                __sflush_r
 .text._fflush_r
                0x080011b8       0x50 c:/progra~2/armgnu~1/1213fb~1.2mp/bin/../lib/gcc/arm-none-eabi/12.2.0/thumb/v7e-m+fp/hard\libc_nano.a(libc_a-fflush.o)
                0x080011b8                _fflush_r
 .text._sbrk_r  0x08001208       0x20 c:/progra~2/armgnu~1/1213fb~1.2mp/bin/../lib/gcc/arm-none-eabi/12.2.0/thumb/v7e-m+fp/hard\libc_nano.a(libc_a-sbrkr.o)
                0x08001208                _sbrk_r
 .text.Window1_init
                0x08001228       0xbc CMakeFiles/amperemeter.dir/Application/GUI/MYGUI/mygui.c.obj
                0x08001228                Window1_init
 .text.Mygui_init
                0x080012e4       0x30 CMakeFiles/amperemeter.dir/Application/GUI/MYGUI/mygui.c.obj
                0x080012e4                Mygui_init
 .text.Mygui_task
                0x08001314      0x278 CMakeFiles/amperemeter.dir/Application/GUI/MYGUI/mygui.c.obj
                0x08001314                Mygui_task
 .text.UG_Init  0x0800158c      0x12c CMakeFiles/amperemeter.dir/Application/GUI/uGUI/ugui.c.obj
                0x0800158c                UG_Init
 .text.UG_FontSelect
                0x080016b8       0x2c CMakeFiles/amperemeter.dir/Application/GUI/uGUI/ugui.c.obj
                0x080016b8                UG_FontSelect
 .text.UG_FillScreen
                0x080016e4       0x44 CMakeFiles/amperemeter.dir/Application/GUI/uGUI/ugui.c.obj
                0x080016e4                UG_FillScreen
 .text.UG_FillFrame
                0x08001728       0xe0 CMakeFiles/amperemeter.dir/Application/GUI/uGUI/ugui.c.obj
                0x08001728                UG_FillFrame
 .text.UG_DrawLine
                0x08001808      0x1b8 CMakeFiles/amperemeter.dir/Application/GUI/uGUI/ugui.c.obj
                0x08001808                UG_DrawLine
 .text.UG_PutString
                0x080019c0      0x10c CMakeFiles/amperemeter.dir/Application/GUI/uGUI/ugui.c.obj
                0x080019c0                UG_PutString
 .text.UG_PutChar
                0x08001acc       0x48 CMakeFiles/amperemeter.dir/Application/GUI/uGUI/ugui.c.obj
                0x08001acc                UG_PutChar
 .text.UG_SetForecolor
                0x08001b14       0x24 CMakeFiles/amperemeter.dir/Application/GUI/uGUI/ugui.c.obj
                0x08001b14                UG_SetForecolor
 .text._UG_PutChar
                0x08001b38      0x514 CMakeFiles/amperemeter.dir/Application/GUI/uGUI/ugui.c.obj
                0x08001b38                _UG_PutChar
 .text.INA226_GetBusV
                0x0800204c       0x38 CMakeFiles/amperemeter.dir/Application/INA226/ina226.c.obj
                0x0800204c                INA226_GetBusV
 .text.INA226_GetCurrent
                0x08002084       0x44 CMakeFiles/amperemeter.dir/Application/INA226/ina226.c.obj
                0x08002084                INA226_GetCurrent
 .text.INA226_GetPower
                0x080020c8       0x38 CMakeFiles/amperemeter.dir/Application/INA226/ina226.c.obj
                0x080020c8                INA226_GetPower
 .text.INA226_SetConfig
                0x08002100       0x40 CMakeFiles/amperemeter.dir/Application/INA226/ina226.c.obj
                0x08002100                INA226_SetConfig
 .text.INA226_GetBusVReg
                0x08002140       0x54 CMakeFiles/amperemeter.dir/Application/INA226/ina226.c.obj
                0x08002140                INA226_GetBusVReg
 .text.INA226_SetCalibrationReg
                0x08002194       0x40 CMakeFiles/amperemeter.dir/Application/INA226/ina226.c.obj
                0x08002194                INA226_SetCalibrationReg
 .text.INA226_GetPowerReg
                0x080021d4       0x54 CMakeFiles/amperemeter.dir/Application/INA226/ina226.c.obj
                0x080021d4                INA226_GetPowerReg
 .text.INA226_GetCurrentReg
                0x08002228       0x54 CMakeFiles/amperemeter.dir/Application/INA226/ina226.c.obj
                0x08002228                INA226_GetCurrentReg
 .text.ST7735_Reset
                0x0800227c       0x2c CMakeFiles/amperemeter.dir/Application/LCD/st7735.c.obj
                0x0800227c                ST7735_Reset
 .text.ST7735_WriteCommand
                0x080022a8       0x4c CMakeFiles/amperemeter.dir/Application/LCD/st7735.c.obj
                0x080022a8                ST7735_WriteCommand
 .text.ST7735_WriteByte
                0x080022f4       0x4c CMakeFiles/amperemeter.dir/Application/LCD/st7735.c.obj
                0x080022f4                ST7735_WriteByte
 .text.ST7735_WriteData
                0x08002340       0x4c CMakeFiles/amperemeter.dir/Application/LCD/st7735.c.obj
                0x08002340                ST7735_WriteData
 .text.ST7735_WriteData_DMA
                0x0800238c       0x40 CMakeFiles/amperemeter.dir/Application/LCD/st7735.c.obj
                0x0800238c                ST7735_WriteData_DMA
 .text.ST7735_SetRotation
                0x080023cc       0x5c CMakeFiles/amperemeter.dir/Application/LCD/st7735.c.obj
                0x080023cc                ST7735_SetRotation
 .text.ST7735_Init
                0x08002428      0x23c CMakeFiles/amperemeter.dir/Application/LCD/st7735.c.obj
                0x08002428                ST7735_Init
 .text.ST7735_SetAddressWindow
                0x08002664       0x7a CMakeFiles/amperemeter.dir/Application/LCD/st7735.c.obj
                0x08002664                ST7735_SetAddressWindow
 *fill*         0x080026de        0x2 
 .text.ST7735_DrawRectangle
                0x080026e0       0xb8 CMakeFiles/amperemeter.dir/Application/LCD/st7735.c.obj
                0x080026e0                ST7735_DrawRectangle
 .text.ST7735_FillScreen
                0x08002798       0x22 CMakeFiles/amperemeter.dir/Application/LCD/st7735.c.obj
                0x08002798                ST7735_FillScreen
 *fill*         0x080027ba        0x2 
 .text.ST7735_DrawPoint
                0x080027bc       0x68 CMakeFiles/amperemeter.dir/Application/LCD/st7735.c.obj
                0x080027bc                ST7735_DrawPoint
 .text.ST7735_Draw
                0x08002824       0x28 CMakeFiles/amperemeter.dir/Application/LCD/st7735.c.obj
                0x08002824                ST7735_Draw
 .text.main     0x0800284c       0x64 CMakeFiles/amperemeter.dir/Core/Src/main.c.obj
                0x0800284c                main
 .text.SystemClock_Config
                0x080028b0       0x92 CMakeFiles/amperemeter.dir/Core/Src/main.c.obj
                0x080028b0                SystemClock_Config
 .text.Error_Handler
                0x08002942        0xc CMakeFiles/amperemeter.dir/Core/Src/main.c.obj
                0x08002942                Error_Handler
 *fill*         0x0800294e        0x2 
 .text.MX_GPIO_Init
                0x08002950      0x168 CMakeFiles/amperemeter.dir/Core/Src/gpio.c.obj
                0x08002950                MX_GPIO_Init
 .text.MX_DMA_Init
                0x08002ab8       0x54 CMakeFiles/amperemeter.dir/Core/Src/dma.c.obj
                0x08002ab8                MX_DMA_Init
 .text.MX_I2C2_Init
                0x08002b0c       0x80 CMakeFiles/amperemeter.dir/Core/Src/i2c.c.obj
                0x08002b0c                MX_I2C2_Init
 .text.HAL_I2C_MspInit
                0x08002b8c       0xb0 CMakeFiles/amperemeter.dir/Core/Src/i2c.c.obj
                0x08002b8c                HAL_I2C_MspInit
 .text.MX_SPI1_Init
                0x08002c3c       0x7c CMakeFiles/amperemeter.dir/Core/Src/spi.c.obj
                0x08002c3c                MX_SPI1_Init
 .text.HAL_SPI_MspInit
                0x08002cb8       0xe0 CMakeFiles/amperemeter.dir/Core/Src/spi.c.obj
                0x08002cb8                HAL_SPI_MspInit
 .text.MX_TIM4_Init
                0x08002d98       0xf0 CMakeFiles/amperemeter.dir/Core/Src/tim.c.obj
                0x08002d98                MX_TIM4_Init
 .text.MX_TIM6_Init
                0x08002e88       0x6c CMakeFiles/amperemeter.dir/Core/Src/tim.c.obj
                0x08002e88                MX_TIM6_Init
 .text.MX_TIM8_Init
                0x08002ef4      0x160 CMakeFiles/amperemeter.dir/Core/Src/tim.c.obj
                0x08002ef4                MX_TIM8_Init
 .text.HAL_TIM_Base_MspInit
                0x08003054       0x9c CMakeFiles/amperemeter.dir/Core/Src/tim.c.obj
                0x08003054                HAL_TIM_Base_MspInit
 .text.HAL_TIM_MspPostInit
                0x080030f0       0xb8 CMakeFiles/amperemeter.dir/Core/Src/tim.c.obj
                0x080030f0                HAL_TIM_MspPostInit
 .text.NMI_Handler
                0x080031a8        0x8 CMakeFiles/amperemeter.dir/Core/Src/stm32g4xx_it.c.obj
                0x080031a8                NMI_Handler
 .text.HardFault_Handler
                0x080031b0        0x8 CMakeFiles/amperemeter.dir/Core/Src/stm32g4xx_it.c.obj
                0x080031b0                HardFault_Handler
 .text.MemManage_Handler
                0x080031b8        0x8 CMakeFiles/amperemeter.dir/Core/Src/stm32g4xx_it.c.obj
                0x080031b8                MemManage_Handler
 .text.BusFault_Handler
                0x080031c0        0x8 CMakeFiles/amperemeter.dir/Core/Src/stm32g4xx_it.c.obj
                0x080031c0                BusFault_Handler
 .text.UsageFault_Handler
                0x080031c8        0x8 CMakeFiles/amperemeter.dir/Core/Src/stm32g4xx_it.c.obj
                0x080031c8                UsageFault_Handler
 .text.SVC_Handler
                0x080031d0        0xe CMakeFiles/amperemeter.dir/Core/Src/stm32g4xx_it.c.obj
                0x080031d0                SVC_Handler
 .text.DebugMon_Handler
                0x080031de        0xe CMakeFiles/amperemeter.dir/Core/Src/stm32g4xx_it.c.obj
                0x080031de                DebugMon_Handler
 .text.PendSV_Handler
                0x080031ec        0xe CMakeFiles/amperemeter.dir/Core/Src/stm32g4xx_it.c.obj
                0x080031ec                PendSV_Handler
 .text.SysTick_Handler
                0x080031fa        0xc CMakeFiles/amperemeter.dir/Core/Src/stm32g4xx_it.c.obj
                0x080031fa                SysTick_Handler
 *fill*         0x08003206        0x2 
 .text.DMA1_Channel1_IRQHandler
                0x08003208       0x64 CMakeFiles/amperemeter.dir/Core/Src/stm32g4xx_it.c.obj
                0x08003208                DMA1_Channel1_IRQHandler
 .text.EXTI9_5_IRQHandler
                0x0800326c        0xe CMakeFiles/amperemeter.dir/Core/Src/stm32g4xx_it.c.obj
                0x0800326c                EXTI9_5_IRQHandler
 *fill*         0x0800327a        0x2 
 .text.TIM6_DAC_IRQHandler
                0x0800327c       0x9c CMakeFiles/amperemeter.dir/Core/Src/stm32g4xx_it.c.obj
                0x0800327c                TIM6_DAC_IRQHandler
 .text.HAL_MspInit
                0x08003318       0x48 CMakeFiles/amperemeter.dir/Core/Src/stm32g4xx_hal_msp.c.obj
                0x08003318                HAL_MspInit
 .text.HAL_I2C_Init
                0x08003360      0x136 CMakeFiles/amperemeter.dir/Drivers/STM32G4xx_HAL_Driver/Src/stm32g4xx_hal_i2c.c.obj
                0x08003360                HAL_I2C_Init
 *fill*         0x08003496        0x2 
 .text.HAL_I2C_Master_Transmit
                0x08003498      0x230 CMakeFiles/amperemeter.dir/Drivers/STM32G4xx_HAL_Driver/Src/stm32g4xx_hal_i2c.c.obj
                0x08003498                HAL_I2C_Master_Transmit
 .text.HAL_I2C_Master_Receive
                0x080036c8      0x1ec CMakeFiles/amperemeter.dir/Drivers/STM32G4xx_HAL_Driver/Src/stm32g4xx_hal_i2c.c.obj
                0x080036c8                HAL_I2C_Master_Receive
 .text.I2C_Flush_TXDR
                0x080038b4       0x48 CMakeFiles/amperemeter.dir/Drivers/STM32G4xx_HAL_Driver/Src/stm32g4xx_hal_i2c.c.obj
 .text.I2C_WaitOnFlagUntilTimeout
                0x080038fc       0xb2 CMakeFiles/amperemeter.dir/Drivers/STM32G4xx_HAL_Driver/Src/stm32g4xx_hal_i2c.c.obj
 .text.I2C_WaitOnTXISFlagUntilTimeout
                0x080039ae       0x8e CMakeFiles/amperemeter.dir/Drivers/STM32G4xx_HAL_Driver/Src/stm32g4xx_hal_i2c.c.obj
 .text.I2C_WaitOnSTOPFlagUntilTimeout
                0x08003a3c       0x86 CMakeFiles/amperemeter.dir/Drivers/STM32G4xx_HAL_Driver/Src/stm32g4xx_hal_i2c.c.obj
 *fill*         0x08003ac2        0x2 
 .text.I2C_WaitOnRXNEFlagUntilTimeout
                0x08003ac4      0x118 CMakeFiles/amperemeter.dir/Drivers/STM32G4xx_HAL_Driver/Src/stm32g4xx_hal_i2c.c.obj
 .text.I2C_IsErrorOccurred
                0x08003bdc      0x1c0 CMakeFiles/amperemeter.dir/Drivers/STM32G4xx_HAL_Driver/Src/stm32g4xx_hal_i2c.c.obj
 .text.I2C_TransferConfig
                0x08003d9c       0x64 CMakeFiles/amperemeter.dir/Drivers/STM32G4xx_HAL_Driver/Src/stm32g4xx_hal_i2c.c.obj
 .text.HAL_I2CEx_ConfigAnalogFilter
                0x08003e00       0x96 CMakeFiles/amperemeter.dir/Drivers/STM32G4xx_HAL_Driver/Src/stm32g4xx_hal_i2c_ex.c.obj
                0x08003e00                HAL_I2CEx_ConfigAnalogFilter
 .text.HAL_I2CEx_ConfigDigitalFilter
                0x08003e96       0x98 CMakeFiles/amperemeter.dir/Drivers/STM32G4xx_HAL_Driver/Src/stm32g4xx_hal_i2c_ex.c.obj
                0x08003e96                HAL_I2CEx_ConfigDigitalFilter
 .text.HAL_Init
                0x08003f2e       0x30 CMakeFiles/amperemeter.dir/Drivers/STM32G4xx_HAL_Driver/Src/stm32g4xx_hal.c.obj
                0x08003f2e                HAL_Init
 *fill*         0x08003f5e        0x2 
 .text.HAL_InitTick
                0x08003f60       0x74 CMakeFiles/amperemeter.dir/Drivers/STM32G4xx_HAL_Driver/Src/stm32g4xx_hal.c.obj
                0x08003f60                HAL_InitTick
 .text.HAL_IncTick
                0x08003fd4       0x24 CMakeFiles/amperemeter.dir/Drivers/STM32G4xx_HAL_Driver/Src/stm32g4xx_hal.c.obj
                0x08003fd4                HAL_IncTick
 .text.HAL_GetTick
                0x08003ff8       0x18 CMakeFiles/amperemeter.dir/Drivers/STM32G4xx_HAL_Driver/Src/stm32g4xx_hal.c.obj
                0x08003ff8                HAL_GetTick
 .text.HAL_Delay
                0x08004010       0x44 CMakeFiles/amperemeter.dir/Drivers/STM32G4xx_HAL_Driver/Src/stm32g4xx_hal.c.obj
                0x08004010                HAL_Delay
 .text.HAL_RCC_OscConfig
                0x08004054      0x624 CMakeFiles/amperemeter.dir/Drivers/STM32G4xx_HAL_Driver/Src/stm32g4xx_hal_rcc.c.obj
                0x08004054                HAL_RCC_OscConfig
 .text.HAL_RCC_ClockConfig
                0x08004678      0x278 CMakeFiles/amperemeter.dir/Drivers/STM32G4xx_HAL_Driver/Src/stm32g4xx_hal_rcc.c.obj
                0x08004678                HAL_RCC_ClockConfig
 .text.HAL_RCC_GetSysClockFreq
                0x080048f0       0xc4 CMakeFiles/amperemeter.dir/Drivers/STM32G4xx_HAL_Driver/Src/stm32g4xx_hal_rcc.c.obj
                0x080048f0                HAL_RCC_GetSysClockFreq
 .text.RCC_GetSysClockFreqFromPLLSource
                0x080049b4       0x8c CMakeFiles/amperemeter.dir/Drivers/STM32G4xx_HAL_Driver/Src/stm32g4xx_hal_rcc.c.obj
 .text.HAL_RCCEx_PeriphCLKConfig
                0x08004a40      0x3e0 CMakeFiles/amperemeter.dir/Drivers/STM32G4xx_HAL_Driver/Src/stm32g4xx_hal_rcc_ex.c.obj
                0x08004a40                HAL_RCCEx_PeriphCLKConfig
 .text.HAL_GPIO_Init
                0x08004e20      0x304 CMakeFiles/amperemeter.dir/Drivers/STM32G4xx_HAL_Driver/Src/stm32g4xx_hal_gpio.c.obj
                0x08004e20                HAL_GPIO_Init
 .text.HAL_GPIO_WritePin
                0x08005124       0x30 CMakeFiles/amperemeter.dir/Drivers/STM32G4xx_HAL_Driver/Src/stm32g4xx_hal_gpio.c.obj
                0x08005124                HAL_GPIO_WritePin
 .text.HAL_GPIO_EXTI_IRQHandler
                0x08005154       0x30 CMakeFiles/amperemeter.dir/Drivers/STM32G4xx_HAL_Driver/Src/stm32g4xx_hal_gpio.c.obj
                0x08005154                HAL_GPIO_EXTI_IRQHandler
 .text.HAL_GPIO_EXTI_Callback
                0x08005184       0x16 CMakeFiles/amperemeter.dir/Drivers/STM32G4xx_HAL_Driver/Src/stm32g4xx_hal_gpio.c.obj
                0x08005184                HAL_GPIO_EXTI_Callback
 *fill*         0x0800519a        0x2 
 .text.HAL_DMA_Init
                0x0800519c      0x150 CMakeFiles/amperemeter.dir/Drivers/STM32G4xx_HAL_Driver/Src/stm32g4xx_hal_dma.c.obj
                0x0800519c                HAL_DMA_Init
 .text.HAL_DMA_Start_IT
                0x080052ec       0xf6 CMakeFiles/amperemeter.dir/Drivers/STM32G4xx_HAL_Driver/Src/stm32g4xx_hal_dma.c.obj
                0x080052ec                HAL_DMA_Start_IT
 .text.HAL_DMA_IRQHandler
                0x080053e2      0x15e CMakeFiles/amperemeter.dir/Drivers/STM32G4xx_HAL_Driver/Src/stm32g4xx_hal_dma.c.obj
                0x080053e2                HAL_DMA_IRQHandler
 .text.DMA_SetConfig
                0x08005540       0x7c CMakeFiles/amperemeter.dir/Drivers/STM32G4xx_HAL_Driver/Src/stm32g4xx_hal_dma.c.obj
 .text.DMA_CalcDMAMUXChannelBaseAndMask
                0x080055bc       0x7c CMakeFiles/amperemeter.dir/Drivers/STM32G4xx_HAL_Driver/Src/stm32g4xx_hal_dma.c.obj
 .text.DMA_CalcDMAMUXRequestGenBaseAndMask
                0x08005638       0x48 CMakeFiles/amperemeter.dir/Drivers/STM32G4xx_HAL_Driver/Src/stm32g4xx_hal_dma.c.obj
 .text.HAL_PWREx_ControlVoltageScaling
                0x08005680      0x148 CMakeFiles/amperemeter.dir/Drivers/STM32G4xx_HAL_Driver/Src/stm32g4xx_hal_pwr_ex.c.obj
                0x08005680                HAL_PWREx_ControlVoltageScaling
 .text.HAL_PWREx_DisableUCPDDeadBattery
                0x080057c8       0x20 CMakeFiles/amperemeter.dir/Drivers/STM32G4xx_HAL_Driver/Src/stm32g4xx_hal_pwr_ex.c.obj
                0x080057c8                HAL_PWREx_DisableUCPDDeadBattery
 .text.__NVIC_SetPriorityGrouping
                0x080057e8       0x48 CMakeFiles/amperemeter.dir/Drivers/STM32G4xx_HAL_Driver/Src/stm32g4xx_hal_cortex.c.obj
 .text.__NVIC_GetPriorityGrouping
                0x08005830       0x1c CMakeFiles/amperemeter.dir/Drivers/STM32G4xx_HAL_Driver/Src/stm32g4xx_hal_cortex.c.obj
 .text.__NVIC_EnableIRQ
                0x0800584c       0x3c CMakeFiles/amperemeter.dir/Drivers/STM32G4xx_HAL_Driver/Src/stm32g4xx_hal_cortex.c.obj
 .text.__NVIC_SetPriority
                0x08005888       0x54 CMakeFiles/amperemeter.dir/Drivers/STM32G4xx_HAL_Driver/Src/stm32g4xx_hal_cortex.c.obj
 .text.NVIC_EncodePriority
                0x080058dc       0x66 CMakeFiles/amperemeter.dir/Drivers/STM32G4xx_HAL_Driver/Src/stm32g4xx_hal_cortex.c.obj
 *fill*         0x08005942        0x2 
 .text.SysTick_Config
                0x08005944       0x44 CMakeFiles/amperemeter.dir/Drivers/STM32G4xx_HAL_Driver/Src/stm32g4xx_hal_cortex.c.obj
 .text.HAL_NVIC_SetPriorityGrouping
                0x08005988       0x16 CMakeFiles/amperemeter.dir/Drivers/STM32G4xx_HAL_Driver/Src/stm32g4xx_hal_cortex.c.obj
                0x08005988                HAL_NVIC_SetPriorityGrouping
 .text.HAL_NVIC_SetPriority
                0x0800599e       0x34 CMakeFiles/amperemeter.dir/Drivers/STM32G4xx_HAL_Driver/Src/stm32g4xx_hal_cortex.c.obj
                0x0800599e                HAL_NVIC_SetPriority
 .text.HAL_NVIC_EnableIRQ
                0x080059d2       0x1c CMakeFiles/amperemeter.dir/Drivers/STM32G4xx_HAL_Driver/Src/stm32g4xx_hal_cortex.c.obj
                0x080059d2                HAL_NVIC_EnableIRQ
 .text.HAL_SYSTICK_Config
                0x080059ee       0x18 CMakeFiles/amperemeter.dir/Drivers/STM32G4xx_HAL_Driver/Src/stm32g4xx_hal_cortex.c.obj
                0x080059ee                HAL_SYSTICK_Config
 .text.HAL_SPI_Init
                0x08005a06      0x156 CMakeFiles/amperemeter.dir/Drivers/STM32G4xx_HAL_Driver/Src/stm32g4xx_hal_spi.c.obj
                0x08005a06                HAL_SPI_Init
 .text.HAL_SPI_Transmit
                0x08005b5c      0x2ea CMakeFiles/amperemeter.dir/Drivers/STM32G4xx_HAL_Driver/Src/stm32g4xx_hal_spi.c.obj
                0x08005b5c                HAL_SPI_Transmit
 *fill*         0x08005e46        0x2 
 .text.HAL_SPI_Transmit_DMA
                0x08005e48      0x1e0 CMakeFiles/amperemeter.dir/Drivers/STM32G4xx_HAL_Driver/Src/stm32g4xx_hal_spi.c.obj
                0x08005e48                HAL_SPI_Transmit_DMA
 .text.HAL_SPI_TxCpltCallback
                0x08006028       0x14 CMakeFiles/amperemeter.dir/Drivers/STM32G4xx_HAL_Driver/Src/stm32g4xx_hal_spi.c.obj
                0x08006028                HAL_SPI_TxCpltCallback
 .text.HAL_SPI_TxHalfCpltCallback
                0x0800603c       0x14 CMakeFiles/amperemeter.dir/Drivers/STM32G4xx_HAL_Driver/Src/stm32g4xx_hal_spi.c.obj
                0x0800603c                HAL_SPI_TxHalfCpltCallback
 .text.HAL_SPI_ErrorCallback
                0x08006050       0x14 CMakeFiles/amperemeter.dir/Drivers/STM32G4xx_HAL_Driver/Src/stm32g4xx_hal_spi.c.obj
                0x08006050                HAL_SPI_ErrorCallback
 .text.SPI_DMATransmitCplt
                0x08006064       0xa6 CMakeFiles/amperemeter.dir/Drivers/STM32G4xx_HAL_Driver/Src/stm32g4xx_hal_spi.c.obj
 .text.SPI_DMAHalfTransmitCplt
                0x0800610a       0x1c CMakeFiles/amperemeter.dir/Drivers/STM32G4xx_HAL_Driver/Src/stm32g4xx_hal_spi.c.obj
 .text.SPI_DMAError
                0x08006126       0x40 CMakeFiles/amperemeter.dir/Drivers/STM32G4xx_HAL_Driver/Src/stm32g4xx_hal_spi.c.obj
 *fill*         0x08006166        0x2 
 .text.SPI_WaitFlagStateUntilTimeout
                0x08006168      0x110 CMakeFiles/amperemeter.dir/Drivers/STM32G4xx_HAL_Driver/Src/stm32g4xx_hal_spi.c.obj
 .text.SPI_WaitFifoStateUntilTimeout
                0x08006278      0x12c CMakeFiles/amperemeter.dir/Drivers/STM32G4xx_HAL_Driver/Src/stm32g4xx_hal_spi.c.obj
 .text.SPI_EndRxTxTransaction
                0x080063a4       0x8c CMakeFiles/amperemeter.dir/Drivers/STM32G4xx_HAL_Driver/Src/stm32g4xx_hal_spi.c.obj
 .text.HAL_TIM_Base_Init
                0x08006430       0xae CMakeFiles/amperemeter.dir/Drivers/STM32G4xx_HAL_Driver/Src/stm32g4xx_hal_tim.c.obj
                0x08006430                HAL_TIM_Base_Init
 *fill*         0x080064de        0x2 
 .text.HAL_TIM_Base_Start_IT
                0x080064e0       0xd4 CMakeFiles/amperemeter.dir/Drivers/STM32G4xx_HAL_Driver/Src/stm32g4xx_hal_tim.c.obj
                0x080064e0                HAL_TIM_Base_Start_IT
 .text.HAL_TIM_PWM_Init
                0x080065b4       0xae CMakeFiles/amperemeter.dir/Drivers/STM32G4xx_HAL_Driver/Src/stm32g4xx_hal_tim.c.obj
                0x080065b4                HAL_TIM_PWM_Init
 .text.HAL_TIM_PWM_MspInit
                0x08006662       0x14 CMakeFiles/amperemeter.dir/Drivers/STM32G4xx_HAL_Driver/Src/stm32g4xx_hal_tim.c.obj
                0x08006662                HAL_TIM_PWM_MspInit
 *fill*         0x08006676        0x2 
 .text.HAL_TIM_PWM_Start
                0x08006678      0x200 CMakeFiles/amperemeter.dir/Drivers/STM32G4xx_HAL_Driver/Src/stm32g4xx_hal_tim.c.obj
                0x08006678                HAL_TIM_PWM_Start
 .text.HAL_TIM_IRQHandler
                0x08006878      0x29e CMakeFiles/amperemeter.dir/Drivers/STM32G4xx_HAL_Driver/Src/stm32g4xx_hal_tim.c.obj
                0x08006878                HAL_TIM_IRQHandler
 *fill*         0x08006b16        0x2 
 .text.HAL_TIM_PWM_ConfigChannel
                0x08006b18      0x228 CMakeFiles/amperemeter.dir/Drivers/STM32G4xx_HAL_Driver/Src/stm32g4xx_hal_tim.c.obj
                0x08006b18                HAL_TIM_PWM_ConfigChannel
 .text.HAL_TIM_ConfigClockSource
                0x08006d40      0x1f4 CMakeFiles/amperemeter.dir/Drivers/STM32G4xx_HAL_Driver/Src/stm32g4xx_hal_tim.c.obj
                0x08006d40                HAL_TIM_ConfigClockSource
 .text.HAL_TIM_PeriodElapsedCallback
                0x08006f34       0x14 CMakeFiles/amperemeter.dir/Drivers/STM32G4xx_HAL_Driver/Src/stm32g4xx_hal_tim.c.obj
                0x08006f34                HAL_TIM_PeriodElapsedCallback
 .text.HAL_TIM_OC_DelayElapsedCallback
                0x08006f48       0x14 CMakeFiles/amperemeter.dir/Drivers/STM32G4xx_HAL_Driver/Src/stm32g4xx_hal_tim.c.obj
                0x08006f48                HAL_TIM_OC_DelayElapsedCallback
 .text.HAL_TIM_IC_CaptureCallback
                0x08006f5c       0x14 CMakeFiles/amperemeter.dir/Drivers/STM32G4xx_HAL_Driver/Src/stm32g4xx_hal_tim.c.obj
                0x08006f5c                HAL_TIM_IC_CaptureCallback
 .text.HAL_TIM_PWM_PulseFinishedCallback
                0x08006f70       0x14 CMakeFiles/amperemeter.dir/Drivers/STM32G4xx_HAL_Driver/Src/stm32g4xx_hal_tim.c.obj
                0x08006f70                HAL_TIM_PWM_PulseFinishedCallback
 .text.HAL_TIM_TriggerCallback
                0x08006f84       0x14 CMakeFiles/amperemeter.dir/Drivers/STM32G4xx_HAL_Driver/Src/stm32g4xx_hal_tim.c.obj
                0x08006f84                HAL_TIM_TriggerCallback
 .text.TIM_Base_SetConfig
                0x08006f98      0x138 CMakeFiles/amperemeter.dir/Drivers/STM32G4xx_HAL_Driver/Src/stm32g4xx_hal_tim.c.obj
                0x08006f98                TIM_Base_SetConfig
 .text.TIM_OC1_SetConfig
                0x080070d0      0x120 CMakeFiles/amperemeter.dir/Drivers/STM32G4xx_HAL_Driver/Src/stm32g4xx_hal_tim.c.obj
 .text.TIM_OC2_SetConfig
                0x080071f0      0x114 CMakeFiles/amperemeter.dir/Drivers/STM32G4xx_HAL_Driver/Src/stm32g4xx_hal_tim.c.obj
                0x080071f0                TIM_OC2_SetConfig
 .text.TIM_OC3_SetConfig
                0x08007304      0x110 CMakeFiles/amperemeter.dir/Drivers/STM32G4xx_HAL_Driver/Src/stm32g4xx_hal_tim.c.obj
 .text.TIM_OC4_SetConfig
                0x08007414      0x114 CMakeFiles/amperemeter.dir/Drivers/STM32G4xx_HAL_Driver/Src/stm32g4xx_hal_tim.c.obj
 .text.TIM_OC5_SetConfig
                0x08007528       0xc8 CMakeFiles/amperemeter.dir/Drivers/STM32G4xx_HAL_Driver/Src/stm32g4xx_hal_tim.c.obj
 .text.TIM_OC6_SetConfig
                0x080075f0       0xcc CMakeFiles/amperemeter.dir/Drivers/STM32G4xx_HAL_Driver/Src/stm32g4xx_hal_tim.c.obj
 .text.TIM_TI1_ConfigInputStage
                0x080076bc       0x5e CMakeFiles/amperemeter.dir/Drivers/STM32G4xx_HAL_Driver/Src/stm32g4xx_hal_tim.c.obj
 .text.TIM_TI2_ConfigInputStage
                0x0800771a       0x60 CMakeFiles/amperemeter.dir/Drivers/STM32G4xx_HAL_Driver/Src/stm32g4xx_hal_tim.c.obj
 .text.TIM_ITRx_SetConfig
                0x0800777a       0x3a CMakeFiles/amperemeter.dir/Drivers/STM32G4xx_HAL_Driver/Src/stm32g4xx_hal_tim.c.obj
 .text.TIM_ETR_SetConfig
                0x080077b4       0x40 CMakeFiles/amperemeter.dir/Drivers/STM32G4xx_HAL_Driver/Src/stm32g4xx_hal_tim.c.obj
                0x080077b4                TIM_ETR_SetConfig
 .text.TIM_CCxChannelCmd
                0x080077f4       0x4a CMakeFiles/amperemeter.dir/Drivers/STM32G4xx_HAL_Driver/Src/stm32g4xx_hal_tim.c.obj
                0x080077f4                TIM_CCxChannelCmd
 *fill*         0x0800783e        0x2 
 .text.HAL_TIMEx_MasterConfigSynchronization
                0x08007840      0x104 CMakeFiles/amperemeter.dir/Drivers/STM32G4xx_HAL_Driver/Src/stm32g4xx_hal_tim_ex.c.obj
                0x08007840                HAL_TIMEx_MasterConfigSynchronization
 .text.HAL_TIMEx_ConfigBreakDeadTime
                0x08007944      0x118 CMakeFiles/amperemeter.dir/Drivers/STM32G4xx_HAL_Driver/Src/stm32g4xx_hal_tim_ex.c.obj
                0x08007944                HAL_TIMEx_ConfigBreakDeadTime
 .text.HAL_TIMEx_CommutCallback
                0x08007a5c       0x14 CMakeFiles/amperemeter.dir/Drivers/STM32G4xx_HAL_Driver/Src/stm32g4xx_hal_tim_ex.c.obj
                0x08007a5c                HAL_TIMEx_CommutCallback
 .text.HAL_TIMEx_BreakCallback
                0x08007a70       0x14 CMakeFiles/amperemeter.dir/Drivers/STM32G4xx_HAL_Driver/Src/stm32g4xx_hal_tim_ex.c.obj
                0x08007a70                HAL_TIMEx_BreakCallback
 .text.HAL_TIMEx_Break2Callback
                0x08007a84       0x14 CMakeFiles/amperemeter.dir/Drivers/STM32G4xx_HAL_Driver/Src/stm32g4xx_hal_tim_ex.c.obj
                0x08007a84                HAL_TIMEx_Break2Callback
 .text.HAL_TIMEx_EncoderIndexCallback
                0x08007a98       0x14 CMakeFiles/amperemeter.dir/Drivers/STM32G4xx_HAL_Driver/Src/stm32g4xx_hal_tim_ex.c.obj
                0x08007a98                HAL_TIMEx_EncoderIndexCallback
 .text.HAL_TIMEx_DirectionChangeCallback
                0x08007aac       0x14 CMakeFiles/amperemeter.dir/Drivers/STM32G4xx_HAL_Driver/Src/stm32g4xx_hal_tim_ex.c.obj
                0x08007aac                HAL_TIMEx_DirectionChangeCallback
 .text.HAL_TIMEx_IndexErrorCallback
                0x08007ac0       0x14 CMakeFiles/amperemeter.dir/Drivers/STM32G4xx_HAL_Driver/Src/stm32g4xx_hal_tim_ex.c.obj
                0x08007ac0                HAL_TIMEx_IndexErrorCallback
 .text.HAL_TIMEx_TransitionErrorCallback
                0x08007ad4       0x14 CMakeFiles/amperemeter.dir/Drivers/STM32G4xx_HAL_Driver/Src/stm32g4xx_hal_tim_ex.c.obj
                0x08007ad4                HAL_TIMEx_TransitionErrorCallback
 .text.SystemInit
                0x08007ae8       0x24 CMakeFiles/amperemeter.dir/Core/Src/system_stm32g4xx.c.obj
                0x08007ae8                SystemInit
 .text._sbrk    0x08007b0c       0x6c CMakeFiles/amperemeter.dir/Core/Src/sysmem.c.obj
                0x08007b0c                _sbrk
 .text._getpid  0x08007b78       0x10 CMakeFiles/amperemeter.dir/Core/Src/syscalls.c.obj
                0x08007b78                _getpid
 .text._kill    0x08007b88       0x20 CMakeFiles/amperemeter.dir/Core/Src/syscalls.c.obj
                0x08007b88                _kill
 .text._exit    0x08007ba8       0x16 CMakeFiles/amperemeter.dir/Core/Src/syscalls.c.obj
                0x08007ba8                _exit
 .text._read    0x08007bbe       0x3a CMakeFiles/amperemeter.dir/Core/Src/syscalls.c.obj
                0x08007bbe                _read
 .text._write   0x08007bf8       0x38 CMakeFiles/amperemeter.dir/Core/Src/syscalls.c.obj
                0x08007bf8                _write
 .text._close   0x08007c30       0x18 CMakeFiles/amperemeter.dir/Core/Src/syscalls.c.obj
                0x08007c30                _close
 .text._fstat   0x08007c48       0x20 CMakeFiles/amperemeter.dir/Core/Src/syscalls.c.obj
                0x08007c48                _fstat
 .text._isatty  0x08007c68       0x16 CMakeFiles/amperemeter.dir/Core/Src/syscalls.c.obj
                0x08007c68                _isatty
 .text._lseek   0x08007c7e       0x1a CMakeFiles/amperemeter.dir/Core/Src/syscalls.c.obj
                0x08007c7e                _lseek
 .text.Reset_Handler
                0x08007c98       0x50 CMakeFiles/amperemeter.dir/startup_stm32g431xx.s.obj
                0x08007c98                Reset_Handler
 .text.Default_Handler
                0x08007ce8        0x2 CMakeFiles/amperemeter.dir/startup_stm32g431xx.s.obj
                0x08007ce8                RTC_Alarm_IRQHandler
                0x08007ce8                EXTI2_IRQHandler
                0x08007ce8                TIM8_TRG_COM_IRQHandler
                0x08007ce8                TIM8_CC_IRQHandler
                0x08007ce8                TIM1_CC_IRQHandler
                0x08007ce8                USB_HP_IRQHandler
                0x08007ce8                CORDIC_IRQHandler
                0x08007ce8                EXTI3_IRQHandler
                0x08007ce8                I2C3_ER_IRQHandler
                0x08007ce8                EXTI0_IRQHandler
                0x08007ce8                I2C2_EV_IRQHandler
                0x08007ce8                FPU_IRQHandler
                0x08007ce8                FDCAN1_IT1_IRQHandler
                0x08007ce8                TIM1_UP_TIM16_IRQHandler
                0x08007ce8                ADC1_2_IRQHandler
                0x08007ce8                SPI1_IRQHandler
                0x08007ce8                TIM8_UP_IRQHandler
                0x08007ce8                DMA2_Channel2_IRQHandler
                0x08007ce8                DMA1_Channel4_IRQHandler
                0x08007ce8                USART3_IRQHandler
                0x08007ce8                TIM4_IRQHandler
                0x08007ce8                DMA2_Channel1_IRQHandler
                0x08007ce8                I2C1_EV_IRQHandler
                0x08007ce8                DMA1_Channel6_IRQHandler
                0x08007ce8                UART4_IRQHandler
                0x08007ce8                DMA2_Channel4_IRQHandler
                0x08007ce8                TIM3_IRQHandler
                0x08007ce8                RCC_IRQHandler
                0x08007ce8                Default_Handler
                0x08007ce8                RTC_TAMP_LSECSS_IRQHandler
                0x08007ce8                FMAC_IRQHandler
                0x08007ce8                EXTI15_10_IRQHandler
                0x08007ce8                TIM7_IRQHandler
                0x08007ce8                UCPD1_IRQHandler
                0x08007ce8                I2C3_EV_IRQHandler
                0x08007ce8                RTC_WKUP_IRQHandler
                0x08007ce8                PVD_PVM_IRQHandler
                0x08007ce8                SPI2_IRQHandler
                0x08007ce8                DMA2_Channel5_IRQHandler
                0x08007ce8                CRS_IRQHandler
                0x08007ce8                DMA1_Channel5_IRQHandler
                0x08007ce8                USB_LP_IRQHandler
                0x08007ce8                EXTI4_IRQHandler
                0x08007ce8                RNG_IRQHandler
                0x08007ce8                TIM1_TRG_COM_TIM17_IRQHandler
                0x08007ce8                DMA1_Channel3_IRQHandler
                0x08007ce8                WWDG_IRQHandler
                0x08007ce8                LPUART1_IRQHandler
                0x08007ce8                DMA2_Channel6_IRQHandler
                0x08007ce8                FDCAN1_IT0_IRQHandler
                0x08007ce8                TIM2_IRQHandler
                0x08007ce8                COMP1_2_3_IRQHandler
                0x08007ce8                EXTI1_IRQHandler
                0x08007ce8                USART2_IRQHandler
                0x08007ce8                I2C2_ER_IRQHandler
                0x08007ce8                DMA1_Channel2_IRQHandler
                0x08007ce8                TIM8_BRK_IRQHandler
                0x08007ce8                FLASH_IRQHandler
                0x08007ce8                USART1_IRQHandler
                0x08007ce8                SPI3_IRQHandler
                0x08007ce8                I2C1_ER_IRQHandler
                0x08007ce8                LPTIM1_IRQHandler
                0x08007ce8                DMAMUX_OVR_IRQHandler
                0x08007ce8                USBWakeUp_IRQHandler
                0x08007ce8                SAI1_IRQHandler
                0x08007ce8                DMA2_Channel3_IRQHandler
                0x08007ce8                COMP4_IRQHandler
                0x08007ce8                TIM1_BRK_TIM15_IRQHandler
 *fill*         0x08007cea        0x2 
 .text.gcvt     0x08007cec       0x58 c:/progra~2/armgnu~1/1213fb~1.2mp/bin/../lib/gcc/arm-none-eabi/12.2.0/thumb/v7e-m+fp/hard\libg_nano.a(libc_a-efgcvt.o)
                0x08007cec                gcvt
 .text.__errno  0x08007d44        0xc c:/progra~2/armgnu~1/1213fb~1.2mp/bin/../lib/gcc/arm-none-eabi/12.2.0/thumb/v7e-m+fp/hard\libg_nano.a(libc_a-errno.o)
                0x08007d44                __errno
 .text.print_e  0x08007d50       0xe4 c:/progra~2/armgnu~1/1213fb~1.2mp/bin/../lib/gcc/arm-none-eabi/12.2.0/thumb/v7e-m+fp/hard\libg_nano.a(libc_a-ecvtbuf.o)
 *fill*         0x08007e34        0x4 
 .text._gcvt    0x08007e38      0x188 c:/progra~2/armgnu~1/1213fb~1.2mp/bin/../lib/gcc/arm-none-eabi/12.2.0/thumb/v7e-m+fp/hard\libg_nano.a(libc_a-ecvtbuf.o)
                0x08007e38                _gcvt
 .text.strcpy   0x08007fc0       0x10 c:/progra~2/armgnu~1/1213fb~1.2mp/bin/../lib/gcc/arm-none-eabi/12.2.0/thumb/v7e-m+fp/hard\libg_nano.a(libc_a-strcpy.o)
                0x08007fc0                strcpy
 .text.quorem   0x08007fd0      0x110 c:/progra~2/armgnu~1/1213fb~1.2mp/bin/../lib/gcc/arm-none-eabi/12.2.0/thumb/v7e-m+fp/hard\libg_nano.a(libc_a-dtoa.o)
 .text._dtoa_r  0x080080e0      0xc58 c:/progra~2/armgnu~1/1213fb~1.2mp/bin/../lib/gcc/arm-none-eabi/12.2.0/thumb/v7e-m+fp/hard\libg_nano.a(libc_a-dtoa.o)
                0x080080e0                _dtoa_r
 .text.malloc   0x08008d38       0x10 c:/progra~2/armgnu~1/1213fb~1.2mp/bin/../lib/gcc/arm-none-eabi/12.2.0/thumb/v7e-m+fp/hard\libg_nano.a(libc_a-malloc.o)
                0x08008d38                malloc
 .text._Balloc  0x08008d48       0x80 c:/progra~2/armgnu~1/1213fb~1.2mp/bin/../lib/gcc/arm-none-eabi/12.2.0/thumb/v7e-m+fp/hard\libg_nano.a(libc_a-mprec.o)
                0x08008d48                _Balloc
 .text._Bfree   0x08008dc8       0x44 c:/progra~2/armgnu~1/1213fb~1.2mp/bin/../lib/gcc/arm-none-eabi/12.2.0/thumb/v7e-m+fp/hard\libg_nano.a(libc_a-mprec.o)
                0x08008dc8                _Bfree
 .text.__multadd
                0x08008e0c       0x8c c:/progra~2/armgnu~1/1213fb~1.2mp/bin/../lib/gcc/arm-none-eabi/12.2.0/thumb/v7e-m+fp/hard\libg_nano.a(libc_a-mprec.o)
                0x08008e0c                __multadd
 .text.__hi0bits
                0x08008e98       0x44 c:/progra~2/armgnu~1/1213fb~1.2mp/bin/../lib/gcc/arm-none-eabi/12.2.0/thumb/v7e-m+fp/hard\libg_nano.a(libc_a-mprec.o)
                0x08008e98                __hi0bits
 .text.__lo0bits
                0x08008edc       0x5a c:/progra~2/armgnu~1/1213fb~1.2mp/bin/../lib/gcc/arm-none-eabi/12.2.0/thumb/v7e-m+fp/hard\libg_nano.a(libc_a-mprec.o)
                0x08008edc                __lo0bits
 *fill*         0x08008f36        0x2 
 .text.__i2b    0x08008f38       0x2c c:/progra~2/armgnu~1/1213fb~1.2mp/bin/../lib/gcc/arm-none-eabi/12.2.0/thumb/v7e-m+fp/hard\libg_nano.a(libc_a-mprec.o)
                0x08008f38                __i2b
 .text.__multiply
                0x08008f64      0x154 c:/progra~2/armgnu~1/1213fb~1.2mp/bin/../lib/gcc/arm-none-eabi/12.2.0/thumb/v7e-m+fp/hard\libg_nano.a(libc_a-mprec.o)
                0x08008f64                __multiply
 .text.__pow5mult
                0x080090b8       0xb4 c:/progra~2/armgnu~1/1213fb~1.2mp/bin/../lib/gcc/arm-none-eabi/12.2.0/thumb/v7e-m+fp/hard\libg_nano.a(libc_a-mprec.o)
                0x080090b8                __pow5mult
 .text.__lshift
                0x0800916c       0xd8 c:/progra~2/armgnu~1/1213fb~1.2mp/bin/../lib/gcc/arm-none-eabi/12.2.0/thumb/v7e-m+fp/hard\libg_nano.a(libc_a-mprec.o)
                0x0800916c                __lshift
 .text.__mcmp   0x08009244       0x36 c:/progra~2/armgnu~1/1213fb~1.2mp/bin/../lib/gcc/arm-none-eabi/12.2.0/thumb/v7e-m+fp/hard\libg_nano.a(libc_a-mprec.o)
                0x08009244                __mcmp
 *fill*         0x0800927a        0x2 
 .text.__mdiff  0x0800927c      0x128 c:/progra~2/armgnu~1/1213fb~1.2mp/bin/../lib/gcc/arm-none-eabi/12.2.0/thumb/v7e-m+fp/hard\libg_nano.a(libc_a-mprec.o)
                0x0800927c                __mdiff
 .text.__d2b    0x080093a4       0xb0 c:/progra~2/armgnu~1/1213fb~1.2mp/bin/../lib/gcc/arm-none-eabi/12.2.0/thumb/v7e-m+fp/hard\libg_nano.a(libc_a-mprec.o)
                0x080093a4                __d2b
 .text._mprec_log10
                0x08009454       0x3c c:/progra~2/armgnu~1/1213fb~1.2mp/bin/../lib/gcc/arm-none-eabi/12.2.0/thumb/v7e-m+fp/hard\libg_nano.a(libc_a-mprec.o)
                0x08009454                _mprec_log10
 .text.memcpy   0x08009490       0x1c c:/progra~2/armgnu~1/1213fb~1.2mp/bin/../lib/gcc/arm-none-eabi/12.2.0/thumb/v7e-m+fp/hard\libg_nano.a(libc_a-memcpy-stub.o)
                0x08009490                memcpy
 .text.__assert_func
                0x080094ac       0x3c c:/progra~2/armgnu~1/1213fb~1.2mp/bin/../lib/gcc/arm-none-eabi/12.2.0/thumb/v7e-m+fp/hard\libg_nano.a(libc_a-assert.o)
                0x080094ac                __assert_func
 .text._calloc_r
                0x080094e8       0x28 c:/progra~2/armgnu~1/1213fb~1.2mp/bin/../lib/gcc/arm-none-eabi/12.2.0/thumb/v7e-m+fp/hard\libg_nano.a(libc_a-callocr.o)
                0x080094e8                _calloc_r
 .text.fprintf  0x08009510       0x24 c:/progra~2/armgnu~1/1213fb~1.2mp/bin/../lib/gcc/arm-none-eabi/12.2.0/thumb/v7e-m+fp/hard\libg_nano.a(libc_a-fprintf.o)
                0x08009510                fiprintf
                0x08009510                fprintf
 .text.abort    0x08009534        0xe c:/progra~2/armgnu~1/1213fb~1.2mp/bin/../lib/gcc/arm-none-eabi/12.2.0/thumb/v7e-m+fp/hard\libg_nano.a(libc_a-abort.o)
                0x08009534                abort
 .text.__sfputc_r
                0x08009542       0x2e c:/progra~2/armgnu~1/1213fb~1.2mp/bin/../lib/gcc/arm-none-eabi/12.2.0/thumb/v7e-m+fp/hard\libg_nano.a(libc_a-nano-vfprintf.o)
 .text.__sfputs_r
                0x08009570       0x24 c:/progra~2/armgnu~1/1213fb~1.2mp/bin/../lib/gcc/arm-none-eabi/12.2.0/thumb/v7e-m+fp/hard\libg_nano.a(libc_a-nano-vfprintf.o)
                0x08009570                __sfputs_r
 .text._vfprintf_r
                0x08009594      0x230 c:/progra~2/armgnu~1/1213fb~1.2mp/bin/../lib/gcc/arm-none-eabi/12.2.0/thumb/v7e-m+fp/hard\libg_nano.a(libc_a-nano-vfprintf.o)
                0x08009594                _vfprintf_r
                0x08009594                _vfiprintf_r
 .text._printf_common
                0x080097c4       0xda c:/progra~2/armgnu~1/1213fb~1.2mp/bin/../lib/gcc/arm-none-eabi/12.2.0/thumb/v7e-m+fp/hard\libg_nano.a(libc_a-nano-vfprintf_i.o)
                0x080097c4                _printf_common
 *fill*         0x0800989e        0x2 
 .text._printf_i
                0x080098a0      0x25c c:/progra~2/armgnu~1/1213fb~1.2mp/bin/../lib/gcc/arm-none-eabi/12.2.0/thumb/v7e-m+fp/hard\libg_nano.a(libc_a-nano-vfprintf_i.o)
                0x080098a0                _printf_i
 .text.__swbuf_r
                0x08009afc       0x7c c:/progra~2/armgnu~1/1213fb~1.2mp/bin/../lib/gcc/arm-none-eabi/12.2.0/thumb/v7e-m+fp/hard\libg_nano.a(libc_a-wbuf.o)
                0x08009afc                __swbuf_r
 .text.__swsetup_r
                0x08009b78       0xac c:/progra~2/armgnu~1/1213fb~1.2mp/bin/../lib/gcc/arm-none-eabi/12.2.0/thumb/v7e-m+fp/hard\libg_nano.a(libc_a-wsetup.o)
                0x08009b78                __swsetup_r
 .text._raise_r
                0x08009c24       0x50 c:/progra~2/armgnu~1/1213fb~1.2mp/bin/../lib/gcc/arm-none-eabi/12.2.0/thumb/v7e-m+fp/hard\libg_nano.a(libc_a-signal.o)
                0x08009c24                _raise_r
 .text.raise    0x08009c74       0x10 c:/progra~2/armgnu~1/1213fb~1.2mp/bin/../lib/gcc/arm-none-eabi/12.2.0/thumb/v7e-m+fp/hard\libg_nano.a(libc_a-signal.o)
                0x08009c74                raise
 .text._kill_r  0x08009c84       0x24 c:/progra~2/armgnu~1/1213fb~1.2mp/bin/../lib/gcc/arm-none-eabi/12.2.0/thumb/v7e-m+fp/hard\libg_nano.a(libc_a-signalr.o)
                0x08009c84                _kill_r
 .text._getpid_r
                0x08009ca8        0x4 c:/progra~2/armgnu~1/1213fb~1.2mp/bin/../lib/gcc/arm-none-eabi/12.2.0/thumb/v7e-m+fp/hard\libg_nano.a(libc_a-signalr.o)
                0x08009ca8                _getpid_r
 .text.__swhatbuf_r
                0x08009cac       0x4c c:/progra~2/armgnu~1/1213fb~1.2mp/bin/../lib/gcc/arm-none-eabi/12.2.0/thumb/v7e-m+fp/hard\libg_nano.a(libc_a-makebuf.o)
                0x08009cac                __swhatbuf_r
 .text.__smakebuf_r
                0x08009cf8       0x78 c:/progra~2/armgnu~1/1213fb~1.2mp/bin/../lib/gcc/arm-none-eabi/12.2.0/thumb/v7e-m+fp/hard\libg_nano.a(libc_a-makebuf.o)
                0x08009cf8                __smakebuf_r
 .text._fstat_r
                0x08009d70       0x24 c:/progra~2/armgnu~1/1213fb~1.2mp/bin/../lib/gcc/arm-none-eabi/12.2.0/thumb/v7e-m+fp/hard\libg_nano.a(libc_a-fstatr.o)
                0x08009d70                _fstat_r
 .text._isatty_r
                0x08009d94       0x20 c:/progra~2/armgnu~1/1213fb~1.2mp/bin/../lib/gcc/arm-none-eabi/12.2.0/thumb/v7e-m+fp/hard\libg_nano.a(libc_a-isattyr.o)
                0x08009d94                _isatty_r
 *(.glue_7)
 .glue_7        0x08009db4        0x0 linker stubs
 *(.glue_7t)
 .glue_7t       0x08009db4        0x0 linker stubs
 *(.eh_frame)
 .eh_frame      0x08009db4        0x0 c:/progra~2/armgnu~1/1213fb~1.2mp/bin/../lib/gcc/arm-none-eabi/12.2.0/thumb/v7e-m+fp/hard/crtbegin.o
 *(.init)
 .init          0x08009db4        0x4 c:/progra~2/armgnu~1/1213fb~1.2mp/bin/../lib/gcc/arm-none-eabi/12.2.0/thumb/v7e-m+fp/hard/crti.o
                0x08009db4                _init
 .init          0x08009db8        0x8 c:/progra~2/armgnu~1/1213fb~1.2mp/bin/../lib/gcc/arm-none-eabi/12.2.0/thumb/v7e-m+fp/hard/crtn.o
 *(.fini)
 .fini          0x08009dc0        0x4 c:/progra~2/armgnu~1/1213fb~1.2mp/bin/../lib/gcc/arm-none-eabi/12.2.0/thumb/v7e-m+fp/hard/crti.o
                0x08009dc0                _fini
 .fini          0x08009dc4        0x8 c:/progra~2/armgnu~1/1213fb~1.2mp/bin/../lib/gcc/arm-none-eabi/12.2.0/thumb/v7e-m+fp/hard/crtn.o
                0x08009dcc                        . = ALIGN (0x4)
                0x08009dcc                        _etext = .

.vfp11_veneer   0x08009dcc        0x0
 .vfp11_veneer  0x08009dcc        0x0 linker stubs

.v4_bx          0x08009dcc        0x0
 .v4_bx         0x08009dcc        0x0 linker stubs

.iplt           0x08009dcc        0x0
 .iplt          0x08009dcc        0x0 c:/progra~2/armgnu~1/1213fb~1.2mp/bin/../lib/gcc/arm-none-eabi/12.2.0/thumb/v7e-m+fp/hard/crtbegin.o

.rodata         0x08009dd0     0x5eb8
                0x08009dd0                        . = ALIGN (0x4)
 *(.rodata)
 .rodata        0x08009dd0        0x3 CMakeFiles/amperemeter.dir/Application/GUI/MYGUI/mygui.c.obj
 *(.rodata*)
 *fill*         0x08009dd3        0x1 
 .rodata.font_8x8
                0x08009dd4      0x800 CMakeFiles/amperemeter.dir/Application/GUI/uGUI/ugui.c.obj
                0x08009dd4                font_8x8
 .rodata.font_10x16
                0x0800a5d4     0x2000 CMakeFiles/amperemeter.dir/Application/GUI/uGUI/ugui.c.obj
                0x0800a5d4                font_10x16
 .rodata.font_16x26
                0x0800c5d4     0x3400 CMakeFiles/amperemeter.dir/Application/GUI/uGUI/ugui.c.obj
                0x0800c5d4                font_16x26
 .rodata.FONT_8X8
                0x0800f9d4       0x14 CMakeFiles/amperemeter.dir/Application/GUI/uGUI/ugui.c.obj
                0x0800f9d4                FONT_8X8
 .rodata.FONT_10X16
                0x0800f9e8       0x14 CMakeFiles/amperemeter.dir/Application/GUI/uGUI/ugui.c.obj
                0x0800f9e8                FONT_10X16
 .rodata.FONT_16X26
                0x0800f9fc       0x14 CMakeFiles/amperemeter.dir/Application/GUI/uGUI/ugui.c.obj
                0x0800f9fc                FONT_16X26
 .rodata.AHBPrescTable
                0x0800fa10       0x10 CMakeFiles/amperemeter.dir/Core/Src/system_stm32g4xx.c.obj
                0x0800fa10                AHBPrescTable
 .rodata._dtoa_r.str1.1
                0x0800fa20       0x98 c:/progra~2/armgnu~1/1213fb~1.2mp/bin/../lib/gcc/arm-none-eabi/12.2.0/thumb/v7e-m+fp/hard\libg_nano.a(libc_a-dtoa.o)
 .rodata._Balloc.str1.1
                0x0800fab8       0x62 c:/progra~2/armgnu~1/1213fb~1.2mp/bin/../lib/gcc/arm-none-eabi/12.2.0/thumb/v7e-m+fp/hard\libg_nano.a(libc_a-mprec.o)
                                 0x79 (size before relaxing)
 .rodata.__multadd.str1.1
                0x0800fb1a       0x11 c:/progra~2/armgnu~1/1213fb~1.2mp/bin/../lib/gcc/arm-none-eabi/12.2.0/thumb/v7e-m+fp/hard\libg_nano.a(libc_a-mprec.o)
 *fill*         0x0800fb1a        0x2 
 .rodata.p05.0  0x0800fb1c        0xc c:/progra~2/armgnu~1/1213fb~1.2mp/bin/../lib/gcc/arm-none-eabi/12.2.0/thumb/v7e-m+fp/hard\libg_nano.a(libc_a-mprec.o)
 .rodata.__mprec_bigtens
                0x0800fb28       0x28 c:/progra~2/armgnu~1/1213fb~1.2mp/bin/../lib/gcc/arm-none-eabi/12.2.0/thumb/v7e-m+fp/hard\libg_nano.a(libc_a-mprec.o)
                0x0800fb28                __mprec_bigtens
 .rodata.__mprec_tens
                0x0800fb50       0xc8 c:/progra~2/armgnu~1/1213fb~1.2mp/bin/../lib/gcc/arm-none-eabi/12.2.0/thumb/v7e-m+fp/hard\libg_nano.a(libc_a-mprec.o)
                0x0800fb50                __mprec_tens
 .rodata.__assert_func.str1.1
                0x0800fc18       0x3c c:/progra~2/armgnu~1/1213fb~1.2mp/bin/../lib/gcc/arm-none-eabi/12.2.0/thumb/v7e-m+fp/hard\libg_nano.a(libc_a-assert.o)
                                 0x3d (size before relaxing)
 .rodata._vfprintf_r.str1.1
                0x0800fc54       0x11 c:/progra~2/armgnu~1/1213fb~1.2mp/bin/../lib/gcc/arm-none-eabi/12.2.0/thumb/v7e-m+fp/hard\libg_nano.a(libc_a-nano-vfprintf.o)
 .rodata._printf_i.str1.1
                0x0800fc65       0x22 c:/progra~2/armgnu~1/1213fb~1.2mp/bin/../lib/gcc/arm-none-eabi/12.2.0/thumb/v7e-m+fp/hard\libg_nano.a(libc_a-nano-vfprintf_i.o)
                0x0800fc88                        . = ALIGN (0x4)
 *fill*         0x0800fc87        0x1 

.ARM.extab
 *(.ARM.extab* .gnu.linkonce.armextab.*)

.ARM            0x0800fc88        0x8
                0x0800fc88                        __exidx_start = .
 *(.ARM.exidx*)
 .ARM.exidx     0x0800fc88        0x8 c:/progra~2/armgnu~1/1213fb~1.2mp/bin/../lib/gcc/arm-none-eabi/12.2.0/thumb/v7e-m+fp/hard\libg_nano.a(libc_a-memchr.o)
                0x0800fc90                        __exidx_end = .

.rel.dyn        0x0800fc90        0x0
 .rel.iplt      0x0800fc90        0x0 c:/progra~2/armgnu~1/1213fb~1.2mp/bin/../lib/gcc/arm-none-eabi/12.2.0/thumb/v7e-m+fp/hard/crtbegin.o

.preinit_array  0x0800fc90        0x0
                0x0800fc90                        PROVIDE (__preinit_array_start = .)
 *(.preinit_array*)
                0x0800fc90                        PROVIDE (__preinit_array_end = .)

.init_array     0x0800fc90        0x4
                0x0800fc90                        PROVIDE (__init_array_start = .)
 *(SORT_BY_NAME(.init_array.*))
 *(.init_array*)
 .init_array    0x0800fc90        0x4 c:/progra~2/armgnu~1/1213fb~1.2mp/bin/../lib/gcc/arm-none-eabi/12.2.0/thumb/v7e-m+fp/hard/crtbegin.o
                0x0800fc94                        PROVIDE (__init_array_end = .)

.fini_array     0x0800fc94        0x4
                [!provide]                        PROVIDE (__fini_array_start = .)
 *(SORT_BY_NAME(.fini_array.*))
 *(.fini_array*)
 .fini_array    0x0800fc94        0x4 c:/progra~2/armgnu~1/1213fb~1.2mp/bin/../lib/gcc/arm-none-eabi/12.2.0/thumb/v7e-m+fp/hard/crtbegin.o
                [!provide]                        PROVIDE (__fini_array_end = .)
                0x0800fc98                        _sidata = LOADADDR (.data)

.data           0x20000000       0x68 load address 0x0800fc98
                0x20000000                        . = ALIGN (0x4)
                0x20000000                        _sdata = .
 *(.data)
 *(.data*)
 .data.__sglue  0x20000000        0xc c:/progra~2/armgnu~1/1213fb~1.2mp/bin/../lib/gcc/arm-none-eabi/12.2.0/thumb/v7e-m+fp/hard\libc_nano.a(libc_a-findfp.o)
                0x20000000                __sglue
 .data._impure_ptr
                0x2000000c        0x4 c:/progra~2/armgnu~1/1213fb~1.2mp/bin/../lib/gcc/arm-none-eabi/12.2.0/thumb/v7e-m+fp/hard\libc_nano.a(libc_a-impure.o)
                0x2000000c                _impure_ptr
 .data._impure_data
                0x20000010       0x4c c:/progra~2/armgnu~1/1213fb~1.2mp/bin/../lib/gcc/arm-none-eabi/12.2.0/thumb/v7e-m+fp/hard\libc_nano.a(libc_a-impure.o)
                0x20000010                _impure_data
 .data.uwTickPrio
                0x2000005c        0x4 CMakeFiles/amperemeter.dir/Drivers/STM32G4xx_HAL_Driver/Src/stm32g4xx_hal.c.obj
                0x2000005c                uwTickPrio
 .data.uwTickFreq
                0x20000060        0x4 CMakeFiles/amperemeter.dir/Drivers/STM32G4xx_HAL_Driver/Src/stm32g4xx_hal.c.obj
                0x20000060                uwTickFreq
 .data.SystemCoreClock
                0x20000064        0x4 CMakeFiles/amperemeter.dir/Core/Src/system_stm32g4xx.c.obj
                0x20000064                SystemCoreClock
                0x20000068                        . = ALIGN (0x4)
                0x20000068                        _edata = .

.tm_clone_table
                0x20000068        0x0 load address 0x0800fd00
 .tm_clone_table
                0x20000068        0x0 c:/progra~2/armgnu~1/1213fb~1.2mp/bin/../lib/gcc/arm-none-eabi/12.2.0/thumb/v7e-m+fp/hard/crtbegin.o
 .tm_clone_table
                0x20000068        0x0 c:/progra~2/armgnu~1/1213fb~1.2mp/bin/../lib/gcc/arm-none-eabi/12.2.0/thumb/v7e-m+fp/hard/crtend.o

.igot.plt       0x20000068        0x0 load address 0x0800fd00
 .igot.plt      0x20000068        0x0 c:/progra~2/armgnu~1/1213fb~1.2mp/bin/../lib/gcc/arm-none-eabi/12.2.0/thumb/v7e-m+fp/hard/crtbegin.o
                0x20000068                        . = ALIGN (0x4)

.bss            0x20000068     0x6970 load address 0x0800fd00
                0x20000068                        _sbss = .
                0x20000068                        __bss_start__ = _sbss
 *(.bss)
 *(.bss*)
 .bss.completed.1
                0x20000068        0x1 c:/progra~2/armgnu~1/1213fb~1.2mp/bin/../lib/gcc/arm-none-eabi/12.2.0/thumb/v7e-m+fp/hard/crtbegin.o
 *fill*         0x20000069        0x3 
 .bss.object.0  0x2000006c       0x18 c:/progra~2/armgnu~1/1213fb~1.2mp/bin/../lib/gcc/arm-none-eabi/12.2.0/thumb/v7e-m+fp/hard/crtbegin.o
 .bss.__sf      0x20000084      0x138 c:/progra~2/armgnu~1/1213fb~1.2mp/bin/../lib/gcc/arm-none-eabi/12.2.0/thumb/v7e-m+fp/hard\libc_nano.a(libc_a-findfp.o)
                0x20000084                __sf
 .bss.__stdio_exit_handler
                0x200001bc        0x4 c:/progra~2/armgnu~1/1213fb~1.2mp/bin/../lib/gcc/arm-none-eabi/12.2.0/thumb/v7e-m+fp/hard\libc_nano.a(libc_a-findfp.o)
                0x200001bc                __stdio_exit_handler
 .bss.errno     0x200001c0        0x4 c:/progra~2/armgnu~1/1213fb~1.2mp/bin/../lib/gcc/arm-none-eabi/12.2.0/thumb/v7e-m+fp/hard\libc_nano.a(libc_a-reent.o)
                0x200001c0                errno
 .bss.__lock___malloc_recursive_mutex
                0x200001c4        0x1 c:/progra~2/armgnu~1/1213fb~1.2mp/bin/../lib/gcc/arm-none-eabi/12.2.0/thumb/v7e-m+fp/hard\libc_nano.a(libc_a-lock.o)
                0x200001c4                __lock___malloc_recursive_mutex
 .bss.__lock___sfp_recursive_mutex
                0x200001c5        0x1 c:/progra~2/armgnu~1/1213fb~1.2mp/bin/../lib/gcc/arm-none-eabi/12.2.0/thumb/v7e-m+fp/hard\libc_nano.a(libc_a-lock.o)
                0x200001c5                __lock___sfp_recursive_mutex
 *fill*         0x200001c6        0x2 
 .bss.__malloc_sbrk_start
                0x200001c8        0x4 c:/progra~2/armgnu~1/1213fb~1.2mp/bin/../lib/gcc/arm-none-eabi/12.2.0/thumb/v7e-m+fp/hard\libc_nano.a(libc_a-mallocr.o)
                0x200001c8                __malloc_sbrk_start
 .bss.__malloc_free_list
                0x200001cc        0x4 c:/progra~2/armgnu~1/1213fb~1.2mp/bin/../lib/gcc/arm-none-eabi/12.2.0/thumb/v7e-m+fp/hard\libc_nano.a(libc_a-mallocr.o)
                0x200001cc                __malloc_free_list
 .bss.mygui     0x200001d0       0x64 CMakeFiles/amperemeter.dir/Application/GUI/MYGUI/mygui.c.obj
                0x200001d0                mygui
 .bss.measure   0x20000234       0x54 CMakeFiles/amperemeter.dir/Application/GUI/MYGUI/mygui.c.obj
                0x20000234                measure
 .bss.temp.0    0x20000288        0x1 CMakeFiles/amperemeter.dir/Application/GUI/MYGUI/mygui.c.obj
 *fill*         0x20000289        0x3 
 .bss.gui       0x2000028c        0x4 CMakeFiles/amperemeter.dir/Application/GUI/uGUI/ugui.c.obj
 .bss.gram      0x20000290     0x6400 CMakeFiles/amperemeter.dir/Application/LCD/st7735.c.obj
                0x20000290                gram
 .bss.buff.0    0x20006690      0x140 CMakeFiles/amperemeter.dir/Application/LCD/st7735.c.obj
 .bss.hi2c2     0x200067d0       0x54 CMakeFiles/amperemeter.dir/Core/Src/i2c.c.obj
                0x200067d0                hi2c2
 .bss.hspi1     0x20006824       0x64 CMakeFiles/amperemeter.dir/Core/Src/spi.c.obj
                0x20006824                hspi1
 .bss.hdma_spi1_tx
                0x20006888       0x60 CMakeFiles/amperemeter.dir/Core/Src/spi.c.obj
                0x20006888                hdma_spi1_tx
 .bss.htim4     0x200068e8       0x4c CMakeFiles/amperemeter.dir/Core/Src/tim.c.obj
                0x200068e8                htim4
 .bss.htim6     0x20006934       0x4c CMakeFiles/amperemeter.dir/Core/Src/tim.c.obj
                0x20006934                htim6
 .bss.htim8     0x20006980       0x4c CMakeFiles/amperemeter.dir/Core/Src/tim.c.obj
                0x20006980                htim8
 .bss.i.0       0x200069cc        0x1 CMakeFiles/amperemeter.dir/Core/Src/stm32g4xx_it.c.obj
 *fill*         0x200069cd        0x3 
 .bss.uwTick    0x200069d0        0x4 CMakeFiles/amperemeter.dir/Drivers/STM32G4xx_HAL_Driver/Src/stm32g4xx_hal.c.obj
                0x200069d0                uwTick
 .bss.__sbrk_heap_end
                0x200069d4        0x4 CMakeFiles/amperemeter.dir/Core/Src/sysmem.c.obj
 *(COMMON)
                0x200069d8                        . = ALIGN (0x4)
                0x200069d8                        _ebss = .
                0x200069d8                        __bss_end__ = _ebss

._user_heap_stack
                0x200069d8      0x600 load address 0x0800fd00
                0x200069d8                        . = ALIGN (0x8)
                [!provide]                        PROVIDE (end = .)
                0x200069d8                        PROVIDE (_end = .)
                0x20006bd8                        . = (. + _Min_Heap_Size)
 *fill*         0x200069d8      0x200 
                0x20006fd8                        . = (. + _Min_Stack_Size)
 *fill*         0x20006bd8      0x400 
                0x20006fd8                        . = ALIGN (0x8)

/DISCARD/
 libc.a(*)
 libm.a(*)
 libgcc.a(*)

.ARM.attributes
                0x00000000       0x30
 *(.ARM.attributes)
 .ARM.attributes
                0x00000000       0x22 c:/progra~2/armgnu~1/1213fb~1.2mp/bin/../lib/gcc/arm-none-eabi/12.2.0/thumb/v7e-m+fp/hard/crti.o
 .ARM.attributes
                0x00000022       0x34 c:/progra~2/armgnu~1/1213fb~1.2mp/bin/../lib/gcc/arm-none-eabi/12.2.0/thumb/v7e-m+fp/hard/crtbegin.o
 .ARM.attributes
                0x00000056       0x34 c:/progra~2/armgnu~1/1213fb~1.2mp/bin/../lib/gcc/arm-none-eabi/12.2.0/thumb/v7e-m+fp/hard\libc_nano.a(libc_a-findfp.o)
 .ARM.attributes
                0x0000008a       0x34 c:/progra~2/armgnu~1/1213fb~1.2mp/bin/../lib/gcc/arm-none-eabi/12.2.0/thumb/v7e-m+fp/hard\libc_nano.a(libc_a-fwalk.o)
 .ARM.attributes
                0x000000be       0x34 c:/progra~2/armgnu~1/1213fb~1.2mp/bin/../lib/gcc/arm-none-eabi/12.2.0/thumb/v7e-m+fp/hard\libc_nano.a(libc_a-stdio.o)
 .ARM.attributes
                0x000000f2       0x34 c:/progra~2/armgnu~1/1213fb~1.2mp/bin/../lib/gcc/arm-none-eabi/12.2.0/thumb/v7e-m+fp/hard\libc_nano.a(libc_a-memset.o)
 .ARM.attributes
                0x00000126       0x34 c:/progra~2/armgnu~1/1213fb~1.2mp/bin/../lib/gcc/arm-none-eabi/12.2.0/thumb/v7e-m+fp/hard\libc_nano.a(libc_a-closer.o)
 .ARM.attributes
                0x0000015a       0x34 c:/progra~2/armgnu~1/1213fb~1.2mp/bin/../lib/gcc/arm-none-eabi/12.2.0/thumb/v7e-m+fp/hard\libc_nano.a(libc_a-reent.o)
 .ARM.attributes
                0x0000018e       0x34 c:/progra~2/armgnu~1/1213fb~1.2mp/bin/../lib/gcc/arm-none-eabi/12.2.0/thumb/v7e-m+fp/hard\libc_nano.a(libc_a-impure.o)
 .ARM.attributes
                0x000001c2       0x34 c:/progra~2/armgnu~1/1213fb~1.2mp/bin/../lib/gcc/arm-none-eabi/12.2.0/thumb/v7e-m+fp/hard\libc_nano.a(libc_a-lseekr.o)
 .ARM.attributes
                0x000001f6       0x34 c:/progra~2/armgnu~1/1213fb~1.2mp/bin/../lib/gcc/arm-none-eabi/12.2.0/thumb/v7e-m+fp/hard\libc_nano.a(libc_a-readr.o)
 .ARM.attributes
                0x0000022a       0x34 c:/progra~2/armgnu~1/1213fb~1.2mp/bin/../lib/gcc/arm-none-eabi/12.2.0/thumb/v7e-m+fp/hard\libc_nano.a(libc_a-writer.o)
 .ARM.attributes
                0x0000025e       0x34 c:/progra~2/armgnu~1/1213fb~1.2mp/bin/../lib/gcc/arm-none-eabi/12.2.0/thumb/v7e-m+fp/hard\libc_nano.a(libc_a-init.o)
 .ARM.attributes
                0x00000292       0x34 c:/progra~2/armgnu~1/1213fb~1.2mp/bin/../lib/gcc/arm-none-eabi/12.2.0/thumb/v7e-m+fp/hard\libc_nano.a(libc_a-lock.o)
 .ARM.attributes
                0x000002c6       0x34 c:/progra~2/armgnu~1/1213fb~1.2mp/bin/../lib/gcc/arm-none-eabi/12.2.0/thumb/v7e-m+fp/hard\libc_nano.a(libc_a-freer.o)
 .ARM.attributes
                0x000002fa       0x34 c:/progra~2/armgnu~1/1213fb~1.2mp/bin/../lib/gcc/arm-none-eabi/12.2.0/thumb/v7e-m+fp/hard\libc_nano.a(libc_a-mallocr.o)
 .ARM.attributes
                0x0000032e       0x34 c:/progra~2/armgnu~1/1213fb~1.2mp/bin/../lib/gcc/arm-none-eabi/12.2.0/thumb/v7e-m+fp/hard\libc_nano.a(libc_a-mlock.o)
 .ARM.attributes
                0x00000362       0x34 c:/progra~2/armgnu~1/1213fb~1.2mp/bin/../lib/gcc/arm-none-eabi/12.2.0/thumb/v7e-m+fp/hard\libc_nano.a(libc_a-fflush.o)
 .ARM.attributes
                0x00000396       0x34 c:/progra~2/armgnu~1/1213fb~1.2mp/bin/../lib/gcc/arm-none-eabi/12.2.0/thumb/v7e-m+fp/hard\libc_nano.a(libc_a-sbrkr.o)
 .ARM.attributes
                0x000003ca       0x34 CMakeFiles/amperemeter.dir/Application/GUI/MYGUI/mygui.c.obj
 .ARM.attributes
                0x000003fe       0x34 CMakeFiles/amperemeter.dir/Application/GUI/uGUI/ugui.c.obj
 .ARM.attributes
                0x00000432       0x34 CMakeFiles/amperemeter.dir/Application/INA226/ina226.c.obj
 .ARM.attributes
                0x00000466       0x34 CMakeFiles/amperemeter.dir/Application/LCD/st7735.c.obj
 .ARM.attributes
                0x0000049a       0x34 CMakeFiles/amperemeter.dir/Core/Src/main.c.obj
 .ARM.attributes
                0x000004ce       0x34 CMakeFiles/amperemeter.dir/Core/Src/gpio.c.obj
 .ARM.attributes
                0x00000502       0x34 CMakeFiles/amperemeter.dir/Core/Src/dma.c.obj
 .ARM.attributes
                0x00000536       0x34 CMakeFiles/amperemeter.dir/Core/Src/i2c.c.obj
 .ARM.attributes
                0x0000056a       0x34 CMakeFiles/amperemeter.dir/Core/Src/spi.c.obj
 .ARM.attributes
                0x0000059e       0x34 CMakeFiles/amperemeter.dir/Core/Src/tim.c.obj
 .ARM.attributes
                0x000005d2       0x34 CMakeFiles/amperemeter.dir/Core/Src/stm32g4xx_it.c.obj
 .ARM.attributes
                0x00000606       0x34 CMakeFiles/amperemeter.dir/Core/Src/stm32g4xx_hal_msp.c.obj
 .ARM.attributes
                0x0000063a       0x34 CMakeFiles/amperemeter.dir/Drivers/STM32G4xx_HAL_Driver/Src/stm32g4xx_hal_i2c.c.obj
 .ARM.attributes
                0x0000066e       0x34 CMakeFiles/amperemeter.dir/Drivers/STM32G4xx_HAL_Driver/Src/stm32g4xx_hal_i2c_ex.c.obj
 .ARM.attributes
                0x000006a2       0x34 CMakeFiles/amperemeter.dir/Drivers/STM32G4xx_HAL_Driver/Src/stm32g4xx_hal.c.obj
 .ARM.attributes
                0x000006d6       0x34 CMakeFiles/amperemeter.dir/Drivers/STM32G4xx_HAL_Driver/Src/stm32g4xx_hal_rcc.c.obj
 .ARM.attributes
                0x0000070a       0x34 CMakeFiles/amperemeter.dir/Drivers/STM32G4xx_HAL_Driver/Src/stm32g4xx_hal_rcc_ex.c.obj
 .ARM.attributes
                0x0000073e       0x34 CMakeFiles/amperemeter.dir/Drivers/STM32G4xx_HAL_Driver/Src/stm32g4xx_hal_gpio.c.obj
 .ARM.attributes
                0x00000772       0x34 CMakeFiles/amperemeter.dir/Drivers/STM32G4xx_HAL_Driver/Src/stm32g4xx_hal_dma.c.obj
 .ARM.attributes
                0x000007a6       0x34 CMakeFiles/amperemeter.dir/Drivers/STM32G4xx_HAL_Driver/Src/stm32g4xx_hal_pwr_ex.c.obj
 .ARM.attributes
                0x000007da       0x34 CMakeFiles/amperemeter.dir/Drivers/STM32G4xx_HAL_Driver/Src/stm32g4xx_hal_cortex.c.obj
 .ARM.attributes
                0x0000080e       0x34 CMakeFiles/amperemeter.dir/Drivers/STM32G4xx_HAL_Driver/Src/stm32g4xx_hal_spi.c.obj
 .ARM.attributes
                0x00000842       0x34 CMakeFiles/amperemeter.dir/Drivers/STM32G4xx_HAL_Driver/Src/stm32g4xx_hal_tim.c.obj
 .ARM.attributes
                0x00000876       0x34 CMakeFiles/amperemeter.dir/Drivers/STM32G4xx_HAL_Driver/Src/stm32g4xx_hal_tim_ex.c.obj
 .ARM.attributes
                0x000008aa       0x34 CMakeFiles/amperemeter.dir/Core/Src/system_stm32g4xx.c.obj
 .ARM.attributes
                0x000008de       0x34 CMakeFiles/amperemeter.dir/Core/Src/sysmem.c.obj
 .ARM.attributes
                0x00000912       0x34 CMakeFiles/amperemeter.dir/Core/Src/syscalls.c.obj
 .ARM.attributes
                0x00000946       0x21 CMakeFiles/amperemeter.dir/startup_stm32g431xx.s.obj
 .ARM.attributes
                0x00000967       0x22 c:/progra~2/armgnu~1/1213fb~1.2mp/bin/../lib/gcc/arm-none-eabi/12.2.0/thumb/v7e-m+fp/hard\libgcc.a(_arm_addsubdf3.o)
 .ARM.attributes
                0x00000989       0x34 c:/progra~2/armgnu~1/1213fb~1.2mp/bin/../lib/gcc/arm-none-eabi/12.2.0/thumb/v7e-m+fp/hard\libg_nano.a(libc_a-efgcvt.o)
 .ARM.attributes
                0x000009bd       0x34 c:/progra~2/armgnu~1/1213fb~1.2mp/bin/../lib/gcc/arm-none-eabi/12.2.0/thumb/v7e-m+fp/hard\libg_nano.a(libc_a-errno.o)
 .ARM.attributes
                0x000009f1       0x34 c:/progra~2/armgnu~1/1213fb~1.2mp/bin/../lib/gcc/arm-none-eabi/12.2.0/thumb/v7e-m+fp/hard\libg_nano.a(libc_a-ecvtbuf.o)
 .ARM.attributes
                0x00000a25       0x34 c:/progra~2/armgnu~1/1213fb~1.2mp/bin/../lib/gcc/arm-none-eabi/12.2.0/thumb/v7e-m+fp/hard\libg_nano.a(libc_a-strcpy.o)
 .ARM.attributes
                0x00000a59       0x34 c:/progra~2/armgnu~1/1213fb~1.2mp/bin/../lib/gcc/arm-none-eabi/12.2.0/thumb/v7e-m+fp/hard\libg_nano.a(libc_a-dtoa.o)
 .ARM.attributes
                0x00000a8d       0x34 c:/progra~2/armgnu~1/1213fb~1.2mp/bin/../lib/gcc/arm-none-eabi/12.2.0/thumb/v7e-m+fp/hard\libg_nano.a(libc_a-malloc.o)
 .ARM.attributes
                0x00000ac1       0x34 c:/progra~2/armgnu~1/1213fb~1.2mp/bin/../lib/gcc/arm-none-eabi/12.2.0/thumb/v7e-m+fp/hard\libg_nano.a(libc_a-mprec.o)
 .ARM.attributes
                0x00000af5       0x34 c:/progra~2/armgnu~1/1213fb~1.2mp/bin/../lib/gcc/arm-none-eabi/12.2.0/thumb/v7e-m+fp/hard\libg_nano.a(libc_a-memcpy-stub.o)
 .ARM.attributes
                0x00000b29       0x34 c:/progra~2/armgnu~1/1213fb~1.2mp/bin/../lib/gcc/arm-none-eabi/12.2.0/thumb/v7e-m+fp/hard\libg_nano.a(libc_a-assert.o)
 .ARM.attributes
                0x00000b5d       0x34 c:/progra~2/armgnu~1/1213fb~1.2mp/bin/../lib/gcc/arm-none-eabi/12.2.0/thumb/v7e-m+fp/hard\libg_nano.a(libc_a-callocr.o)
 .ARM.attributes
                0x00000b91       0x34 c:/progra~2/armgnu~1/1213fb~1.2mp/bin/../lib/gcc/arm-none-eabi/12.2.0/thumb/v7e-m+fp/hard\libg_nano.a(libc_a-fprintf.o)
 .ARM.attributes
                0x00000bc5       0x34 c:/progra~2/armgnu~1/1213fb~1.2mp/bin/../lib/gcc/arm-none-eabi/12.2.0/thumb/v7e-m+fp/hard\libg_nano.a(libc_a-abort.o)
 .ARM.attributes
                0x00000bf9       0x34 c:/progra~2/armgnu~1/1213fb~1.2mp/bin/../lib/gcc/arm-none-eabi/12.2.0/thumb/v7e-m+fp/hard\libg_nano.a(libc_a-nano-vfprintf.o)
 .ARM.attributes
                0x00000c2d       0x34 c:/progra~2/armgnu~1/1213fb~1.2mp/bin/../lib/gcc/arm-none-eabi/12.2.0/thumb/v7e-m+fp/hard\libg_nano.a(libc_a-nano-vfprintf_i.o)
 .ARM.attributes
                0x00000c61       0x34 c:/progra~2/armgnu~1/1213fb~1.2mp/bin/../lib/gcc/arm-none-eabi/12.2.0/thumb/v7e-m+fp/hard\libg_nano.a(libc_a-wbuf.o)
 .ARM.attributes
                0x00000c95       0x34 c:/progra~2/armgnu~1/1213fb~1.2mp/bin/../lib/gcc/arm-none-eabi/12.2.0/thumb/v7e-m+fp/hard\libg_nano.a(libc_a-wsetup.o)
 .ARM.attributes
                0x00000cc9       0x34 c:/progra~2/armgnu~1/1213fb~1.2mp/bin/../lib/gcc/arm-none-eabi/12.2.0/thumb/v7e-m+fp/hard\libg_nano.a(libc_a-signal.o)
 .ARM.attributes
                0x00000cfd       0x34 c:/progra~2/armgnu~1/1213fb~1.2mp/bin/../lib/gcc/arm-none-eabi/12.2.0/thumb/v7e-m+fp/hard\libg_nano.a(libc_a-signalr.o)
 .ARM.attributes
                0x00000d31       0x1c c:/progra~2/armgnu~1/1213fb~1.2mp/bin/../lib/gcc/arm-none-eabi/12.2.0/thumb/v7e-m+fp/hard\libg_nano.a(libc_a-memchr.o)
 .ARM.attributes
                0x00000d4d       0x34 c:/progra~2/armgnu~1/1213fb~1.2mp/bin/../lib/gcc/arm-none-eabi/12.2.0/thumb/v7e-m+fp/hard\libg_nano.a(libc_a-makebuf.o)
 .ARM.attributes
                0x00000d81       0x34 c:/progra~2/armgnu~1/1213fb~1.2mp/bin/../lib/gcc/arm-none-eabi/12.2.0/thumb/v7e-m+fp/hard\libg_nano.a(libc_a-fstatr.o)
 .ARM.attributes
                0x00000db5       0x34 c:/progra~2/armgnu~1/1213fb~1.2mp/bin/../lib/gcc/arm-none-eabi/12.2.0/thumb/v7e-m+fp/hard\libg_nano.a(libc_a-isattyr.o)
 .ARM.attributes
                0x00000de9       0x22 c:/progra~2/armgnu~1/1213fb~1.2mp/bin/../lib/gcc/arm-none-eabi/12.2.0/thumb/v7e-m+fp/hard\libgcc.a(_arm_muldivdf3.o)
 .ARM.attributes
                0x00000e0b       0x22 c:/progra~2/armgnu~1/1213fb~1.2mp/bin/../lib/gcc/arm-none-eabi/12.2.0/thumb/v7e-m+fp/hard\libgcc.a(_arm_cmpdf2.o)
 .ARM.attributes
                0x00000e2d       0x22 c:/progra~2/armgnu~1/1213fb~1.2mp/bin/../lib/gcc/arm-none-eabi/12.2.0/thumb/v7e-m+fp/hard\libgcc.a(_arm_fixdfsi.o)
 .ARM.attributes
                0x00000e4f       0x34 c:/progra~2/armgnu~1/1213fb~1.2mp/bin/../lib/gcc/arm-none-eabi/12.2.0/thumb/v7e-m+fp/hard/crtend.o
 .ARM.attributes
                0x00000e83       0x22 c:/progra~2/armgnu~1/1213fb~1.2mp/bin/../lib/gcc/arm-none-eabi/12.2.0/thumb/v7e-m+fp/hard/crtn.o
OUTPUT(amperemeter.elf elf32-littlearm)
LOAD linker stubs
LOAD c:/progra~2/armgnu~1/1213fb~1.2mp/bin/../lib/gcc/arm-none-eabi/12.2.0/thumb/v7e-m+fp/hard\libc.a
LOAD c:/progra~2/armgnu~1/1213fb~1.2mp/bin/../lib/gcc/arm-none-eabi/12.2.0/thumb/v7e-m+fp/hard\libm.a
LOAD c:/progra~2/armgnu~1/1213fb~1.2mp/bin/../lib/gcc/arm-none-eabi/12.2.0/thumb/v7e-m+fp/hard\libgcc.a

.comment        0x00000000       0x4c
 .comment       0x00000000       0x4c c:/progra~2/armgnu~1/1213fb~1.2mp/bin/../lib/gcc/arm-none-eabi/12.2.0/thumb/v7e-m+fp/hard/crtbegin.o
                                 0x4d (size before relaxing)
 .comment       0x0000004c       0x4d c:/progra~2/armgnu~1/1213fb~1.2mp/bin/../lib/gcc/arm-none-eabi/12.2.0/thumb/v7e-m+fp/hard\libc_nano.a(libc_a-findfp.o)
 .comment       0x0000004c       0x4d c:/progra~2/armgnu~1/1213fb~1.2mp/bin/../lib/gcc/arm-none-eabi/12.2.0/thumb/v7e-m+fp/hard\libc_nano.a(libc_a-fwalk.o)
 .comment       0x0000004c       0x4d c:/progra~2/armgnu~1/1213fb~1.2mp/bin/../lib/gcc/arm-none-eabi/12.2.0/thumb/v7e-m+fp/hard\libc_nano.a(libc_a-stdio.o)
 .comment       0x0000004c       0x4d c:/progra~2/armgnu~1/1213fb~1.2mp/bin/../lib/gcc/arm-none-eabi/12.2.0/thumb/v7e-m+fp/hard\libc_nano.a(libc_a-memset.o)
 .comment       0x0000004c       0x4d c:/progra~2/armgnu~1/1213fb~1.2mp/bin/../lib/gcc/arm-none-eabi/12.2.0/thumb/v7e-m+fp/hard\libc_nano.a(libc_a-closer.o)
 .comment       0x0000004c       0x4d c:/progra~2/armgnu~1/1213fb~1.2mp/bin/../lib/gcc/arm-none-eabi/12.2.0/thumb/v7e-m+fp/hard\libc_nano.a(libc_a-reent.o)
 .comment       0x0000004c       0x4d c:/progra~2/armgnu~1/1213fb~1.2mp/bin/../lib/gcc/arm-none-eabi/12.2.0/thumb/v7e-m+fp/hard\libc_nano.a(libc_a-impure.o)
 .comment       0x0000004c       0x4d c:/progra~2/armgnu~1/1213fb~1.2mp/bin/../lib/gcc/arm-none-eabi/12.2.0/thumb/v7e-m+fp/hard\libc_nano.a(libc_a-lseekr.o)
 .comment       0x0000004c       0x4d c:/progra~2/armgnu~1/1213fb~1.2mp/bin/../lib/gcc/arm-none-eabi/12.2.0/thumb/v7e-m+fp/hard\libc_nano.a(libc_a-readr.o)
 .comment       0x0000004c       0x4d c:/progra~2/armgnu~1/1213fb~1.2mp/bin/../lib/gcc/arm-none-eabi/12.2.0/thumb/v7e-m+fp/hard\libc_nano.a(libc_a-writer.o)
 .comment       0x0000004c       0x4d c:/progra~2/armgnu~1/1213fb~1.2mp/bin/../lib/gcc/arm-none-eabi/12.2.0/thumb/v7e-m+fp/hard\libc_nano.a(libc_a-init.o)
 .comment       0x0000004c       0x4d c:/progra~2/armgnu~1/1213fb~1.2mp/bin/../lib/gcc/arm-none-eabi/12.2.0/thumb/v7e-m+fp/hard\libc_nano.a(libc_a-lock.o)
 .comment       0x0000004c       0x4d c:/progra~2/armgnu~1/1213fb~1.2mp/bin/../lib/gcc/arm-none-eabi/12.2.0/thumb/v7e-m+fp/hard\libc_nano.a(libc_a-freer.o)
 .comment       0x0000004c       0x4d c:/progra~2/armgnu~1/1213fb~1.2mp/bin/../lib/gcc/arm-none-eabi/12.2.0/thumb/v7e-m+fp/hard\libc_nano.a(libc_a-mallocr.o)
 .comment       0x0000004c       0x4d c:/progra~2/armgnu~1/1213fb~1.2mp/bin/../lib/gcc/arm-none-eabi/12.2.0/thumb/v7e-m+fp/hard\libc_nano.a(libc_a-mlock.o)
 .comment       0x0000004c       0x4d c:/progra~2/armgnu~1/1213fb~1.2mp/bin/../lib/gcc/arm-none-eabi/12.2.0/thumb/v7e-m+fp/hard\libc_nano.a(libc_a-fflush.o)
 .comment       0x0000004c       0x4d c:/progra~2/armgnu~1/1213fb~1.2mp/bin/../lib/gcc/arm-none-eabi/12.2.0/thumb/v7e-m+fp/hard\libc_nano.a(libc_a-sbrkr.o)
 .comment       0x0000004c       0x4d CMakeFiles/amperemeter.dir/Application/GUI/MYGUI/mygui.c.obj
 .comment       0x0000004c       0x4d CMakeFiles/amperemeter.dir/Application/GUI/uGUI/ugui.c.obj
 .comment       0x0000004c       0x4d CMakeFiles/amperemeter.dir/Application/INA226/ina226.c.obj
 .comment       0x0000004c       0x4d CMakeFiles/amperemeter.dir/Application/LCD/st7735.c.obj
 .comment       0x0000004c       0x4d CMakeFiles/amperemeter.dir/Core/Src/main.c.obj
 .comment       0x0000004c       0x4d CMakeFiles/amperemeter.dir/Core/Src/gpio.c.obj
 .comment       0x0000004c       0x4d CMakeFiles/amperemeter.dir/Core/Src/dma.c.obj
 .comment       0x0000004c       0x4d CMakeFiles/amperemeter.dir/Core/Src/i2c.c.obj
 .comment       0x0000004c       0x4d CMakeFiles/amperemeter.dir/Core/Src/spi.c.obj
 .comment       0x0000004c       0x4d CMakeFiles/amperemeter.dir/Core/Src/tim.c.obj
 .comment       0x0000004c       0x4d CMakeFiles/amperemeter.dir/Core/Src/stm32g4xx_it.c.obj
 .comment       0x0000004c       0x4d CMakeFiles/amperemeter.dir/Core/Src/stm32g4xx_hal_msp.c.obj
 .comment       0x0000004c       0x4d CMakeFiles/amperemeter.dir/Drivers/STM32G4xx_HAL_Driver/Src/stm32g4xx_hal_i2c.c.obj
 .comment       0x0000004c       0x4d CMakeFiles/amperemeter.dir/Drivers/STM32G4xx_HAL_Driver/Src/stm32g4xx_hal_i2c_ex.c.obj
 .comment       0x0000004c       0x4d CMakeFiles/amperemeter.dir/Drivers/STM32G4xx_HAL_Driver/Src/stm32g4xx_hal.c.obj
 .comment       0x0000004c       0x4d CMakeFiles/amperemeter.dir/Drivers/STM32G4xx_HAL_Driver/Src/stm32g4xx_hal_rcc.c.obj
 .comment       0x0000004c       0x4d CMakeFiles/amperemeter.dir/Drivers/STM32G4xx_HAL_Driver/Src/stm32g4xx_hal_rcc_ex.c.obj
 .comment       0x0000004c       0x4d CMakeFiles/amperemeter.dir/Drivers/STM32G4xx_HAL_Driver/Src/stm32g4xx_hal_gpio.c.obj
 .comment       0x0000004c       0x4d CMakeFiles/amperemeter.dir/Drivers/STM32G4xx_HAL_Driver/Src/stm32g4xx_hal_dma.c.obj
 .comment       0x0000004c       0x4d CMakeFiles/amperemeter.dir/Drivers/STM32G4xx_HAL_Driver/Src/stm32g4xx_hal_pwr_ex.c.obj
 .comment       0x0000004c       0x4d CMakeFiles/amperemeter.dir/Drivers/STM32G4xx_HAL_Driver/Src/stm32g4xx_hal_cortex.c.obj
 .comment       0x0000004c       0x4d CMakeFiles/amperemeter.dir/Drivers/STM32G4xx_HAL_Driver/Src/stm32g4xx_hal_spi.c.obj
 .comment       0x0000004c       0x4d CMakeFiles/amperemeter.dir/Drivers/STM32G4xx_HAL_Driver/Src/stm32g4xx_hal_tim.c.obj
 .comment       0x0000004c       0x4d CMakeFiles/amperemeter.dir/Drivers/STM32G4xx_HAL_Driver/Src/stm32g4xx_hal_tim_ex.c.obj
 .comment       0x0000004c       0x4d CMakeFiles/amperemeter.dir/Core/Src/system_stm32g4xx.c.obj
 .comment       0x0000004c       0x4d CMakeFiles/amperemeter.dir/Core/Src/sysmem.c.obj
 .comment       0x0000004c       0x4d CMakeFiles/amperemeter.dir/Core/Src/syscalls.c.obj
 .comment       0x0000004c       0x4d c:/progra~2/armgnu~1/1213fb~1.2mp/bin/../lib/gcc/arm-none-eabi/12.2.0/thumb/v7e-m+fp/hard\libg_nano.a(libc_a-efgcvt.o)
 .comment       0x0000004c       0x4d c:/progra~2/armgnu~1/1213fb~1.2mp/bin/../lib/gcc/arm-none-eabi/12.2.0/thumb/v7e-m+fp/hard\libg_nano.a(libc_a-errno.o)
 .comment       0x0000004c       0x4d c:/progra~2/armgnu~1/1213fb~1.2mp/bin/../lib/gcc/arm-none-eabi/12.2.0/thumb/v7e-m+fp/hard\libg_nano.a(libc_a-ecvtbuf.o)
 .comment       0x0000004c       0x4d c:/progra~2/armgnu~1/1213fb~1.2mp/bin/../lib/gcc/arm-none-eabi/12.2.0/thumb/v7e-m+fp/hard\libg_nano.a(libc_a-strcpy.o)
 .comment       0x0000004c       0x4d c:/progra~2/armgnu~1/1213fb~1.2mp/bin/../lib/gcc/arm-none-eabi/12.2.0/thumb/v7e-m+fp/hard\libg_nano.a(libc_a-dtoa.o)
 .comment       0x0000004c       0x4d c:/progra~2/armgnu~1/1213fb~1.2mp/bin/../lib/gcc/arm-none-eabi/12.2.0/thumb/v7e-m+fp/hard\libg_nano.a(libc_a-malloc.o)
 .comment       0x0000004c       0x4d c:/progra~2/armgnu~1/1213fb~1.2mp/bin/../lib/gcc/arm-none-eabi/12.2.0/thumb/v7e-m+fp/hard\libg_nano.a(libc_a-mprec.o)
 .comment       0x0000004c       0x4d c:/progra~2/armgnu~1/1213fb~1.2mp/bin/../lib/gcc/arm-none-eabi/12.2.0/thumb/v7e-m+fp/hard\libg_nano.a(libc_a-memcpy-stub.o)
 .comment       0x0000004c       0x4d c:/progra~2/armgnu~1/1213fb~1.2mp/bin/../lib/gcc/arm-none-eabi/12.2.0/thumb/v7e-m+fp/hard\libg_nano.a(libc_a-assert.o)
 .comment       0x0000004c       0x4d c:/progra~2/armgnu~1/1213fb~1.2mp/bin/../lib/gcc/arm-none-eabi/12.2.0/thumb/v7e-m+fp/hard\libg_nano.a(libc_a-callocr.o)
 .comment       0x0000004c       0x4d c:/progra~2/armgnu~1/1213fb~1.2mp/bin/../lib/gcc/arm-none-eabi/12.2.0/thumb/v7e-m+fp/hard\libg_nano.a(libc_a-fprintf.o)
 .comment       0x0000004c       0x4d c:/progra~2/armgnu~1/1213fb~1.2mp/bin/../lib/gcc/arm-none-eabi/12.2.0/thumb/v7e-m+fp/hard\libg_nano.a(libc_a-abort.o)
 .comment       0x0000004c       0x4d c:/progra~2/armgnu~1/1213fb~1.2mp/bin/../lib/gcc/arm-none-eabi/12.2.0/thumb/v7e-m+fp/hard\libg_nano.a(libc_a-nano-vfprintf.o)
 .comment       0x0000004c       0x4d c:/progra~2/armgnu~1/1213fb~1.2mp/bin/../lib/gcc/arm-none-eabi/12.2.0/thumb/v7e-m+fp/hard\libg_nano.a(libc_a-nano-vfprintf_i.o)
 .comment       0x0000004c       0x4d c:/progra~2/armgnu~1/1213fb~1.2mp/bin/../lib/gcc/arm-none-eabi/12.2.0/thumb/v7e-m+fp/hard\libg_nano.a(libc_a-wbuf.o)
 .comment       0x0000004c       0x4d c:/progra~2/armgnu~1/1213fb~1.2mp/bin/../lib/gcc/arm-none-eabi/12.2.0/thumb/v7e-m+fp/hard\libg_nano.a(libc_a-wsetup.o)
 .comment       0x0000004c       0x4d c:/progra~2/armgnu~1/1213fb~1.2mp/bin/../lib/gcc/arm-none-eabi/12.2.0/thumb/v7e-m+fp/hard\libg_nano.a(libc_a-signal.o)
 .comment       0x0000004c       0x4d c:/progra~2/armgnu~1/1213fb~1.2mp/bin/../lib/gcc/arm-none-eabi/12.2.0/thumb/v7e-m+fp/hard\libg_nano.a(libc_a-signalr.o)
 .comment       0x0000004c       0x4d c:/progra~2/armgnu~1/1213fb~1.2mp/bin/../lib/gcc/arm-none-eabi/12.2.0/thumb/v7e-m+fp/hard\libg_nano.a(libc_a-makebuf.o)
 .comment       0x0000004c       0x4d c:/progra~2/armgnu~1/1213fb~1.2mp/bin/../lib/gcc/arm-none-eabi/12.2.0/thumb/v7e-m+fp/hard\libg_nano.a(libc_a-fstatr.o)
 .comment       0x0000004c       0x4d c:/progra~2/armgnu~1/1213fb~1.2mp/bin/../lib/gcc/arm-none-eabi/12.2.0/thumb/v7e-m+fp/hard\libg_nano.a(libc_a-isattyr.o)
 .comment       0x0000004c       0x4d c:/progra~2/armgnu~1/1213fb~1.2mp/bin/../lib/gcc/arm-none-eabi/12.2.0/thumb/v7e-m+fp/hard/crtend.o

.debug_info     0x00000000    0x2f3b4
 .debug_info    0x00000000      0xf8f c:/progra~2/armgnu~1/1213fb~1.2mp/bin/../lib/gcc/arm-none-eabi/12.2.0/thumb/v7e-m+fp/hard\libc_nano.a(libc_a-findfp.o)
 .debug_info    0x00000f8f      0x7d1 c:/progra~2/armgnu~1/1213fb~1.2mp/bin/../lib/gcc/arm-none-eabi/12.2.0/thumb/v7e-m+fp/hard\libc_nano.a(libc_a-fwalk.o)
 .debug_info    0x00001760      0xa53 c:/progra~2/armgnu~1/1213fb~1.2mp/bin/../lib/gcc/arm-none-eabi/12.2.0/thumb/v7e-m+fp/hard\libc_nano.a(libc_a-stdio.o)
 .debug_info    0x000021b3       0xe0 c:/progra~2/armgnu~1/1213fb~1.2mp/bin/../lib/gcc/arm-none-eabi/12.2.0/thumb/v7e-m+fp/hard\libc_nano.a(libc_a-memset.o)
 .debug_info    0x00002293      0x755 c:/progra~2/armgnu~1/1213fb~1.2mp/bin/../lib/gcc/arm-none-eabi/12.2.0/thumb/v7e-m+fp/hard\libc_nano.a(libc_a-closer.o)
 .debug_info    0x000029e8      0x854 c:/progra~2/armgnu~1/1213fb~1.2mp/bin/../lib/gcc/arm-none-eabi/12.2.0/thumb/v7e-m+fp/hard\libc_nano.a(libc_a-reent.o)
 .debug_info    0x0000323c      0x714 c:/progra~2/armgnu~1/1213fb~1.2mp/bin/../lib/gcc/arm-none-eabi/12.2.0/thumb/v7e-m+fp/hard\libc_nano.a(libc_a-impure.o)
 .debug_info    0x00003950      0x795 c:/progra~2/armgnu~1/1213fb~1.2mp/bin/../lib/gcc/arm-none-eabi/12.2.0/thumb/v7e-m+fp/hard\libc_nano.a(libc_a-lseekr.o)
 .debug_info    0x000040e5      0x7ac c:/progra~2/armgnu~1/1213fb~1.2mp/bin/../lib/gcc/arm-none-eabi/12.2.0/thumb/v7e-m+fp/hard\libc_nano.a(libc_a-readr.o)
 .debug_info    0x00004891      0x7b2 c:/progra~2/armgnu~1/1213fb~1.2mp/bin/../lib/gcc/arm-none-eabi/12.2.0/thumb/v7e-m+fp/hard\libc_nano.a(libc_a-writer.o)
 .debug_info    0x00005043      0x10b c:/progra~2/armgnu~1/1213fb~1.2mp/bin/../lib/gcc/arm-none-eabi/12.2.0/thumb/v7e-m+fp/hard\libc_nano.a(libc_a-init.o)
 .debug_info    0x0000514e      0x20a c:/progra~2/armgnu~1/1213fb~1.2mp/bin/../lib/gcc/arm-none-eabi/12.2.0/thumb/v7e-m+fp/hard\libc_nano.a(libc_a-lock.o)